Archive member included to satisfy reference by file (symbol)

c:/st/stm32cubeide_1.4.0/stm32cubeide/plugins/com.st.stm32cube.ide.mcu.externaltools.gnu-tools-for-stm32.9-2020-q2-update.win32_1.5.0.202011040924/tools/bin/../lib/gcc/arm-none-eabi/9.3.1/../../../../arm-none-eabi/lib/thumb/v6-m/nofp\libc_nano.a(lib_a-errno.o)
                              Core/Src/syscalls.o (__errno)
c:/st/stm32cubeide_1.4.0/stm32cubeide/plugins/com.st.stm32cube.ide.mcu.externaltools.gnu-tools-for-stm32.9-2020-q2-update.win32_1.5.0.202011040924/tools/bin/../lib/gcc/arm-none-eabi/9.3.1/../../../../arm-none-eabi/lib/thumb/v6-m/nofp\libc_nano.a(lib_a-exit.o)
                              c:/st/stm32cubeide_1.4.0/stm32cubeide/plugins/com.st.stm32cube.ide.mcu.externaltools.gnu-tools-for-stm32.9-2020-q2-update.win32_1.5.0.202011040924/tools/bin/../lib/gcc/arm-none-eabi/9.3.1/../../../../arm-none-eabi/lib/thumb/v6-m/nofp/crt0.o (exit)
c:/st/stm32cubeide_1.4.0/stm32cubeide/plugins/com.st.stm32cube.ide.mcu.externaltools.gnu-tools-for-stm32.9-2020-q2-update.win32_1.5.0.202011040924/tools/bin/../lib/gcc/arm-none-eabi/9.3.1/../../../../arm-none-eabi/lib/thumb/v6-m/nofp\libc_nano.a(lib_a-impure.o)
                              c:/st/stm32cubeide_1.4.0/stm32cubeide/plugins/com.st.stm32cube.ide.mcu.externaltools.gnu-tools-for-stm32.9-2020-q2-update.win32_1.5.0.202011040924/tools/bin/../lib/gcc/arm-none-eabi/9.3.1/../../../../arm-none-eabi/lib/thumb/v6-m/nofp\libc_nano.a(lib_a-exit.o) (_global_impure_ptr)
c:/st/stm32cubeide_1.4.0/stm32cubeide/plugins/com.st.stm32cube.ide.mcu.externaltools.gnu-tools-for-stm32.9-2020-q2-update.win32_1.5.0.202011040924/tools/bin/../lib/gcc/arm-none-eabi/9.3.1/../../../../arm-none-eabi/lib/thumb/v6-m/nofp\libc_nano.a(lib_a-init.o)
                              c:/st/stm32cubeide_1.4.0/stm32cubeide/plugins/com.st.stm32cube.ide.mcu.externaltools.gnu-tools-for-stm32.9-2020-q2-update.win32_1.5.0.202011040924/tools/bin/../lib/gcc/arm-none-eabi/9.3.1/../../../../arm-none-eabi/lib/thumb/v6-m/nofp/crt0.o (__libc_init_array)
c:/st/stm32cubeide_1.4.0/stm32cubeide/plugins/com.st.stm32cube.ide.mcu.externaltools.gnu-tools-for-stm32.9-2020-q2-update.win32_1.5.0.202011040924/tools/bin/../lib/gcc/arm-none-eabi/9.3.1/../../../../arm-none-eabi/lib/thumb/v6-m/nofp\libc_nano.a(lib_a-memcpy-stub.o)
                              Drivers/BSP/Components/vl53l1x/core/vl53l1_api.o (memcpy)
c:/st/stm32cubeide_1.4.0/stm32cubeide/plugins/com.st.stm32cube.ide.mcu.externaltools.gnu-tools-for-stm32.9-2020-q2-update.win32_1.5.0.202011040924/tools/bin/../lib/gcc/arm-none-eabi/9.3.1/../../../../arm-none-eabi/lib/thumb/v6-m/nofp\libc_nano.a(lib_a-memset.o)
                              c:/st/stm32cubeide_1.4.0/stm32cubeide/plugins/com.st.stm32cube.ide.mcu.externaltools.gnu-tools-for-stm32.9-2020-q2-update.win32_1.5.0.202011040924/tools/bin/../lib/gcc/arm-none-eabi/9.3.1/../../../../arm-none-eabi/lib/thumb/v6-m/nofp/crt0.o (memset)
c:/st/stm32cubeide_1.4.0/stm32cubeide/plugins/com.st.stm32cube.ide.mcu.externaltools.gnu-tools-for-stm32.9-2020-q2-update.win32_1.5.0.202011040924/tools/bin/../lib/gcc/arm-none-eabi/9.3.1/../../../../arm-none-eabi/lib/thumb/v6-m/nofp\libc_nano.a(lib_a-nano-vfprintf_float.o)
                              (_printf_float)
c:/st/stm32cubeide_1.4.0/stm32cubeide/plugins/com.st.stm32cube.ide.mcu.externaltools.gnu-tools-for-stm32.9-2020-q2-update.win32_1.5.0.202011040924/tools/bin/../lib/gcc/arm-none-eabi/9.3.1/../../../../arm-none-eabi/lib/thumb/v6-m/nofp\libc_nano.a(lib_a-nano-vfprintf_i.o)
                              c:/st/stm32cubeide_1.4.0/stm32cubeide/plugins/com.st.stm32cube.ide.mcu.externaltools.gnu-tools-for-stm32.9-2020-q2-update.win32_1.5.0.202011040924/tools/bin/../lib/gcc/arm-none-eabi/9.3.1/../../../../arm-none-eabi/lib/thumb/v6-m/nofp\libc_nano.a(lib_a-nano-vfprintf_float.o) (_printf_common)
c:/st/stm32cubeide_1.4.0/stm32cubeide/plugins/com.st.stm32cube.ide.mcu.externaltools.gnu-tools-for-stm32.9-2020-q2-update.win32_1.5.0.202011040924/tools/bin/../lib/gcc/arm-none-eabi/9.3.1/../../../../arm-none-eabi/lib/thumb/v6-m/nofp\libc_nano.a(lib_a-sprintf.o)
                              Core/Src/main.o (sprintf)
c:/st/stm32cubeide_1.4.0/stm32cubeide/plugins/com.st.stm32cube.ide.mcu.externaltools.gnu-tools-for-stm32.9-2020-q2-update.win32_1.5.0.202011040924/tools/bin/../lib/gcc/arm-none-eabi/9.3.1/../../../../arm-none-eabi/lib/thumb/v6-m/nofp\libc_nano.a(lib_a-strlen.o)
                              Core/Src/main.o (strlen)
c:/st/stm32cubeide_1.4.0/stm32cubeide/plugins/com.st.stm32cube.ide.mcu.externaltools.gnu-tools-for-stm32.9-2020-q2-update.win32_1.5.0.202011040924/tools/bin/../lib/gcc/arm-none-eabi/9.3.1/../../../../arm-none-eabi/lib/thumb/v6-m/nofp\libc_nano.a(lib_a-strncpy.o)
                              Drivers/BSP/Components/vl53l1x/core/vl53l1_api.o (strncpy)
[...]
Memory Configuration

Name             Origin             Length             Attributes
RAM              0x0000000020000000 0x0000000000005000 xrw
FLASH            0x0000000008000000 0x0000000000030000 xr
*default*        0x0000000000000000 0xffffffffffffffff

Linker script and memory map

LOAD c:/st/stm32cubeide_1.4.0/stm32cubeide/plugins/com.st.stm32cube.ide.mcu.externaltools.gnu-tools-for-stm32.9-2020-q2-update.win32_1.5.0.202011040924/tools/bin/../lib/gcc/arm-none-eabi/9.3.1/thumb/v6-m/nofp/crti.o
LOAD c:/st/stm32cubeide_1.4.0/stm32cubeide/plugins/com.st.stm32cube.ide.mcu.externaltools.gnu-tools-for-stm32.9-2020-q2-update.win32_1.5.0.202011040924/tools/bin/../lib/gcc/arm-none-eabi/9.3.1/thumb/v6-m/nofp/crtbegin.o
LOAD c:/st/stm32cubeide_1.4.0/stm32cubeide/plugins/com.st.stm32cube.ide.mcu.externaltools.gnu-tools-for-stm32.9-2020-q2-update.win32_1.5.0.202011040924/tools/bin/../lib/gcc/arm-none-eabi/9.3.1/../../../../arm-none-eabi/lib/thumb/v6-m/nofp/crt0.o
LOAD Core/Sources/captura.o
LOAD Core/Sources/com_ceit.o
LOAD Core/Sources/distancia.o
LOAD Core/Sources/estructuras.o
LOAD Core/Src/gpio.o
LOAD Core/Src/i2c.o
LOAD Core/Src/main.o
LOAD Core/Src/stm32l0xx_hal_msp.o
LOAD Core/Src/stm32l0xx_it.o
LOAD Core/Src/syscalls.o
LOAD Core/Src/sysmem.o
LOAD Core/Src/system_stm32l0xx.o
LOAD Core/Src/usart.o
LOAD Core/Startup/startup_stm32l073rztx.o
LOAD Drivers/BSP/Components/stspin220/stspin220.o
LOAD Drivers/BSP/Components/vl53l1x/core/vl53l1_api.o
LOAD Drivers/BSP/Components/vl53l1x/core/vl53l1_api_calibration.o
LOAD Drivers/BSP/Components/vl53l1x/core/vl53l1_api_core.o
LOAD Drivers/BSP/Components/vl53l1x/core/vl53l1_api_debug.o
LOAD Drivers/BSP/Components/vl53l1x/core/vl53l1_api_preset_modes.o
LOAD Drivers/BSP/Components/vl53l1x/core/vl53l1_api_strings.o
LOAD Drivers/BSP/Components/vl53l1x/core/vl53l1_core.o
LOAD Drivers/BSP/Components/vl53l1x/core/vl53l1_core_support.o
LOAD Drivers/BSP/Components/vl53l1x/core/vl53l1_error_strings.o
LOAD Drivers/BSP/Components/vl53l1x/core/vl53l1_register_funcs.o
LOAD Drivers/BSP/Components/vl53l1x/core/vl53l1_silicon_core.o
LOAD Drivers/BSP/Components/vl53l1x/core/vl53l1_wait.o
LOAD Drivers/BSP/Components/vl53l1x/platform/vl53l1_platform.o
LOAD Drivers/BSP/STM32L0xx_Nucleo/stm32l0xx_nucleo.o
LOAD Drivers/BSP/X-NUCLEO-IHMxx/x_nucleo_ihm06a1_stm32l0xx.o
LOAD Drivers/BSP/X-NUCLEO-IHMxx/x_nucleo_ihmxx.o
LOAD Drivers/STM32L0xx_HAL_Driver/Src/stm32l0xx_hal.o
LOAD Drivers/STM32L0xx_HAL_Driver/Src/stm32l0xx_hal_cortex.o
LOAD Drivers/STM32L0xx_HAL_Driver/Src/stm32l0xx_hal_dma.o
LOAD Drivers/STM32L0xx_HAL_Driver/Src/stm32l0xx_hal_flash.o
LOAD Drivers/STM32L0xx_HAL_Driver/Src/stm32l0xx_hal_flash_ex.o
LOAD Drivers/STM32L0xx_HAL_Driver/Src/stm32l0xx_hal_flash_ramfunc.o
LOAD Drivers/STM32L0xx_HAL_Driver/Src/stm32l0xx_hal_gpio.o
LOAD Drivers/STM32L0xx_HAL_Driver/Src/stm32l0xx_hal_i2c.o
LOAD Drivers/STM32L0xx_HAL_Driver/Src/stm32l0xx_hal_i2c_ex.o
LOAD Drivers/STM32L0xx_HAL_Driver/Src/stm32l0xx_hal_pwr.o
LOAD Drivers/STM32L0xx_HAL_Driver/Src/stm32l0xx_hal_pwr_ex.o
LOAD Drivers/STM32L0xx_HAL_Driver/Src/stm32l0xx_hal_rcc.o
LOAD Drivers/STM32L0xx_HAL_Driver/Src/stm32l0xx_hal_rcc_ex.o
LOAD Drivers/STM32L0xx_HAL_Driver/Src/stm32l0xx_hal_tim.o
LOAD Drivers/STM32L0xx_HAL_Driver/Src/stm32l0xx_hal_tim_ex.o
LOAD Drivers/STM32L0xx_HAL_Driver/Src/stm32l0xx_hal_uart.o
LOAD Drivers/STM32L0xx_HAL_Driver/Src/stm32l0xx_hal_uart_ex.o
START GROUP
LOAD c:/st/stm32cubeide_1.4.0/stm32cubeide/plugins/com.st.stm32cube.ide.mcu.externaltools.gnu-tools-for-stm32.9-2020-q2-update.win32_1.5.0.202011040924/tools/bin/../lib/gcc/arm-none-eabi/9.3.1/../../../../arm-none-eabi/lib/thumb/v6-m/nofp\libc_nano.a
LOAD c:/st/stm32cubeide_1.4.0/stm32cubeide/plugins/com.st.stm32cube.ide.mcu.externaltools.gnu-tools-for-stm32.9-2020-q2-update.win32_1.5.0.202011040924/tools/bin/../lib/gcc/arm-none-eabi/9.3.1/../../../../arm-none-eabi/lib/thumb/v6-m/nofp\libm.a
END GROUP
START GROUP
LOAD c:/st/stm32cubeide_1.4.0/stm32cubeide/plugins/com.st.stm32cube.ide.mcu.externaltools.gnu-tools-for-stm32.9-2020-q2-update.win32_1.5.0.202011040924/tools/bin/../lib/gcc/arm-none-eabi/9.3.1/thumb/v6-m/nofp\libgcc.a
LOAD c:/st/stm32cubeide_1.4.0/stm32cubeide/plugins/com.st.stm32cube.ide.mcu.externaltools.gnu-tools-for-stm32.9-2020-q2-update.win32_1.5.0.202011040924/tools/bin/../lib/gcc/arm-none-eabi/9.3.1/../../../../arm-none-eabi/lib/thumb/v6-m/nofp\libc_nano.a
END GROUP
START GROUP
LOAD c:/st/stm32cubeide_1.4.0/stm32cubeide/plugins/com.st.stm32cube.ide.mcu.externaltools.gnu-tools-for-stm32.9-2020-q2-update.win32_1.5.0.202011040924/tools/bin/../lib/gcc/arm-none-eabi/9.3.1/thumb/v6-m/nofp\libgcc.a
LOAD c:/st/stm32cubeide_1.4.0/stm32cubeide/plugins/com.st.stm32cube.ide.mcu.externaltools.gnu-tools-for-stm32.9-2020-q2-update.win32_1.5.0.202011040924/tools/bin/../lib/gcc/arm-none-eabi/9.3.1/../../../../arm-none-eabi/lib/thumb/v6-m/nofp\libc_nano.a
LOAD c:/st/stm32cubeide_1.4.0/stm32cubeide/plugins/com.st.stm32cube.ide.mcu.externaltools.gnu-tools-for-stm32.9-2020-q2-update.win32_1.5.0.202011040924/tools/bin/../lib/gcc/arm-none-eabi/9.3.1/../../../../arm-none-eabi/lib/thumb/v6-m/nofp\libnosys.a
END GROUP
START GROUP
LOAD c:/st/stm32cubeide_1.4.0/stm32cubeide/plugins/com.st.stm32cube.ide.mcu.externaltools.gnu-tools-for-stm32.9-2020-q2-update.win32_1.5.0.202011040924/tools/bin/../lib/gcc/arm-none-eabi/9.3.1/thumb/v6-m/nofp\libgcc.a
LOAD c:/st/stm32cubeide_1.4.0/stm32cubeide/plugins/com.st.stm32cube.ide.mcu.externaltools.gnu-tools-for-stm32.9-2020-q2-update.win32_1.5.0.202011040924/tools/bin/../lib/gcc/arm-none-eabi/9.3.1/../../../../arm-none-eabi/lib/thumb/v6-m/nofp\libc_nano.a
LOAD c:/st/stm32cubeide_1.4.0/stm32cubeide/plugins/com.st.stm32cube.ide.mcu.externaltools.gnu-tools-for-stm32.9-2020-q2-update.win32_1.5.0.202011040924/tools/bin/../lib/gcc/arm-none-eabi/9.3.1/../../../../arm-none-eabi/lib/thumb/v6-m/nofp\libnosys.a
END GROUP
LOAD c:/st/stm32cubeide_1.4.0/stm32cubeide/plugins/com.st.stm32cube.ide.mcu.externaltools.gnu-tools-for-stm32.9-2020-q2-update.win32_1.5.0.202011040924/tools/bin/../lib/gcc/arm-none-eabi/9.3.1/thumb/v6-m/nofp/crtend.o
LOAD c:/st/stm32cubeide_1.4.0/stm32cubeide/plugins/com.st.stm32cube.ide.mcu.externaltools.gnu-tools-for-stm32.9-2020-q2-update.win32_1.5.0.202011040924/tools/bin/../lib/gcc/arm-none-eabi/9.3.1/thumb/v6-m/nofp/crtn.o
                0x0000000020005000                _estack = (ORIGIN (RAM) + LENGTH (RAM))
                0x0000000000000200                _Min_Heap_Size = 0x200
                0x0000000000000400                _Min_Stack_Size = 0x400

.isr_vector     0x0000000008000000       0xc0
                0x0000000008000000                . = ALIGN (0x4)
 *(.isr_vector)
 .isr_vector    0x0000000008000000       0xc0 Core/Startup/startup_stm32l073rztx.o
                0x0000000008000000                g_pfnVectors
                0x00000000080000c0                . = ALIGN (0x4)

.text           0x00000000080000c0    0x16060
                0x00000000080000c0                . = ALIGN (0x4)
 *(.text)
 .text          0x00000000080000c0       0x48 c:/st/stm32cubeide_1.4.0/stm32cubeide/plugins/com.st.stm32cube.ide.mcu.externaltools.gnu-tools-for-stm32.9-2020-q2-update.win32_1.5.0.202011040924/tools/bin/../lib/gcc/arm-none-eabi/9.3.1/thumb/v6-m/nofp/crtbegin.o
 .text          0x0000000008000108        0xe c:/st/stm32cubeide_1.4.0/stm32cubeide/plugins/com.st.stm32cube.ide.mcu.externaltools.gnu-tools-for-stm32.9-2020-q2-update.win32_1.5.0.202011040924/tools/bin/../lib/gcc/arm-none-eabi/9.3.1/../../../../arm-none-eabi/lib/thumb/v6-m/nofp\libc_nano.a(lib_a-strlen.o)
                0x0000000008000108                strlen
 *fill*         0x0000000008000116        0x2 
 .text          0x0000000008000118       0x14 c:/st/stm32cubeide_1.4.0/stm32cubeide/plugins/com.st.stm32cube.ide.mcu.externaltools.gnu-tools-for-stm32.9-2020-q2-update.win32_1.5.0.202011040924/tools/bin/../lib/gcc/arm-none-eabi/9.3.1/thumb/v6-m/nofp\libgcc.a(_thumb1_case_uqi.o)
                0x0000000008000118                __gnu_thumb1_case_uqi
 .text          0x000000000800012c       0x14 c:/st/stm32cubeide_1.4.0/stm32cubeide/plugins/com.st.stm32cube.ide.mcu.externaltools.gnu-tools-for-stm32.9-2020-q2-update.win32_1.5.0.202011040924/tools/bin/../lib/gcc/arm-none-eabi/9.3.1/thumb/v6-m/nofp\libgcc.a(_thumb1_case_shi.o)
                0x000000000800012c                __gnu_thumb1_case_shi
 .text          0x0000000008000140      0x114 c:/st/stm32cubeide_1.4.0/stm32cubeide/plugins/com.st.stm32cube.ide.mcu.externaltools.gnu-tools-for-stm32.9-2020-q2-update.win32_1.5.0.202011040924/tools/bin/../lib/gcc/arm-none-eabi/9.3.1/thumb/v6-m/nofp\libgcc.a(_udivsi3.o)
                0x0000000008000140                __aeabi_uidiv
                0x0000000008000140                __udivsi3
                0x000000000800024c                __aeabi_uidivmod
 .text          0x0000000008000254      0x1d4 c:/st/stm32cubeide_1.4.0/stm32cubeide/plugins/com.st.stm32cube.ide.mcu.externaltools.gnu-tools-for-stm32.9-2020-q2-update.win32_1.5.0.202011040924/tools/bin/../lib/gcc/arm-none-eabi/9.3.1/thumb/v6-m/nofp\libgcc.a(_divsi3.o)
                0x0000000008000254                __divsi3
                0x0000000008000254                __aeabi_idiv
                0x0000000008000420                __aeabi_idivmod
 .text          0x0000000008000428        0x4 c:/st/stm32cubeide_1.4.0/stm32cubeide/plugins/com.st.stm32cube.ide.mcu.externaltools.gnu-tools-for-stm32.9-2020-q2-update.win32_1.5.0.202011040924/tools/bin/../lib/gcc/arm-none-eabi/9.3.1/thumb/v6-m/nofp\libgcc.a(_dvmd_tls.o)
                0x0000000008000428                __aeabi_idiv0
                0x0000000008000428                __aeabi_ldiv0
 .text          0x000000000800042c       0x7c c:/st/stm32cubeide_1.4.0/stm32cubeide/plugins/com.st.stm32cube.ide.mcu.externaltools.gnu-tools-for-stm32.9-2020-q2-update.win32_1.5.0.202011040924/tools/bin/../lib/gcc/arm-none-eabi/9.3.1/thumb/v6-m/nofp\libgcc.a(_arm_cmpdf2.o)
                0x000000000800042c                __aeabi_cdrcmple
                0x000000000800043c                __aeabi_cdcmple
                0x000000000800043c                __aeabi_cdcmpeq
                0x000000000800044c                __aeabi_dcmpeq
                0x0000000008000458                __aeabi_dcmplt
                0x000000000800046c                __aeabi_dcmple
                0x0000000008000480                __aeabi_dcmpgt
                0x0000000008000494                __aeabi_dcmpge
 .text          0x00000000080004a8       0x40 c:/st/stm32cubeide_1.4.0/stm32cubeide/plugins/com.st.stm32cube.ide.mcu.externaltools.gnu-tools-for-stm32.9-2020-q2-update.win32_1.5.0.202011040924/tools/bin/../lib/gcc/arm-none-eabi/9.3.1/thumb/v6-m/nofp\libgcc.a(_aeabi_uldivmod.o)
                0x00000000080004a8                __aeabi_uldivmod
 .text          0x00000000080004e8       0x50 c:/st/stm32cubeide_1.4.0/stm32cubeide/plugins/com.st.stm32cube.ide.mcu.externaltools.gnu-tools-for-stm32.9-2020-q2-update.win32_1.5.0.202011040924/tools/bin/../lib/gcc/arm-none-eabi/9.3.1/thumb/v6-m/nofp\libgcc.a(_muldi3.o)
                0x00000000080004e8                __muldi3
                0x00000000080004e8                __aeabi_lmul
 .text          0x0000000008000538       0x30 c:/st/stm32cubeide_1.4.0/stm32cubeide/plugins/com.st.stm32cube.ide.mcu.externaltools.gnu-tools-for-stm32.9-2020-q2-update.win32_1.5.0.202011040924/tools/bin/../lib/gcc/arm-none-eabi/9.3.1/thumb/v6-m/nofp\libgcc.a(_fixunssfsi.o)
                0x0000000008000538                __fixunssfsi
                0x0000000008000538                __aeabi_f2uiz
 .text          0x0000000008000568      0x198 c:/st/stm32cubeide_1.4.0/stm32cubeide/plugins/com.st.stm32cube.ide.mcu.externaltools.gnu-tools-for-stm32.9-2020-q2-update.win32_1.5.0.202011040924/tools/bin/../lib/gcc/arm-none-eabi/9.3.1/thumb/v6-m/nofp\libgcc.a(_udivmoddi4.o)
                0x0000000008000568                __udivmoddi4
 .text          0x0000000008000700      0x338 c:/st/stm32cubeide_1.4.0/stm32cubeide/plugins/com.st.stm32cube.ide.mcu.externaltools.gnu-tools-for-stm32.9-2020-q2-update.win32_1.5.0.202011040924/tools/bin/../lib/gcc/arm-none-eabi/9.3.1/thumb/v6-m/nofp\libgcc.a(addsf3.o)
                0x0000000008000700                __aeabi_fadd
 .text          0x0000000008000a38      0x218 c:/st/stm32cubeide_1.4.0/stm32cubeide/plugins/com.st.stm32cube.ide.mcu.externaltools.gnu-tools-for-stm32.9-2020-q2-update.win32_1.5.0.202011040924/tools/bin/../lib/gcc/arm-none-eabi/9.3.1/thumb/v6-m/nofp\libgcc.a(divsf3.o)
                0x0000000008000a38                __aeabi_fdiv
 .text          0x0000000008000c50      0x390 c:/st/stm32cubeide_1.4.0/stm32cubeide/plugins/com.st.stm32cube.ide.mcu.externaltools.gnu-tools-for-stm32.9-2020-q2-update.win32_1.5.0.202011040924/tools/bin/../lib/gcc/arm-none-eabi/9.3.1/thumb/v6-m/nofp\libgcc.a(subsf3.o)
                0x0000000008000c50                __aeabi_fsub
 .text          0x0000000008000fe0       0x40 c:/st/stm32cubeide_1.4.0/stm32cubeide/plugins/com.st.stm32cube.ide.mcu.externaltools.gnu-tools-for-stm32.9-2020-q2-update.win32_1.5.0.202011040924/tools/bin/../lib/gcc/arm-none-eabi/9.3.1/thumb/v6-m/nofp\libgcc.a(fixsfsi.o)
                0x0000000008000fe0                __aeabi_f2iz
 .text          0x0000000008001020       0x8c c:/st/stm32cubeide_1.4.0/stm32cubeide/plugins/com.st.stm32cube.ide.mcu.externaltools.gnu-tools-for-stm32.9-2020-q2-update.win32_1.5.0.202011040924/tools/bin/../lib/gcc/arm-none-eabi/9.3.1/thumb/v6-m/nofp\libgcc.a(floatsisf.o)
                0x0000000008001020                __aeabi_i2f
 .text          0x00000000080010ac      0x6d4 c:/st/stm32cubeide_1.4.0/stm32cubeide/plugins/com.st.stm32cube.ide.mcu.externaltools.gnu-tools-for-stm32.9-2020-q2-update.win32_1.5.0.202011040924/tools/bin/../lib/gcc/arm-none-eabi/9.3.1/thumb/v6-m/nofp\libgcc.a(adddf3.o)
                0x00000000080010ac                __aeabi_dadd
 .text          0x0000000008001780      0x5d0 c:/st/stm32cubeide_1.4.0/stm32cubeide/plugins/com.st.stm32cube.ide.mcu.externaltools.gnu-tools-for-stm32.9-2020-q2-update.win32_1.5.0.202011040924/tools/bin/../lib/gcc/arm-none-eabi/9.3.1/thumb/v6-m/nofp\libgcc.a(divdf3.o)
                0x0000000008001780                __aeabi_ddiv
 .text          0x0000000008001d50       0x78 c:/st/stm32cubeide_1.4.0/stm32cubeide/plugins/com.st.stm32cube.ide.mcu.externaltools.gnu-tools-for-stm32.9-2020-q2-update.win32_1.5.0.202011040924/tools/bin/../lib/gcc/arm-none-eabi/9.3.1/thumb/v6-m/nofp\libgcc.a(eqdf2.o)
                0x0000000008001d50                __nedf2
                0x0000000008001d50                __eqdf2
 .text          0x0000000008001dc8       0xe4 c:/st/stm32cubeide_1.4.0/stm32cubeide/plugins/com.st.stm32cube.ide.mcu.externaltools.gnu-tools-for-stm32.9-2020-q2-update.win32_1.5.0.202011040924/tools/bin/../lib/gcc/arm-none-eabi/9.3.1/thumb/v6-m/nofp\libgcc.a(gedf2.o)
                0x0000000008001dc8                __gedf2
                0x0000000008001dc8                __gtdf2
 .text          0x0000000008001eac       0xe0 c:/st/stm32cubeide_1.4.0/stm32cubeide/plugins/com.st.stm32cube.ide.mcu.externaltools.gnu-tools-for-stm32.9-2020-q2-update.win32_1.5.0.202011040924/tools/bin/../lib/gcc/arm-none-eabi/9.3.1/thumb/v6-m/nofp\libgcc.a(ledf2.o)
                0x0000000008001eac                __ledf2
                0x0000000008001eac                __ltdf2
 .text          0x0000000008001f8c      0x4d8 c:/st/stm32cubeide_1.4.0/stm32cubeide/plugins/com.st.stm32cube.ide.mcu.externaltools.gnu-tools-for-stm32.9-2020-q2-update.win32_1.5.0.202011040924/tools/bin/../lib/gcc/arm-none-eabi/9.3.1/thumb/v6-m/nofp\libgcc.a(muldf3.o)
                0x0000000008001f8c                __aeabi_dmul
 .text          0x0000000008002464      0x724 c:/st/stm32cubeide_1.4.0/stm32cubeide/plugins/com.st.stm32cube.ide.mcu.externaltools.gnu-tools-for-stm32.9-2020-q2-update.win32_1.5.0.202011040924/tools/bin/../lib/gcc/arm-none-eabi/9.3.1/thumb/v6-m/nofp\libgcc.a(subdf3.o)
                0x0000000008002464                __aeabi_dsub
 .text          0x0000000008002b88       0x3c c:/st/stm32cubeide_1.4.0/stm32cubeide/plugins/com.st.stm32cube.ide.mcu.externaltools.gnu-tools-for-stm32.9-2020-q2-update.win32_1.5.0.202011040924/tools/bin/../lib/gcc/arm-none-eabi/9.3.1/thumb/v6-m/nofp\libgcc.a(unorddf2.o)
                0x0000000008002b88                __aeabi_dcmpun
 .text          0x0000000008002bc4       0x6c c:/st/stm32cubeide_1.4.0/stm32cubeide/plugins/com.st.stm32cube.ide.mcu.externaltools.gnu-tools-for-stm32.9-2020-q2-update.win32_1.5.0.202011040924/tools/bin/../lib/gcc/arm-none-eabi/9.3.1/thumb/v6-m/nofp\libgcc.a(fixdfsi.o)
                0x0000000008002bc4                __aeabi_d2iz
 .text          0x0000000008002c30       0x60 c:/st/stm32cubeide_1.4.0/stm32cubeide/plugins/com.st.stm32cube.ide.mcu.externaltools.gnu-tools-for-stm32.9-2020-q2-update.win32_1.5.0.202011040924/tools/bin/../lib/gcc/arm-none-eabi/9.3.1/thumb/v6-m/nofp\libgcc.a(floatsidf.o)
                0x0000000008002c30                __aeabi_i2d
 .text          0x0000000008002c90       0x4c c:/st/stm32cubeide_1.4.0/stm32cubeide/plugins/com.st.stm32cube.ide.mcu.externaltools.gnu-tools-for-stm32.9-2020-q2-update.win32_1.5.0.202011040924/tools/bin/../lib/gcc/arm-none-eabi/9.3.1/thumb/v6-m/nofp\libgcc.a(floatunsidf.o)
                0x0000000008002c90                __aeabi_ui2d
 .text          0x0000000008002cdc      0x110 c:/st/stm32cubeide_1.4.0/stm32cubeide/plugins/com.st.stm32cube.ide.mcu.externaltools.gnu-tools-for-stm32.9-2020-q2-update.win32_1.5.0.202011040924/tools/bin/../lib/gcc/arm-none-eabi/9.3.1/thumb/v6-m/nofp\libgcc.a(truncdfsf2.o)
                0x0000000008002cdc                __aeabi_d2f
 .text          0x0000000008002dec       0x74 c:/st/stm32cubeide_1.4.0/stm32cubeide/plugins/com.st.stm32cube.ide.mcu.externaltools.gnu-tools-for-stm32.9-2020-q2-update.win32_1.5.0.202011040924/tools/bin/../lib/gcc/arm-none-eabi/9.3.1/thumb/v6-m/nofp\libgcc.a(_arm_cmpsf2.o)
                0x0000000008002dec                __aeabi_cfrcmple
                0x0000000008002df4                __aeabi_cfcmpeq
                0x0000000008002df4                __aeabi_cfcmple
                0x0000000008002e04                __aeabi_fcmpeq
                0x0000000008002e10                __aeabi_fcmplt
                0x0000000008002e24                __aeabi_fcmple
                0x0000000008002e38                __aeabi_fcmpgt
                0x0000000008002e4c                __aeabi_fcmpge
 .text          0x0000000008002e60       0x3c c:/st/stm32cubeide_1.4.0/stm32cubeide/plugins/com.st.stm32cube.ide.mcu.externaltools.gnu-tools-for-stm32.9-2020-q2-update.win32_1.5.0.202011040924/tools/bin/../lib/gcc/arm-none-eabi/9.3.1/thumb/v6-m/nofp\libgcc.a(_clzsi2.o)
                0x0000000008002e60                __clzsi2
 .text          0x0000000008002e9c       0x18 c:/st/stm32cubeide_1.4.0/stm32cubeide/plugins/com.st.stm32cube.ide.mcu.externaltools.gnu-tools-for-stm32.9-2020-q2-update.win32_1.5.0.202011040924/tools/bin/../lib/gcc/arm-none-eabi/9.3.1/thumb/v6-m/nofp\libgcc.a(_clzdi2.o)
                0x0000000008002e9c                __clzdi2
 .text          0x0000000008002eb4       0x50 c:/st/stm32cubeide_1.4.0/stm32cubeide/plugins/com.st.stm32cube.ide.mcu.externaltools.gnu-tools-for-stm32.9-2020-q2-update.win32_1.5.0.202011040924/tools/bin/../lib/gcc/arm-none-eabi/9.3.1/thumb/v6-m/nofp\libgcc.a(eqsf2.o)
                0x0000000008002eb4                __eqsf2
                0x0000000008002eb4                __nesf2
 .text          0x0000000008002f04       0x98 c:/st/stm32cubeide_1.4.0/stm32cubeide/plugins/com.st.stm32cube.ide.mcu.externaltools.gnu-tools-for-stm32.9-2020-q2-update.win32_1.5.0.202011040924/tools/bin/../lib/gcc/arm-none-eabi/9.3.1/thumb/v6-m/nofp\libgcc.a(gesf2.o)
                0x0000000008002f04                __gesf2
                0x0000000008002f04                __gtsf2
 .text          0x0000000008002f9c       0x94 c:/st/stm32cubeide_1.4.0/stm32cubeide/plugins/com.st.stm32cube.ide.mcu.externaltools.gnu-tools-for-stm32.9-2020-q2-update.win32_1.5.0.202011040924/tools/bin/../lib/gcc/arm-none-eabi/9.3.1/thumb/v6-m/nofp\libgcc.a(lesf2.o)
                0x0000000008002f9c                __ltsf2
                0x0000000008002f9c                __lesf2
 *(.text*)
 .text.BloqueCaptura
                0x0000000008003030      0x3d0 Core/Sources/captura.o
                0x0000000008003030                BloqueCaptura
 .text.ConfigParrillas
                0x0000000008003400      0x2f0 Core/Sources/captura.o
                0x0000000008003400                ConfigParrillas
 .text.Ordenar  0x00000000080036f0      0x124 Core/Sources/captura.o
                0x00000000080036f0                Ordenar
 .text.ConvertirDistancia
                0x0000000008003814      0x5a0 Core/Sources/captura.o
                0x0000000008003814                ConvertirDistancia
 .text.BloqueCOM_CEIT
                0x0000000008003db4      0x1a0 Core/Sources/com_ceit.o
                0x0000000008003db4                BloqueCOM_CEIT
 .text.BloqueDistancia
                0x0000000008003f54      0x4bc Core/Sources/distancia.o
                0x0000000008003f54                BloqueDistancia
 .text.IniciarSensores
                0x0000000008004410      0x250 Core/Sources/distancia.o
                0x0000000008004410                IniciarSensores
 .text.EnableSensors
                0x0000000008004660      0x26c Core/Sources/distancia.o
                0x0000000008004660                EnableSensors
 .text.Convertir4Cif
                0x00000000080048cc      0x14c Core/Sources/distancia.o
                0x00000000080048cc                Convertir4Cif
 .text.Iniciar_EstrucCaptura
                0x0000000008004a18       0xb6 Core/Sources/estructuras.o
                0x0000000008004a18                Iniciar_EstrucCaptura
 .text.Iniciar_EstrucComCEIT
                0x0000000008004ace       0xa0 Core/Sources/estructuras.o
                0x0000000008004ace                Iniciar_EstrucComCEIT
 *fill*         0x0000000008004b6e        0x2 
 .text.Iniciar_EstrucDistancia
                0x0000000008004b70       0xdc Core/Sources/estructuras.o
                0x0000000008004b70                Iniciar_EstrucDistancia
 .text.Iniciar_EstrucMotor
                0x0000000008004c4c      0x194 Core/Sources/estructuras.o
                0x0000000008004c4c                Iniciar_EstrucMotor
 .text.MX_GPIO_Init
                0x0000000008004de0      0x2a8 Core/Src/gpio.o
                0x0000000008004de0                MX_GPIO_Init
 .text.MX_I2C1_Init
                0x0000000008005088       0x80 Core/Src/i2c.o
                0x0000000008005088                MX_I2C1_Init
 .text.HAL_I2C_MspInit
                0x0000000008005108       0x8c Core/Src/i2c.o
                0x0000000008005108                HAL_I2C_MspInit
 .text.HAL_UART_RxCpltCallback
                0x0000000008005194      0x16c Core/Src/main.o
                0x0000000008005194                HAL_UART_RxCpltCallback
 .text.main     0x0000000008005300      0x160 Core/Src/main.o
                0x0000000008005300                main
 .text.SystemClock_Config
                0x0000000008005460       0xec Core/Src/main.o
                0x0000000008005460                SystemClock_Config
 .text.BloqueMotor
                0x000000000800554c      0x354 Core/Src/main.o
                0x000000000800554c                BloqueMotor
 .text.MyMotorInit
                0x00000000080058a0       0x78 Core/Src/main.o
                0x00000000080058a0                MyMotorInit
 .text.EnableMotors
                0x0000000008005918      0x37c Core/Src/main.o
                0x0000000008005918                EnableMotors
 .text.calib_motor
                0x0000000008005c94       0xe4 Core/Src/main.o
                0x0000000008005c94                calib_motor
 .text.calib_motor2
                0x0000000008005d78       0xe4 Core/Src/main.o
                0x0000000008005d78                calib_motor2
 .text.calib_motor3
                0x0000000008005e5c       0xe0 Core/Src/main.o
                0x0000000008005e5c                calib_motor3
 .text.calib_motor4
                0x0000000008005f3c       0xd4 Core/Src/main.o
                0x0000000008005f3c                calib_motor4
 .text.calib_motor5
                0x0000000008006010       0xd4 Core/Src/main.o
                0x0000000008006010                calib_motor5
 .text.stopMotor
                0x00000000080060e4       0x28 Core/Src/main.o
                0x00000000080060e4                stopMotor
 .text.MyFlagInterruptHandler
                0x000000000800610c       0x10 Core/Src/main.o
 .text.MyErrorHandler
                0x000000000800611c       0x1c Core/Src/main.o
                0x000000000800611c                MyErrorHandler
 .text.Error_Handler
                0x0000000008006138        0xa Core/Src/main.o
                0x0000000008006138                Error_Handler
 *fill*         0x0000000008006142        0x2 
 .text.HAL_TIM_PWM_MspInit
                0x0000000008006144       0x60 Core/Src/stm32l0xx_hal_msp.o
                0x0000000008006144                HAL_TIM_PWM_MspInit
 .text.HAL_TIM_OC_MspInit
                0x00000000080061a4       0x6c Core/Src/stm32l0xx_hal_msp.o
                0x00000000080061a4                HAL_TIM_OC_MspInit
 .text.HAL_TIM_OC_MspDeInit
                0x0000000008006210       0x40 Core/Src/stm32l0xx_hal_msp.o
                0x0000000008006210                HAL_TIM_OC_MspDeInit
 .text.HAL_TIM_OC_DelayElapsedCallback
                0x0000000008006250       0x2a Core/Src/stm32l0xx_hal_msp.o
                0x0000000008006250                HAL_TIM_OC_DelayElapsedCallback
 *fill*         0x000000000800627a        0x2 
 .text.HAL_MspInit
                0x000000000800627c       0x28 Core/Src/stm32l0xx_hal_msp.o
                0x000000000800627c                HAL_MspInit
 .text.NMI_Handler
                0x00000000080062a4        0xa Core/Src/stm32l0xx_it.o
                0x00000000080062a4                NMI_Handler
 .text.HardFault_Handler
                0x00000000080062ae        0x6 Core/Src/stm32l0xx_it.o
                0x00000000080062ae                HardFault_Handler
 .text.SVC_Handler
                0x00000000080062b4        0xa Core/Src/stm32l0xx_it.o
                0x00000000080062b4                SVC_Handler
 .text.PendSV_Handler
                0x00000000080062be        0xa Core/Src/stm32l0xx_it.o
                0x00000000080062be                PendSV_Handler
 .text.SysTick_Handler
                0x00000000080062c8        0xe Core/Src/stm32l0xx_it.o
                0x00000000080062c8                SysTick_Handler
 *fill*         0x00000000080062d6        0x2 
 .text.USART4_5_IRQHandler
                0x00000000080062d8       0x18 Core/Src/stm32l0xx_it.o
                0x00000000080062d8                USART4_5_IRQHandler
 .text.EXTI4_15_IRQHandler
                0x00000000080062f0        0xa Core/Src/stm32l0xx_it.o
                0x00000000080062f0                EXTI4_15_IRQHandler
 *fill*         0x00000000080062fa        0x2 
 .text.TIM2_IRQHandler
                0x00000000080062fc       0x18 Core/Src/stm32l0xx_it.o
                0x00000000080062fc                TIM2_IRQHandler
 .text._getpid  0x0000000008006314        0xc Core/Src/syscalls.o
                0x0000000008006314                _getpid
 .text._kill    0x0000000008006320       0x20 Core/Src/syscalls.o
                0x0000000008006320                _kill
 .text._exit    0x0000000008006340       0x18 Core/Src/syscalls.o
                0x0000000008006340                _exit
 .text._read    0x0000000008006358       0x3a Core/Src/syscalls.o
                0x0000000008006358                _read
 .text._write   0x0000000008006392       0x38 Core/Src/syscalls.o
                0x0000000008006392                _write
 .text._close   0x00000000080063ca       0x14 Core/Src/syscalls.o
                0x00000000080063ca                _close
 .text._fstat   0x00000000080063de       0x1c Core/Src/syscalls.o
                0x00000000080063de                _fstat
 .text._isatty  0x00000000080063fa       0x12 Core/Src/syscalls.o
                0x00000000080063fa                _isatty
 .text._lseek   0x000000000800640c       0x16 Core/Src/syscalls.o
                0x000000000800640c                _lseek
 *fill*         0x0000000008006422        0x2 
 .text._sbrk    0x0000000008006424       0x6c Core/Src/sysmem.o
                0x0000000008006424                _sbrk
 .text.SystemInit
                0x0000000008006490       0x7c Core/Src/system_stm32l0xx.o
                0x0000000008006490                SystemInit
 .text.MX_USART2_UART_Init
                0x000000000800650c       0x60 Core/Src/usart.o
                0x000000000800650c                MX_USART2_UART_Init
 .text.MX_USART5_UART_Init
                0x000000000800656c       0x60 Core/Src/usart.o
                0x000000000800656c                MX_USART5_UART_Init
 .text.HAL_UART_MspInit
                0x00000000080065cc      0x148 Core/Src/usart.o
                0x00000000080065cc                HAL_UART_MspInit
 .text.Reset_Handler
                0x0000000008006714       0x50 Core/Startup/startup_stm32l073rztx.o
                0x0000000008006714                Reset_Handler
 .text.Default_Handler
                0x0000000008006764        0x2 Core/Startup/startup_stm32l073rztx.o
                0x0000000008006764                TSC_IRQHandler
                0x0000000008006764                ADC1_COMP_IRQHandler
                0x0000000008006764                PVD_IRQHandler
                0x0000000008006764                I2C1_IRQHandler
                0x0000000008006764                RCC_CRS_IRQHandler
                0x0000000008006764                SPI1_IRQHandler
                0x0000000008006764                TIM6_DAC_IRQHandler
                0x0000000008006764                EXTI2_3_IRQHandler
                0x0000000008006764                I2C2_IRQHandler
                0x0000000008006764                RTC_IRQHandler
                0x0000000008006764                LCD_IRQHandler
                0x0000000008006764                DMA1_Channel4_5_6_7_IRQHandler
                0x0000000008006764                TIM3_IRQHandler
                0x0000000008006764                DMA1_Channel1_IRQHandler
                0x0000000008006764                Default_Handler
                0x0000000008006764                TIM22_IRQHandler
                0x0000000008006764                TIM7_IRQHandler
                0x0000000008006764                EXTI0_1_IRQHandler
                0x0000000008006764                USB_IRQHandler
                0x0000000008006764                I2C3_IRQHandler
                0x0000000008006764                SPI2_IRQHandler
                0x0000000008006764                TIM21_IRQHandler
                0x0000000008006764                WWDG_IRQHandler
                0x0000000008006764                DMA1_Channel2_3_IRQHandler
                0x0000000008006764                USART2_IRQHandler
                0x0000000008006764                FLASH_IRQHandler
                0x0000000008006764                USART1_IRQHandler
                0x0000000008006764                RNG_LPUART1_IRQHandler
                0x0000000008006764                LPTIM1_IRQHandler
 *fill*         0x0000000008006766        0x2 
 .text.Stspin220_GetMotorHandle
                0x0000000008006768       0x10 Drivers/BSP/Components/stspin220/stspin220.o
                0x0000000008006768                Stspin220_GetMotorHandle
 .text.Stspin220_Init
                0x0000000008006778       0x40 Drivers/BSP/Components/stspin220/stspin220.o
                0x0000000008006778                Stspin220_Init
 .text.Stspin220_ReadId
                0x00000000080067b8       0x14 Drivers/BSP/Components/stspin220/stspin220.o
                0x00000000080067b8                Stspin220_ReadId
 .text.Stspin220_AttachErrorHandler
                0x00000000080067cc       0x1c Drivers/BSP/Components/stspin220/stspin220.o
                0x00000000080067cc                Stspin220_AttachErrorHandler
 .text.Stspin220_AttachFlagInterrupt
                0x00000000080067e8       0x1c Drivers/BSP/Components/stspin220/stspin220.o
                0x00000000080067e8                Stspin220_AttachFlagInterrupt
 .text.Stspin220_CheckStatusHw
                0x0000000008006804       0x18 Drivers/BSP/Components/stspin220/stspin220.o
                0x0000000008006804                Stspin220_CheckStatusHw
 .text.Stspin220_Disable
                0x000000000800681c       0x18 Drivers/BSP/Components/stspin220/stspin220.o
                0x000000000800681c                Stspin220_Disable
 .text.Stspin220_Enable
                0x0000000008006834       0x18 Drivers/BSP/Components/stspin220/stspin220.o
                0x0000000008006834                Stspin220_Enable
 .text.Stspin220_ErrorHandler
                0x000000000800684c       0x30 Drivers/BSP/Components/stspin220/stspin220.o
                0x000000000800684c                Stspin220_ErrorHandler
 .text.Stspin220_ExitDeviceFromStandby
                0x000000000800687c       0x94 Drivers/BSP/Components/stspin220/stspin220.o
                0x000000000800687c                Stspin220_ExitDeviceFromStandby
 .text.Stspin220_GetAcceleration
                0x0000000008006910       0x20 Drivers/BSP/Components/stspin220/stspin220.o
                0x0000000008006910                Stspin220_GetAcceleration
 .text.Stspin220_GetCurrentSpeed
                0x0000000008006930       0x20 Drivers/BSP/Components/stspin220/stspin220.o
                0x0000000008006930                Stspin220_GetCurrentSpeed
 .text.Stspin220_GetDeceleration
                0x0000000008006950       0x20 Drivers/BSP/Components/stspin220/stspin220.o
                0x0000000008006950                Stspin220_GetDeceleration
 .text.Stspin220_GetDeviceState
                0x0000000008006970       0x20 Drivers/BSP/Components/stspin220/stspin220.o
                0x0000000008006970                Stspin220_GetDeviceState
 .text.Stspin220_GetDirection
                0x0000000008006990       0x20 Drivers/BSP/Components/stspin220/stspin220.o
                0x0000000008006990                Stspin220_GetDirection
 .text.Stspin220_GetFwVersion
                0x00000000080069b0       0x10 Drivers/BSP/Components/stspin220/stspin220.o
                0x00000000080069b0                Stspin220_GetFwVersion
 .text.Stspin220_GetMark
                0x00000000080069c0       0x1c Drivers/BSP/Components/stspin220/stspin220.o
                0x00000000080069c0                Stspin220_GetMark
 .text.Stspin220_GetMaxSpeed
                0x00000000080069dc       0x20 Drivers/BSP/Components/stspin220/stspin220.o
                0x00000000080069dc                Stspin220_GetMaxSpeed
 .text.Stspin220_GetMinSpeed
                0x00000000080069fc       0x20 Drivers/BSP/Components/stspin220/stspin220.o
                0x00000000080069fc                Stspin220_GetMinSpeed
 .text.Stspin220_GetNbDevices
                0x0000000008006a1c       0x14 Drivers/BSP/Components/stspin220/stspin220.o
                0x0000000008006a1c                Stspin220_GetNbDevices
 .text.Stspin220_GetPosition
                0x0000000008006a30       0x1c Drivers/BSP/Components/stspin220/stspin220.o
                0x0000000008006a30                Stspin220_GetPosition
 .text.Stspin220_GetStepMode
                0x0000000008006a4c       0x20 Drivers/BSP/Components/stspin220/stspin220.o
                0x0000000008006a4c                Stspin220_GetStepMode
 .text.Stspin220_GetStopMode
                0x0000000008006a6c       0x20 Drivers/BSP/Components/stspin220/stspin220.o
                0x0000000008006a6c                Stspin220_GetStopMode
 .text.Stspin220_GetTorque
                0x0000000008006a8c       0x8c Drivers/BSP/Components/stspin220/stspin220.o
                0x0000000008006a8c                Stspin220_GetTorque
 .text.Stspin220_GetTorqueBoostEnable
                0x0000000008006b18       0x20 Drivers/BSP/Components/stspin220/stspin220.o
                0x0000000008006b18                Stspin220_GetTorqueBoostEnable
 .text.Stspin220_GetTorqueBoostThreshold
                0x0000000008006b38       0x20 Drivers/BSP/Components/stspin220/stspin220.o
                0x0000000008006b38                Stspin220_GetTorqueBoostThreshold
 .text.Stspin220_GoHome
                0x0000000008006b58       0x26 Drivers/BSP/Components/stspin220/stspin220.o
                0x0000000008006b58                Stspin220_GoHome
 *fill*         0x0000000008006b7e        0x2 
 .text.Stspin220_GoMark
                0x0000000008006b80       0x30 Drivers/BSP/Components/stspin220/stspin220.o
                0x0000000008006b80                Stspin220_GoMark
 .text.Stspin220_GoTo
                0x0000000008006bb0      0x104 Drivers/BSP/Components/stspin220/stspin220.o
                0x0000000008006bb0                Stspin220_GoTo
 .text.Stspin220_GoToDir
                0x0000000008006cb4       0xe8 Drivers/BSP/Components/stspin220/stspin220.o
                0x0000000008006cb4                Stspin220_GoToDir
 .text.Stspin220_HardHiZ
                0x0000000008006d9c       0x88 Drivers/BSP/Components/stspin220/stspin220.o
                0x0000000008006d9c                Stspin220_HardHiZ
 .text.Stspin220_HardStop
                0x0000000008006e24       0xbc Drivers/BSP/Components/stspin220/stspin220.o
                0x0000000008006e24                Stspin220_HardStop
 .text.Stspin220_Move
                0x0000000008006ee0       0x90 Drivers/BSP/Components/stspin220/stspin220.o
                0x0000000008006ee0                Stspin220_Move
 .text.Stspin220_PutDeviceInStandby
                0x0000000008006f70       0x30 Drivers/BSP/Components/stspin220/stspin220.o
                0x0000000008006f70                Stspin220_PutDeviceInStandby
 .text.Stspin220_Run
                0x0000000008006fa0       0x70 Drivers/BSP/Components/stspin220/stspin220.o
                0x0000000008006fa0                Stspin220_Run
 .text.Stspin220_SetAcceleration
                0x0000000008007010       0x64 Drivers/BSP/Components/stspin220/stspin220.o
                0x0000000008007010                Stspin220_SetAcceleration
 .text.Stspin220_SetDeceleration
                0x0000000008007074       0x64 Drivers/BSP/Components/stspin220/stspin220.o
                0x0000000008007074                Stspin220_SetDeceleration
 .text.Stspin220_SetDirection
                0x00000000080070d8       0x70 Drivers/BSP/Components/stspin220/stspin220.o
                0x00000000080070d8                Stspin220_SetDirection
 .text.Stspin220_SetHome
                0x0000000008007148       0x28 Drivers/BSP/Components/stspin220/stspin220.o
                0x0000000008007148                Stspin220_SetHome
 .text.Stspin220_SetMark
                0x0000000008007170       0x20 Drivers/BSP/Components/stspin220/stspin220.o
                0x0000000008007170                Stspin220_SetMark
 .text.Stspin220_SetMaxSpeed
                0x0000000008007190       0xa4 Drivers/BSP/Components/stspin220/stspin220.o
                0x0000000008007190                Stspin220_SetMaxSpeed
 .text.Stspin220_SetMinSpeed
                0x0000000008007234       0x80 Drivers/BSP/Components/stspin220/stspin220.o
                0x0000000008007234                Stspin220_SetMinSpeed
 .text.Stspin220_SetNbDevices
                0x00000000080072b4       0x38 Drivers/BSP/Components/stspin220/stspin220.o
                0x00000000080072b4                Stspin220_SetNbDevices
 .text.Stspin220_SetStepMode
                0x00000000080072ec       0x68 Drivers/BSP/Components/stspin220/stspin220.o
                0x00000000080072ec                Stspin220_SetStepMode
 .text.Stspin220_SetStopMode
                0x0000000008007354       0x28 Drivers/BSP/Components/stspin220/stspin220.o
                0x0000000008007354                Stspin220_SetStopMode
 .text.Stspin220_SetTorque
                0x000000000800737c       0xb8 Drivers/BSP/Components/stspin220/stspin220.o
                0x000000000800737c                Stspin220_SetTorque
 .text.Stspin220_SetTorqueBoostEnable
                0x0000000008007434       0x28 Drivers/BSP/Components/stspin220/stspin220.o
                0x0000000008007434                Stspin220_SetTorqueBoostEnable
 .text.Stspin220_SetTorqueBoostThreshold
                0x000000000800745c       0x28 Drivers/BSP/Components/stspin220/stspin220.o
                0x000000000800745c                Stspin220_SetTorqueBoostThreshold
 .text.Stspin220_SoftStop
                0x0000000008007484       0x54 Drivers/BSP/Components/stspin220/stspin220.o
                0x0000000008007484                Stspin220_SoftStop
 .text.Stspin220_VrefPwmGetFreq
                0x00000000080074d8       0x1c Drivers/BSP/Components/stspin220/stspin220.o
                0x00000000080074d8                Stspin220_VrefPwmGetFreq
 .text.Stspin220_VrefPwmSetFreq
                0x00000000080074f4       0x34 Drivers/BSP/Components/stspin220/stspin220.o
                0x00000000080074f4                Stspin220_VrefPwmSetFreq
 .text.Stspin220_WaitWhileActive
                0x0000000008007528       0x50 Drivers/BSP/Components/stspin220/stspin220.o
                0x0000000008007528                Stspin220_WaitWhileActive
 .text.Stspin220_ApplySpeed
                0x0000000008007578      0x1cc Drivers/BSP/Components/stspin220/stspin220.o
                0x0000000008007578                Stspin220_ApplySpeed
 .text.Stspin220_ApplyTorque
                0x0000000008007744       0xa4 Drivers/BSP/Components/stspin220/stspin220.o
                0x0000000008007744                Stspin220_ApplyTorque
 .text.Stspin220_ComputeSpeedProfile
                0x00000000080077e8       0xf0 Drivers/BSP/Components/stspin220/stspin220.o
                0x00000000080077e8                Stspin220_ComputeSpeedProfile
 .text.Stspin220_FlagInterruptHandler
                0x00000000080078d8       0x1c Drivers/BSP/Components/stspin220/stspin220.o
                0x00000000080078d8                Stspin220_FlagInterruptHandler
 .text.Stspin220_SetDeviceParamsOtherValues
                0x00000000080078f4       0x98 Drivers/BSP/Components/stspin220/stspin220.o
                0x00000000080078f4                Stspin220_SetDeviceParamsOtherValues
 .text.Stspin220_SetDeviceParamsToGivenValues
                0x000000000800798c      0x128 Drivers/BSP/Components/stspin220/stspin220.o
                0x000000000800798c                Stspin220_SetDeviceParamsToGivenValues
 .text.Stspin220_SetDeviceParamsToPredefinedValues
                0x0000000008007ab4      0x108 Drivers/BSP/Components/stspin220/stspin220.o
                0x0000000008007ab4                Stspin220_SetDeviceParamsToPredefinedValues
 .text.Stspin220_SetStepModeWithoutReset
                0x0000000008007bbc       0xe0 Drivers/BSP/Components/stspin220/stspin220.o
                0x0000000008007bbc                Stspin220_SetStepModeWithoutReset
 .text.Stspin220_StartMovement
                0x0000000008007c9c       0xa0 Drivers/BSP/Components/stspin220/stspin220.o
                0x0000000008007c9c                Stspin220_StartMovement
 .text.Stspin220_StepClockHandler
                0x0000000008007d3c      0x688 Drivers/BSP/Components/stspin220/stspin220.o
                0x0000000008007d3c                Stspin220_StepClockHandler
 .text.CheckValidRectRoi
                0x00000000080083c4       0x6a Drivers/BSP/Components/vl53l1x/core/vl53l1_api.o
 .text.VL53L1_SetDeviceAddress
                0x000000000800842e       0x3e Drivers/BSP/Components/vl53l1x/core/vl53l1_api.o
                0x000000000800842e                VL53L1_SetDeviceAddress
 .text.VL53L1_DataInit
                0x000000000800846c       0xea Drivers/BSP/Components/vl53l1x/core/vl53l1_api.o
                0x000000000800846c                VL53L1_DataInit
 *fill*         0x0000000008008556        0x2 
 .text.VL53L1_StaticInit
                0x0000000008008558       0x70 Drivers/BSP/Components/vl53l1x/core/vl53l1_api.o
                0x0000000008008558                VL53L1_StaticInit
 .text.VL53L1_WaitDeviceBooted
                0x00000000080085c8       0x32 Drivers/BSP/Components/vl53l1x/core/vl53l1_api.o
                0x00000000080085c8                VL53L1_WaitDeviceBooted
 *fill*         0x00000000080085fa        0x2 
 .text.ComputeDevicePresetMode
                0x00000000080085fc       0xe4 Drivers/BSP/Components/vl53l1x/core/vl53l1_api.o
 .text.SetPresetMode
                0x00000000080086e0      0x110 Drivers/BSP/Components/vl53l1x/core/vl53l1_api.o
 .text.VL53L1_SetPresetMode
                0x00000000080087f0       0xdc Drivers/BSP/Components/vl53l1x/core/vl53l1_api.o
                0x00000000080087f0                VL53L1_SetPresetMode
 .text.VL53L1_SetDistanceMode
                0x00000000080088cc      0x17c Drivers/BSP/Components/vl53l1x/core/vl53l1_api.o
                0x00000000080088cc                VL53L1_SetDistanceMode
 .text.VL53L1_SetMeasurementTimingBudgetMicroSeconds
                0x0000000008008a48      0x1fc Drivers/BSP/Components/vl53l1x/core/vl53l1_api.o
                0x0000000008008a48                VL53L1_SetMeasurementTimingBudgetMicroSeconds
 .text.VL53L1_GetMeasurementTimingBudgetMicroSeconds
                0x0000000008008c44      0x1a0 Drivers/BSP/Components/vl53l1x/core/vl53l1_api.o
                0x0000000008008c44                VL53L1_GetMeasurementTimingBudgetMicroSeconds
 .text.VL53L1_SetInterMeasurementPeriodMilliSeconds
                0x0000000008008de4       0x50 Drivers/BSP/Components/vl53l1x/core/vl53l1_api.o
                0x0000000008008de4                VL53L1_SetInterMeasurementPeriodMilliSeconds
 .text.VL53L1_GetInterMeasurementPeriodMilliSeconds
                0x0000000008008e34       0x50 Drivers/BSP/Components/vl53l1x/core/vl53l1_api.o
                0x0000000008008e34                VL53L1_GetInterMeasurementPeriodMilliSeconds
 .text.SetLimitValue
                0x0000000008008e84       0x74 Drivers/BSP/Components/vl53l1x/core/vl53l1_api.o
 .text.VL53L1_SetLimitCheckEnable
                0x0000000008008ef8       0xa4 Drivers/BSP/Components/vl53l1x/core/vl53l1_api.o
                0x0000000008008ef8                VL53L1_SetLimitCheckEnable
 .text.VL53L1_GetLimitCheckEnable
                0x0000000008008f9c       0x60 Drivers/BSP/Components/vl53l1x/core/vl53l1_api.o
                0x0000000008008f9c                VL53L1_GetLimitCheckEnable
 .text.VL53L1_SetLimitCheckValue
                0x0000000008008ffc       0xa2 Drivers/BSP/Components/vl53l1x/core/vl53l1_api.o
                0x0000000008008ffc                VL53L1_SetLimitCheckValue
 .text.VL53L1_GetLimitCheckValue
                0x000000000800909e       0xec Drivers/BSP/Components/vl53l1x/core/vl53l1_api.o
                0x000000000800909e                VL53L1_GetLimitCheckValue
 .text.VL53L1_SetUserROI
                0x000000000800918a       0xe4 Drivers/BSP/Components/vl53l1x/core/vl53l1_api.o
                0x000000000800918a                VL53L1_SetUserROI
 .text.VL53L1_GetSequenceStepEnable
                0x000000000800926e       0x3c Drivers/BSP/Components/vl53l1x/core/vl53l1_api.o
                0x000000000800926e                VL53L1_GetSequenceStepEnable
 .text.VL53L1_StartMeasurement
                0x00000000080092aa      0x10c Drivers/BSP/Components/vl53l1x/core/vl53l1_api.o
                0x00000000080092aa                VL53L1_StartMeasurement
 *fill*         0x00000000080093b6        0x2 
 .text.ChangePresetMode
                0x00000000080093b8      0x170 Drivers/BSP/Components/vl53l1x/core/vl53l1_api.o
 .text.VL53L1_ClearInterruptAndStartMeasurement
                0x0000000008009528       0x80 Drivers/BSP/Components/vl53l1x/core/vl53l1_api.o
                0x0000000008009528                VL53L1_ClearInterruptAndStartMeasurement
 .text.VL53L1_WaitMeasurementDataReady
                0x00000000080095a8       0x32 Drivers/BSP/Components/vl53l1x/core/vl53l1_api.o
                0x00000000080095a8                VL53L1_WaitMeasurementDataReady
 *fill*         0x00000000080095da        0x2 
 .text.ComputeRQL
                0x00000000080095dc      0x118 Drivers/BSP/Components/vl53l1x/core/vl53l1_api.o
 .text.ConvertStatusLite
                0x00000000080096f4       0x94 Drivers/BSP/Components/vl53l1x/core/vl53l1_api.o
 .text.SetSimpleData
                0x0000000008009788      0x208 Drivers/BSP/Components/vl53l1x/core/vl53l1_api.o
 .text.VL53L1_GetRangingMeasurementData
                0x0000000008009990       0x8c Drivers/BSP/Components/vl53l1x/core/vl53l1_api.o
                0x0000000008009990                VL53L1_GetRangingMeasurementData
 .text.VL53L1_data_init
                0x0000000008009a1c      0x170 Drivers/BSP/Components/vl53l1x/core/vl53l1_api_core.o
                0x0000000008009a1c                VL53L1_data_init
 .text.VL53L1_read_p2p_data
                0x0000000008009b8c      0x144 Drivers/BSP/Components/vl53l1x/core/vl53l1_api_core.o
                0x0000000008009b8c                VL53L1_read_p2p_data
 .text.VL53L1_set_inter_measurement_period_ms
                0x0000000008009cd0       0x62 Drivers/BSP/Components/vl53l1x/core/vl53l1_api_core.o
                0x0000000008009cd0                VL53L1_set_inter_measurement_period_ms
 .text.VL53L1_get_inter_measurement_period_ms
                0x0000000008009d32       0x62 Drivers/BSP/Components/vl53l1x/core/vl53l1_api_core.o
                0x0000000008009d32                VL53L1_get_inter_measurement_period_ms
 .text.VL53L1_set_timeouts_us
                0x0000000008009d94       0x86 Drivers/BSP/Components/vl53l1x/core/vl53l1_api_core.o
                0x0000000008009d94                VL53L1_set_timeouts_us
 .text.VL53L1_get_timeouts_us
                0x0000000008009e1a      0x116 Drivers/BSP/Components/vl53l1x/core/vl53l1_api_core.o
                0x0000000008009e1a                VL53L1_get_timeouts_us
 .text.VL53L1_get_sequence_config_bit
                0x0000000008009f30       0x90 Drivers/BSP/Components/vl53l1x/core/vl53l1_api_core.o
                0x0000000008009f30                VL53L1_get_sequence_config_bit
 .text.VL53L1_set_user_zone
                0x0000000008009fc0       0x4c Drivers/BSP/Components/vl53l1x/core/vl53l1_api_core.o
                0x0000000008009fc0                VL53L1_set_user_zone
 .text.VL53L1_get_user_zone
                0x000000000800a00c       0x4e Drivers/BSP/Components/vl53l1x/core/vl53l1_api_core.o
                0x000000000800a00c                VL53L1_get_user_zone
 *fill*         0x000000000800a05a        0x2 
 .text.VL53L1_get_mode_mitigation_roi
                0x000000000800a05c       0x90 Drivers/BSP/Components/vl53l1x/core/vl53l1_api_core.o
                0x000000000800a05c                VL53L1_get_mode_mitigation_roi
 .text.VL53L1_get_preset_mode_timing_cfg
                0x000000000800a0ec       0xd0 Drivers/BSP/Components/vl53l1x/core/vl53l1_api_core.o
                0x000000000800a0ec                VL53L1_get_preset_mode_timing_cfg
 .text.VL53L1_set_preset_mode
                0x000000000800a1bc      0x2c0 Drivers/BSP/Components/vl53l1x/core/vl53l1_api_core.o
                0x000000000800a1bc                VL53L1_set_preset_mode
 .text.VL53L1_get_lite_sigma_threshold
                0x000000000800a47c       0x30 Drivers/BSP/Components/vl53l1x/core/vl53l1_api_core.o
                0x000000000800a47c                VL53L1_get_lite_sigma_threshold
 .text.VL53L1_set_lite_sigma_threshold
                0x000000000800a4ac       0x34 Drivers/BSP/Components/vl53l1x/core/vl53l1_api_core.o
                0x000000000800a4ac                VL53L1_set_lite_sigma_threshold
 .text.VL53L1_get_lite_min_count_rate
                0x000000000800a4e0       0x30 Drivers/BSP/Components/vl53l1x/core/vl53l1_api_core.o
                0x000000000800a4e0                VL53L1_get_lite_min_count_rate
 .text.VL53L1_set_lite_min_count_rate
                0x000000000800a510       0x34 Drivers/BSP/Components/vl53l1x/core/vl53l1_api_core.o
                0x000000000800a510                VL53L1_set_lite_min_count_rate
 .text.VL53L1_set_vhv_loopbound
                0x000000000800a544       0x4a Drivers/BSP/Components/vl53l1x/core/vl53l1_api_core.o
                0x000000000800a544                VL53L1_set_vhv_loopbound
 *fill*         0x000000000800a58e        0x2 
 .text.VL53L1_init_and_start_range
                0x000000000800a590      0x624 Drivers/BSP/Components/vl53l1x/core/vl53l1_api_core.o
                0x000000000800a590                VL53L1_init_and_start_range
 .text.VL53L1_stop_range
                0x000000000800abb4       0x94 Drivers/BSP/Components/vl53l1x/core/vl53l1_api_core.o
                0x000000000800abb4                VL53L1_stop_range
 .text.VL53L1_get_measurement_results
                0x000000000800ac48      0x1f0 Drivers/BSP/Components/vl53l1x/core/vl53l1_api_core.o
                0x000000000800ac48                VL53L1_get_measurement_results
 .text.VL53L1_get_device_results
                0x000000000800ae38      0x144 Drivers/BSP/Components/vl53l1x/core/vl53l1_api_core.o
                0x000000000800ae38                VL53L1_get_device_results
 .text.VL53L1_clear_interrupt_and_enable_next_range
                0x000000000800af7c       0x46 Drivers/BSP/Components/vl53l1x/core/vl53l1_api_core.o
                0x000000000800af7c                VL53L1_clear_interrupt_and_enable_next_range
 *fill*         0x000000000800afc2        0x2 
 .text.VL53L1_copy_sys_and_core_results_to_range_results
                0x000000000800afc4      0x258 Drivers/BSP/Components/vl53l1x/core/vl53l1_api_core.o
                0x000000000800afc4                VL53L1_copy_sys_and_core_results_to_range_results
 .text.VL53L1_get_tuning_parm
                0x000000000800b21c      0x3ac Drivers/BSP/Components/vl53l1x/core/vl53l1_api_core.o
                0x000000000800b21c                VL53L1_get_tuning_parm
 .text.VL53L1_init_refspadchar_config_struct
                0x000000000800b5c8       0x4a Drivers/BSP/Components/vl53l1x/core/vl53l1_api_preset_modes.o
                0x000000000800b5c8                VL53L1_init_refspadchar_config_struct
 *fill*         0x000000000800b612        0x2 
 .text.VL53L1_init_ssc_config_struct
                0x000000000800b614       0x48 Drivers/BSP/Components/vl53l1x/core/vl53l1_api_preset_modes.o
                0x000000000800b614                VL53L1_init_ssc_config_struct
 .text.VL53L1_init_xtalk_config_struct
                0x000000000800b65c       0xd0 Drivers/BSP/Components/vl53l1x/core/vl53l1_api_preset_modes.o
                0x000000000800b65c                VL53L1_init_xtalk_config_struct
 .text.VL53L1_init_offset_cal_config_struct
                0x000000000800b72c       0x50 Drivers/BSP/Components/vl53l1x/core/vl53l1_api_preset_modes.o
                0x000000000800b72c                VL53L1_init_offset_cal_config_struct
 .text.VL53L1_init_tuning_parm_storage_struct
                0x000000000800b77c      0x12c Drivers/BSP/Components/vl53l1x/core/vl53l1_api_preset_modes.o
                0x000000000800b77c                VL53L1_init_tuning_parm_storage_struct
 .text.VL53L1_preset_mode_standard_ranging
                0x000000000800b8a8      0x240 Drivers/BSP/Components/vl53l1x/core/vl53l1_api_preset_modes.o
                0x000000000800b8a8                VL53L1_preset_mode_standard_ranging
 .text.VL53L1_preset_mode_standard_ranging_short_range
                0x000000000800bae8       0x90 Drivers/BSP/Components/vl53l1x/core/vl53l1_api_preset_modes.o
                0x000000000800bae8                VL53L1_preset_mode_standard_ranging_short_range
 .text.VL53L1_preset_mode_standard_ranging_long_range
                0x000000000800bb78       0x90 Drivers/BSP/Components/vl53l1x/core/vl53l1_api_preset_modes.o
                0x000000000800bb78                VL53L1_preset_mode_standard_ranging_long_range
 .text.VL53L1_preset_mode_standard_ranging_mm1_cal
                0x000000000800bc08       0x58 Drivers/BSP/Components/vl53l1x/core/vl53l1_api_preset_modes.o
                0x000000000800bc08                VL53L1_preset_mode_standard_ranging_mm1_cal
 .text.VL53L1_preset_mode_standard_ranging_mm2_cal
                0x000000000800bc60       0x58 Drivers/BSP/Components/vl53l1x/core/vl53l1_api_preset_modes.o
                0x000000000800bc60                VL53L1_preset_mode_standard_ranging_mm2_cal
 .text.VL53L1_preset_mode_timed_ranging
                0x000000000800bcb8       0x82 Drivers/BSP/Components/vl53l1x/core/vl53l1_api_preset_modes.o
                0x000000000800bcb8                VL53L1_preset_mode_timed_ranging
 .text.VL53L1_preset_mode_timed_ranging_short_range
                0x000000000800bd3a       0x82 Drivers/BSP/Components/vl53l1x/core/vl53l1_api_preset_modes.o
                0x000000000800bd3a                VL53L1_preset_mode_timed_ranging_short_range
 .text.VL53L1_preset_mode_timed_ranging_long_range
                0x000000000800bdbc       0x82 Drivers/BSP/Components/vl53l1x/core/vl53l1_api_preset_modes.o
                0x000000000800bdbc                VL53L1_preset_mode_timed_ranging_long_range
 .text.VL53L1_preset_mode_low_power_auto_ranging
                0x000000000800be3e       0x5e Drivers/BSP/Components/vl53l1x/core/vl53l1_api_preset_modes.o
                0x000000000800be3e                VL53L1_preset_mode_low_power_auto_ranging
 .text.VL53L1_preset_mode_low_power_auto_short_ranging
                0x000000000800be9c       0x5e Drivers/BSP/Components/vl53l1x/core/vl53l1_api_preset_modes.o
                0x000000000800be9c                VL53L1_preset_mode_low_power_auto_short_ranging
 .text.VL53L1_preset_mode_low_power_auto_long_ranging
                0x000000000800befa       0x5e Drivers/BSP/Components/vl53l1x/core/vl53l1_api_preset_modes.o
                0x000000000800befa                VL53L1_preset_mode_low_power_auto_long_ranging
 .text.VL53L1_preset_mode_singleshot_ranging
                0x000000000800bf58       0x7a Drivers/BSP/Components/vl53l1x/core/vl53l1_api_preset_modes.o
                0x000000000800bf58                VL53L1_preset_mode_singleshot_ranging
 .text.VL53L1_preset_mode_olt
                0x000000000800bfd2       0x52 Drivers/BSP/Components/vl53l1x/core/vl53l1_api_preset_modes.o
                0x000000000800bfd2                VL53L1_preset_mode_olt
 .text.VL53L1_init_version
                0x000000000800c024       0x34 Drivers/BSP/Components/vl53l1x/core/vl53l1_core.o
                0x000000000800c024                VL53L1_init_version
 .text.VL53L1_init_ll_driver_state
                0x000000000800c058       0x54 Drivers/BSP/Components/vl53l1x/core/vl53l1_core.o
                0x000000000800c058                VL53L1_init_ll_driver_state
 .text.VL53L1_update_ll_driver_rd_state
                0x000000000800c0ac      0x10c Drivers/BSP/Components/vl53l1x/core/vl53l1_core.o
                0x000000000800c0ac                VL53L1_update_ll_driver_rd_state
 .text.VL53L1_check_ll_driver_rd_state
                0x000000000800c1b8       0xc2 Drivers/BSP/Components/vl53l1x/core/vl53l1_core.o
                0x000000000800c1b8                VL53L1_check_ll_driver_rd_state
 .text.VL53L1_update_ll_driver_cfg_state
                0x000000000800c27a       0xd2 Drivers/BSP/Components/vl53l1x/core/vl53l1_core.o
                0x000000000800c27a                VL53L1_update_ll_driver_cfg_state
 .text.VL53L1_copy_rtn_good_spads_to_buffer
                0x000000000800c34c      0x170 Drivers/BSP/Components/vl53l1x/core/vl53l1_core.o
                0x000000000800c34c                VL53L1_copy_rtn_good_spads_to_buffer
 .text.VL53L1_i2c_encode_uint16_t
                0x000000000800c4bc       0x7c Drivers/BSP/Components/vl53l1x/core/vl53l1_core.o
                0x000000000800c4bc                VL53L1_i2c_encode_uint16_t
 .text.VL53L1_i2c_decode_uint16_t
                0x000000000800c538       0x50 Drivers/BSP/Components/vl53l1x/core/vl53l1_core.o
                0x000000000800c538                VL53L1_i2c_decode_uint16_t
 .text.VL53L1_i2c_encode_int16_t
                0x000000000800c588       0x7e Drivers/BSP/Components/vl53l1x/core/vl53l1_core.o
                0x000000000800c588                VL53L1_i2c_encode_int16_t
 .text.VL53L1_i2c_decode_int16_t
                0x000000000800c606       0x64 Drivers/BSP/Components/vl53l1x/core/vl53l1_core.o
                0x000000000800c606                VL53L1_i2c_decode_int16_t
 .text.VL53L1_i2c_encode_uint32_t
                0x000000000800c66a       0x6e Drivers/BSP/Components/vl53l1x/core/vl53l1_core.o
                0x000000000800c66a                VL53L1_i2c_encode_uint32_t
 .text.VL53L1_i2c_decode_uint32_t
                0x000000000800c6d8       0x3c Drivers/BSP/Components/vl53l1x/core/vl53l1_core.o
                0x000000000800c6d8                VL53L1_i2c_decode_uint32_t
 .text.VL53L1_i2c_decode_int32_t
                0x000000000800c714       0x4c Drivers/BSP/Components/vl53l1x/core/vl53l1_core.o
                0x000000000800c714                VL53L1_i2c_decode_int32_t
 .text.VL53L1_calc_macro_period_us
                0x000000000800c760       0x6c Drivers/BSP/Components/vl53l1x/core/vl53l1_core.o
                0x000000000800c760                VL53L1_calc_macro_period_us
 .text.VL53L1_calc_range_ignore_threshold
                0x000000000800c7cc       0xf8 Drivers/BSP/Components/vl53l1x/core/vl53l1_core.o
                0x000000000800c7cc                VL53L1_calc_range_ignore_threshold
 .text.VL53L1_calc_timeout_mclks
                0x000000000800c8c4       0x2e Drivers/BSP/Components/vl53l1x/core/vl53l1_core.o
                0x000000000800c8c4                VL53L1_calc_timeout_mclks
 .text.VL53L1_calc_encoded_timeout
                0x000000000800c8f2       0x40 Drivers/BSP/Components/vl53l1x/core/vl53l1_core.o
                0x000000000800c8f2                VL53L1_calc_encoded_timeout
 .text.VL53L1_calc_timeout_us
                0x000000000800c932       0x6c Drivers/BSP/Components/vl53l1x/core/vl53l1_core.o
                0x000000000800c932                VL53L1_calc_timeout_us
 .text.VL53L1_calc_decoded_timeout_us
                0x000000000800c99e       0x3e Drivers/BSP/Components/vl53l1x/core/vl53l1_core.o
                0x000000000800c99e                VL53L1_calc_decoded_timeout_us
 .text.VL53L1_encode_timeout
                0x000000000800c9dc       0x6e Drivers/BSP/Components/vl53l1x/core/vl53l1_core.o
                0x000000000800c9dc                VL53L1_encode_timeout
 .text.VL53L1_decode_timeout
                0x000000000800ca4a       0x30 Drivers/BSP/Components/vl53l1x/core/vl53l1_core.o
                0x000000000800ca4a                VL53L1_decode_timeout
 .text.VL53L1_calc_timeout_register_values
                0x000000000800ca7a      0x14c Drivers/BSP/Components/vl53l1x/core/vl53l1_core.o
                0x000000000800ca7a                VL53L1_calc_timeout_register_values
 .text.VL53L1_encode_row_col
                0x000000000800cbc6       0x58 Drivers/BSP/Components/vl53l1x/core/vl53l1_core.o
                0x000000000800cbc6                VL53L1_encode_row_col
 .text.VL53L1_decode_zone_size
                0x000000000800cc1e       0x34 Drivers/BSP/Components/vl53l1x/core/vl53l1_core.o
                0x000000000800cc1e                VL53L1_decode_zone_size
 .text.VL53L1_encode_zone_size
                0x000000000800cc52       0x30 Drivers/BSP/Components/vl53l1x/core/vl53l1_core.o
                0x000000000800cc52                VL53L1_encode_zone_size
 *fill*         0x000000000800cc82        0x2 
 .text.VL53L1_low_power_auto_data_init
                0x000000000800cc84       0x88 Drivers/BSP/Components/vl53l1x/core/vl53l1_core.o
                0x000000000800cc84                VL53L1_low_power_auto_data_init
 .text.VL53L1_low_power_auto_data_stop_range
                0x000000000800cd0c       0x94 Drivers/BSP/Components/vl53l1x/core/vl53l1_core.o
                0x000000000800cd0c                VL53L1_low_power_auto_data_stop_range
 .text.VL53L1_config_low_power_auto_mode
                0x000000000800cda0       0x44 Drivers/BSP/Components/vl53l1x/core/vl53l1_core.o
                0x000000000800cda0                VL53L1_config_low_power_auto_mode
 .text.VL53L1_low_power_auto_setup_manual_calibration
                0x000000000800cde4       0xac Drivers/BSP/Components/vl53l1x/core/vl53l1_core.o
                0x000000000800cde4                VL53L1_low_power_auto_setup_manual_calibration
 .text.VL53L1_low_power_auto_update_DSS
                0x000000000800ce90      0x12c Drivers/BSP/Components/vl53l1x/core/vl53l1_core.o
                0x000000000800ce90                VL53L1_low_power_auto_update_DSS
 .text.VL53L1_calc_pll_period_us
                0x000000000800cfbc       0x2c Drivers/BSP/Components/vl53l1x/core/vl53l1_core_support.o
                0x000000000800cfbc                VL53L1_calc_pll_period_us
 .text.VL53L1_decode_vcsel_period
                0x000000000800cfe8       0x2e Drivers/BSP/Components/vl53l1x/core/vl53l1_core_support.o
                0x000000000800cfe8                VL53L1_decode_vcsel_period
 .text.VL53L1_decode_row_col
                0x000000000800d016       0x6a Drivers/BSP/Components/vl53l1x/core/vl53l1_core_support.o
                0x000000000800d016                VL53L1_decode_row_col
 .text.VL53L1_i2c_encode_static_nvm_managed
                0x000000000800d080       0xc4 Drivers/BSP/Components/vl53l1x/core/vl53l1_register_funcs.o
                0x000000000800d080                VL53L1_i2c_encode_static_nvm_managed
 .text.VL53L1_i2c_decode_static_nvm_managed
                0x000000000800d144       0xc2 Drivers/BSP/Components/vl53l1x/core/vl53l1_register_funcs.o
                0x000000000800d144                VL53L1_i2c_decode_static_nvm_managed
 .text.VL53L1_get_static_nvm_managed
                0x000000000800d206       0x62 Drivers/BSP/Components/vl53l1x/core/vl53l1_register_funcs.o
                0x000000000800d206                VL53L1_get_static_nvm_managed
 .text.VL53L1_i2c_encode_customer_nvm_managed
                0x000000000800d268      0x122 Drivers/BSP/Components/vl53l1x/core/vl53l1_register_funcs.o
                0x000000000800d268                VL53L1_i2c_encode_customer_nvm_managed
 .text.VL53L1_i2c_decode_customer_nvm_managed
                0x000000000800d38a      0x128 Drivers/BSP/Components/vl53l1x/core/vl53l1_register_funcs.o
                0x000000000800d38a                VL53L1_i2c_decode_customer_nvm_managed
 .text.VL53L1_get_customer_nvm_managed
                0x000000000800d4b2       0x62 Drivers/BSP/Components/vl53l1x/core/vl53l1_register_funcs.o
                0x000000000800d4b2                VL53L1_get_customer_nvm_managed
 .text.VL53L1_i2c_encode_static_config
                0x000000000800d514      0x1d4 Drivers/BSP/Components/vl53l1x/core/vl53l1_register_funcs.o
                0x000000000800d514                VL53L1_i2c_encode_static_config
 .text.VL53L1_i2c_encode_general_config
                0x000000000800d6e8      0x116 Drivers/BSP/Components/vl53l1x/core/vl53l1_register_funcs.o
                0x000000000800d6e8                VL53L1_i2c_encode_general_config
 .text.VL53L1_i2c_encode_timing_config
                0x000000000800d7fe      0x112 Drivers/BSP/Components/vl53l1x/core/vl53l1_register_funcs.o
                0x000000000800d7fe                VL53L1_i2c_encode_timing_config
 .text.VL53L1_i2c_encode_dynamic_config
                0x000000000800d910      0x118 Drivers/BSP/Components/vl53l1x/core/vl53l1_register_funcs.o
                0x000000000800d910                VL53L1_i2c_encode_dynamic_config
 .text.VL53L1_i2c_encode_system_control
                0x000000000800da28       0x80 Drivers/BSP/Components/vl53l1x/core/vl53l1_register_funcs.o
                0x000000000800da28                VL53L1_i2c_encode_system_control
 .text.VL53L1_set_system_control
                0x000000000800daa8       0x62 Drivers/BSP/Components/vl53l1x/core/vl53l1_register_funcs.o
                0x000000000800daa8                VL53L1_set_system_control
 .text.VL53L1_i2c_decode_system_results
                0x000000000800db0a      0x1fa Drivers/BSP/Components/vl53l1x/core/vl53l1_register_funcs.o
                0x000000000800db0a                VL53L1_i2c_decode_system_results
 .text.VL53L1_i2c_decode_core_results
                0x000000000800dd04       0xd2 Drivers/BSP/Components/vl53l1x/core/vl53l1_register_funcs.o
                0x000000000800dd04                VL53L1_i2c_decode_core_results
 .text.VL53L1_i2c_decode_debug_results
                0x000000000800ddd6      0x2f4 Drivers/BSP/Components/vl53l1x/core/vl53l1_register_funcs.o
                0x000000000800ddd6                VL53L1_i2c_decode_debug_results
 .text.VL53L1_i2c_decode_nvm_copy_data
                0x000000000800e0ca      0x25a Drivers/BSP/Components/vl53l1x/core/vl53l1_register_funcs.o
                0x000000000800e0ca                VL53L1_i2c_decode_nvm_copy_data
 .text.VL53L1_get_nvm_copy_data
                0x000000000800e324       0x66 Drivers/BSP/Components/vl53l1x/core/vl53l1_register_funcs.o
                0x000000000800e324                VL53L1_get_nvm_copy_data
 .text.VL53L1_poll_for_boot_completion
                0x000000000800e38a       0x70 Drivers/BSP/Components/vl53l1x/core/vl53l1_wait.o
                0x000000000800e38a                VL53L1_poll_for_boot_completion
 .text.VL53L1_poll_for_range_completion
                0x000000000800e3fa       0x7e Drivers/BSP/Components/vl53l1x/core/vl53l1_wait.o
                0x000000000800e3fa                VL53L1_poll_for_range_completion
 .text._I2CWrite
                0x000000000800e478       0x42 Drivers/BSP/Components/vl53l1x/platform/vl53l1_platform.o
                0x000000000800e478                _I2CWrite
 .text._I2CRead
                0x000000000800e4ba       0x48 Drivers/BSP/Components/vl53l1x/platform/vl53l1_platform.o
                0x000000000800e4ba                _I2CRead
 *fill*         0x000000000800e502        0x2 
 .text.VL53L1_WriteMulti
                0x000000000800e504       0x88 Drivers/BSP/Components/vl53l1x/platform/vl53l1_platform.o
                0x000000000800e504                VL53L1_WriteMulti
 .text.VL53L1_ReadMulti
                0x000000000800e58c       0x8c Drivers/BSP/Components/vl53l1x/platform/vl53l1_platform.o
                0x000000000800e58c                VL53L1_ReadMulti
 .text.VL53L1_WrByte
                0x000000000800e618       0x70 Drivers/BSP/Components/vl53l1x/platform/vl53l1_platform.o
                0x000000000800e618                VL53L1_WrByte
 .text.VL53L1_RdByte
                0x000000000800e688       0x88 Drivers/BSP/Components/vl53l1x/platform/vl53l1_platform.o
                0x000000000800e688                VL53L1_RdByte
 .text.VL53L1_RdWord
                0x000000000800e710       0xa0 Drivers/BSP/Components/vl53l1x/platform/vl53l1_platform.o
                0x000000000800e710                VL53L1_RdWord
 .text.VL53L1_GetTickCount
                0x000000000800e7b0       0x24 Drivers/BSP/Components/vl53l1x/platform/vl53l1_platform.o
                0x000000000800e7b0                VL53L1_GetTickCount
 .text.VL53L1_WaitMs
                0x000000000800e7d4       0x1c Drivers/BSP/Components/vl53l1x/platform/vl53l1_platform.o
                0x000000000800e7d4                VL53L1_WaitMs
 .text.VL53L1_WaitUs
                0x000000000800e7f0       0x28 Drivers/BSP/Components/vl53l1x/platform/vl53l1_platform.o
                0x000000000800e7f0                VL53L1_WaitUs
 .text.VL53L1_WaitValueMaskEx
                0x000000000800e818      0x1a0 Drivers/BSP/Components/vl53l1x/platform/vl53l1_platform.o
                0x000000000800e818                VL53L1_WaitValueMaskEx
 .text.Stspin220_Board_Delay
                0x000000000800e9b8       0x18 Drivers/BSP/X-NUCLEO-IHMxx/x_nucleo_ihm06a1_stm32l0xx.o
                0x000000000800e9b8                Stspin220_Board_Delay
 .text.Stspin220_Board_GpioInit
                0x000000000800e9d0      0x114 Drivers/BSP/X-NUCLEO-IHMxx/x_nucleo_ihm06a1_stm32l0xx.o
                0x000000000800e9d0                Stspin220_Board_GpioInit
 .text.Stspin220_Board_TimStckStart
                0x000000000800eae4       0x48 Drivers/BSP/X-NUCLEO-IHMxx/x_nucleo_ihm06a1_stm32l0xx.o
                0x000000000800eae4                Stspin220_Board_TimStckStart
 .text.Stspin220_Board_TimStckCompareInit
                0x000000000800eb2c       0x1c Drivers/BSP/X-NUCLEO-IHMxx/x_nucleo_ihm06a1_stm32l0xx.o
                0x000000000800eb2c                Stspin220_Board_TimStckCompareInit
 .text.Stspin220_Board_TimStckSetFreq
                0x000000000800eb48       0x48 Drivers/BSP/X-NUCLEO-IHMxx/x_nucleo_ihm06a1_stm32l0xx.o
                0x000000000800eb48                Stspin220_Board_TimStckSetFreq
 .text.Stspin220_Board_PwmRefStart
                0x000000000800eb90       0x20 Drivers/BSP/X-NUCLEO-IHMxx/x_nucleo_ihm06a1_stm32l0xx.o
                0x000000000800eb90                Stspin220_Board_PwmRefStart
 .text.Stspin220_Board_PwmRefSetFreqAndDutyCycle
                0x000000000800ebb0       0x84 Drivers/BSP/X-NUCLEO-IHMxx/x_nucleo_ihm06a1_stm32l0xx.o
                0x000000000800ebb0                Stspin220_Board_PwmRefSetFreqAndDutyCycle
 .text.Stspin220_Board_PwmRefInit
                0x000000000800ec34       0x78 Drivers/BSP/X-NUCLEO-IHMxx/x_nucleo_ihm06a1_stm32l0xx.o
                0x000000000800ec34                Stspin220_Board_PwmRefInit
 .text.Stspin220_Board_TimStckInit
                0x000000000800ecac       0xb0 Drivers/BSP/X-NUCLEO-IHMxx/x_nucleo_ihm06a1_stm32l0xx.o
                0x000000000800ecac                Stspin220_Board_TimStckInit
 .text.Stspin220_Board_TimStckDeInit
                0x000000000800ed5c       0x18 Drivers/BSP/X-NUCLEO-IHMxx/x_nucleo_ihm06a1_stm32l0xx.o
                0x000000000800ed5c                Stspin220_Board_TimStckDeInit
 .text.Stspin220_Board_TimStckStop
                0x000000000800ed74       0x58 Drivers/BSP/X-NUCLEO-IHMxx/x_nucleo_ihm06a1_stm32l0xx.o
                0x000000000800ed74                Stspin220_Board_TimStckStop
 .text.Stspin220_Board_ReleaseReset
                0x000000000800edcc       0x1c Drivers/BSP/X-NUCLEO-IHMxx/x_nucleo_ihm06a1_stm32l0xx.o
                0x000000000800edcc                Stspin220_Board_ReleaseReset
 .text.Stspin220_Board_Reset
                0x000000000800ede8       0x1c Drivers/BSP/X-NUCLEO-IHMxx/x_nucleo_ihm06a1_stm32l0xx.o
                0x000000000800ede8                Stspin220_Board_Reset
 .text.Stspin220_Board_SetDirectionGpio
                0x000000000800ee04       0x26 Drivers/BSP/X-NUCLEO-IHMxx/x_nucleo_ihm06a1_stm32l0xx.o
                0x000000000800ee04                Stspin220_Board_SetDirectionGpio
 *fill*         0x000000000800ee2a        0x2 
 .text.Stspin220_Board_Disable
                0x000000000800ee2c       0x5c Drivers/BSP/X-NUCLEO-IHMxx/x_nucleo_ihm06a1_stm32l0xx.o
                0x000000000800ee2c                Stspin220_Board_Disable
 .text.Stspin220_Board_Enable
                0x000000000800ee88       0x7c Drivers/BSP/X-NUCLEO-IHMxx/x_nucleo_ihm06a1_stm32l0xx.o
                0x000000000800ee88                Stspin220_Board_Enable
 .text.Stspin220_Board_EN_AND_FAULT_PIN_GetState
                0x000000000800ef04       0x20 Drivers/BSP/X-NUCLEO-IHMxx/x_nucleo_ihm06a1_stm32l0xx.o
                0x000000000800ef04                Stspin220_Board_EN_AND_FAULT_PIN_GetState
 .text.Stspin220_Board_SetModePins
                0x000000000800ef24       0xf0 Drivers/BSP/X-NUCLEO-IHMxx/x_nucleo_ihm06a1_stm32l0xx.o
                0x000000000800ef24                Stspin220_Board_SetModePins
 .text.Stspin220_Board_SetFullStep
                0x000000000800f014       0x28 Drivers/BSP/X-NUCLEO-IHMxx/x_nucleo_ihm06a1_stm32l0xx.o
                0x000000000800f014                Stspin220_Board_SetFullStep
 .text.Stspin220_Board_UnsetFullStep
                0x000000000800f03c       0x1c Drivers/BSP/X-NUCLEO-IHMxx/x_nucleo_ihm06a1_stm32l0xx.o
                0x000000000800f03c                Stspin220_Board_UnsetFullStep
 .text.L6474_GetMotorHandle
                0x000000000800f058        0xc Drivers/BSP/X-NUCLEO-IHMxx/x_nucleo_ihmxx.o
                0x000000000800f058                L6474_GetMotorHandle
 .text.l647x_GetMotorHandle
                0x000000000800f064        0xc Drivers/BSP/X-NUCLEO-IHMxx/x_nucleo_ihmxx.o
                0x000000000800f064                l647x_GetMotorHandle
 .text.l648x_GetMotorHandle
                0x000000000800f070        0xc Drivers/BSP/X-NUCLEO-IHMxx/x_nucleo_ihmxx.o
                0x000000000800f070                l648x_GetMotorHandle
 .text.Powerstep01_GetMotorHandle
                0x000000000800f07c        0xc Drivers/BSP/X-NUCLEO-IHMxx/x_nucleo_ihmxx.o
                0x000000000800f07c                Powerstep01_GetMotorHandle
 .text.L6206_GetMotorHandle
                0x000000000800f088        0xc Drivers/BSP/X-NUCLEO-IHMxx/x_nucleo_ihmxx.o
                0x000000000800f088                L6206_GetMotorHandle
 .text.L6208_GetMotorHandle
                0x000000000800f094        0xc Drivers/BSP/X-NUCLEO-IHMxx/x_nucleo_ihmxx.o
                0x000000000800f094                L6208_GetMotorHandle
 .text.Stspin240_250_GetMotorHandle
                0x000000000800f0a0        0xc Drivers/BSP/X-NUCLEO-IHMxx/x_nucleo_ihmxx.o
                0x000000000800f0a0                Stspin240_250_GetMotorHandle
 .text.BSP_MotorControl_AttachErrorHandler
                0x000000000800f0ac       0x44 Drivers/BSP/X-NUCLEO-IHMxx/x_nucleo_ihmxx.o
                0x000000000800f0ac                BSP_MotorControl_AttachErrorHandler
 .text.BSP_MotorControl_AttachFlagInterrupt
                0x000000000800f0f0       0x44 Drivers/BSP/X-NUCLEO-IHMxx/x_nucleo_ihmxx.o
                0x000000000800f0f0                BSP_MotorControl_AttachFlagInterrupt
 .text.BSP_MotorControl_ErrorHandler
                0x000000000800f134       0x40 Drivers/BSP/X-NUCLEO-IHMxx/x_nucleo_ihmxx.o
                0x000000000800f134                BSP_MotorControl_ErrorHandler
 .text.BSP_MotorControl_Init
                0x000000000800f174       0x48 Drivers/BSP/X-NUCLEO-IHMxx/x_nucleo_ihmxx.o
                0x000000000800f174                BSP_MotorControl_Init
 .text.BSP_MotorControl_GetPosition
                0x000000000800f1bc       0x50 Drivers/BSP/X-NUCLEO-IHMxx/x_nucleo_ihmxx.o
                0x000000000800f1bc                BSP_MotorControl_GetPosition
 .text.BSP_MotorControl_GoTo
                0x000000000800f20c       0x4c Drivers/BSP/X-NUCLEO-IHMxx/x_nucleo_ihmxx.o
                0x000000000800f20c                BSP_MotorControl_GoTo
 .text.BSP_MotorControl_Move
                0x000000000800f258       0x58 Drivers/BSP/X-NUCLEO-IHMxx/x_nucleo_ihmxx.o
                0x000000000800f258                BSP_MotorControl_Move
 .text.BSP_MotorControl_Run
                0x000000000800f2b0       0x54 Drivers/BSP/X-NUCLEO-IHMxx/x_nucleo_ihmxx.o
                0x000000000800f2b0                BSP_MotorControl_Run
 .text.BSP_MotorControl_SetAcceleration
                0x000000000800f304       0x64 Drivers/BSP/X-NUCLEO-IHMxx/x_nucleo_ihmxx.o
                0x000000000800f304                BSP_MotorControl_SetAcceleration
 .text.BSP_MotorControl_SetDeceleration
                0x000000000800f368       0x64 Drivers/BSP/X-NUCLEO-IHMxx/x_nucleo_ihmxx.o
                0x000000000800f368                BSP_MotorControl_SetDeceleration
 .text.BSP_MotorControl_SetHome
                0x000000000800f3cc       0x4c Drivers/BSP/X-NUCLEO-IHMxx/x_nucleo_ihmxx.o
                0x000000000800f3cc                BSP_MotorControl_SetHome
 .text.BSP_MotorControl_SetMaxSpeed
                0x000000000800f418       0x64 Drivers/BSP/X-NUCLEO-IHMxx/x_nucleo_ihmxx.o
                0x000000000800f418                BSP_MotorControl_SetMaxSpeed
 .text.BSP_MotorControl_SoftStop
                0x000000000800f47c       0x5c Drivers/BSP/X-NUCLEO-IHMxx/x_nucleo_ihmxx.o
                0x000000000800f47c                BSP_MotorControl_SoftStop
 .text.BSP_MotorControl_StepClockHandler
                0x000000000800f4d8       0x48 Drivers/BSP/X-NUCLEO-IHMxx/x_nucleo_ihmxx.o
                0x000000000800f4d8                BSP_MotorControl_StepClockHandler
 .text.BSP_MotorControl_WaitWhileActive
                0x000000000800f520       0x48 Drivers/BSP/X-NUCLEO-IHMxx/x_nucleo_ihmxx.o
                0x000000000800f520                BSP_MotorControl_WaitWhileActive
 .text.BSP_MotorControl_CmdDisable
                0x000000000800f568       0x48 Drivers/BSP/X-NUCLEO-IHMxx/x_nucleo_ihmxx.o
                0x000000000800f568                BSP_MotorControl_CmdDisable
 .text.BSP_MotorControl_GetBridgeInputPwmFreq
                0x000000000800f5b0       0x58 Drivers/BSP/X-NUCLEO-IHMxx/x_nucleo_ihmxx.o
                0x000000000800f5b0                BSP_MotorControl_GetBridgeInputPwmFreq
 .text.BSP_MotorControl_SetStopMode
                0x000000000800f608       0x5c Drivers/BSP/X-NUCLEO-IHMxx/x_nucleo_ihmxx.o
                0x000000000800f608                BSP_MotorControl_SetStopMode
 .text.BSP_MotorControl_SetNbDevices
                0x000000000800f664      0x158 Drivers/BSP/X-NUCLEO-IHMxx/x_nucleo_ihmxx.o
                0x000000000800f664                BSP_MotorControl_SetNbDevices
 .text.HAL_Init
                0x000000000800f7bc       0x40 Drivers/STM32L0xx_HAL_Driver/Src/stm32l0xx_hal.o
                0x000000000800f7bc                HAL_Init
 .text.HAL_InitTick
                0x000000000800f7fc       0x68 Drivers/STM32L0xx_HAL_Driver/Src/stm32l0xx_hal.o
                0x000000000800f7fc                HAL_InitTick
 .text.HAL_IncTick
                0x000000000800f864       0x24 Drivers/STM32L0xx_HAL_Driver/Src/stm32l0xx_hal.o
                0x000000000800f864                HAL_IncTick
 .text.HAL_GetTick
                0x000000000800f888       0x14 Drivers/STM32L0xx_HAL_Driver/Src/stm32l0xx_hal.o
                0x000000000800f888                HAL_GetTick
 .text.HAL_Delay
                0x000000000800f89c       0x48 Drivers/STM32L0xx_HAL_Driver/Src/stm32l0xx_hal.o
                0x000000000800f89c                HAL_Delay
 .text.NVIC_EnableIRQ
                0x000000000800f8e4       0x2c Drivers/STM32L0xx_HAL_Driver/Src/stm32l0xx_hal_cortex.o
 .text.NVIC_DisableIRQ
                0x000000000800f910       0x30 Drivers/STM32L0xx_HAL_Driver/Src/stm32l0xx_hal_cortex.o
 .text.NVIC_ClearPendingIRQ
                0x000000000800f940       0x30 Drivers/STM32L0xx_HAL_Driver/Src/stm32l0xx_hal_cortex.o
 .text.NVIC_SetPriority
                0x000000000800f970       0xdc Drivers/STM32L0xx_HAL_Driver/Src/stm32l0xx_hal_cortex.o
 .text.SysTick_Config
                0x000000000800fa4c       0x48 Drivers/STM32L0xx_HAL_Driver/Src/stm32l0xx_hal_cortex.o
 .text.HAL_NVIC_SetPriority
                0x000000000800fa94       0x2a Drivers/STM32L0xx_HAL_Driver/Src/stm32l0xx_hal_cortex.o
                0x000000000800fa94                HAL_NVIC_SetPriority
 .text.HAL_NVIC_EnableIRQ
                0x000000000800fabe       0x20 Drivers/STM32L0xx_HAL_Driver/Src/stm32l0xx_hal_cortex.o
                0x000000000800fabe                HAL_NVIC_EnableIRQ
 .text.HAL_NVIC_DisableIRQ
                0x000000000800fade       0x20 Drivers/STM32L0xx_HAL_Driver/Src/stm32l0xx_hal_cortex.o
                0x000000000800fade                HAL_NVIC_DisableIRQ
 .text.HAL_SYSTICK_Config
                0x000000000800fafe       0x1a Drivers/STM32L0xx_HAL_Driver/Src/stm32l0xx_hal_cortex.o
                0x000000000800fafe                HAL_SYSTICK_Config
 .text.HAL_NVIC_ClearPendingIRQ
                0x000000000800fb18       0x20 Drivers/STM32L0xx_HAL_Driver/Src/stm32l0xx_hal_cortex.o
                0x000000000800fb18                HAL_NVIC_ClearPendingIRQ
 .text.HAL_DMA_Abort_IT
                0x000000000800fb38       0x8e Drivers/STM32L0xx_HAL_Driver/Src/stm32l0xx_hal_dma.o
                0x000000000800fb38                HAL_DMA_Abort_IT
 *fill*         0x000000000800fbc6        0x2 
 .text.HAL_GPIO_Init
                0x000000000800fbc8      0x2fc Drivers/STM32L0xx_HAL_Driver/Src/stm32l0xx_hal_gpio.o
                0x000000000800fbc8                HAL_GPIO_Init
 .text.HAL_GPIO_DeInit
                0x000000000800fec4      0x1c4 Drivers/STM32L0xx_HAL_Driver/Src/stm32l0xx_hal_gpio.o
                0x000000000800fec4                HAL_GPIO_DeInit
 .text.HAL_GPIO_ReadPin
                0x0000000008010088       0x3a Drivers/STM32L0xx_HAL_Driver/Src/stm32l0xx_hal_gpio.o
                0x0000000008010088                HAL_GPIO_ReadPin
 .text.HAL_GPIO_WritePin
                0x00000000080100c2       0x3a Drivers/STM32L0xx_HAL_Driver/Src/stm32l0xx_hal_gpio.o
                0x00000000080100c2                HAL_GPIO_WritePin
 .text.HAL_I2C_Init
                0x00000000080100fc      0x12c Drivers/STM32L0xx_HAL_Driver/Src/stm32l0xx_hal_i2c.o
                0x00000000080100fc                HAL_I2C_Init
 .text.HAL_I2C_Master_Transmit
                0x0000000008010228      0x210 Drivers/STM32L0xx_HAL_Driver/Src/stm32l0xx_hal_i2c.o
                0x0000000008010228                HAL_I2C_Master_Transmit
 .text.HAL_I2C_Master_Receive
                0x0000000008010438      0x210 Drivers/STM32L0xx_HAL_Driver/Src/stm32l0xx_hal_i2c.o
                0x0000000008010438                HAL_I2C_Master_Receive
 .text.I2C_Flush_TXDR
                0x0000000008010648       0x44 Drivers/STM32L0xx_HAL_Driver/Src/stm32l0xx_hal_i2c.o
 .text.I2C_WaitOnFlagUntilTimeout
                0x000000000801068c       0x7e Drivers/STM32L0xx_HAL_Driver/Src/stm32l0xx_hal_i2c.o
 .text.I2C_WaitOnTXISFlagUntilTimeout
                0x000000000801070a       0x7e Drivers/STM32L0xx_HAL_Driver/Src/stm32l0xx_hal_i2c.o
 .text.I2C_WaitOnSTOPFlagUntilTimeout
                0x0000000008010788       0x78 Drivers/STM32L0xx_HAL_Driver/Src/stm32l0xx_hal_i2c.o
 .text.I2C_WaitOnRXNEFlagUntilTimeout
                0x0000000008010800       0xd8 Drivers/STM32L0xx_HAL_Driver/Src/stm32l0xx_hal_i2c.o
 .text.I2C_IsAcknowledgeFailed
                0x00000000080108d8       0xcc Drivers/STM32L0xx_HAL_Driver/Src/stm32l0xx_hal_i2c.o
 .text.I2C_TransferConfig
                0x00000000080109a4       0x6c Drivers/STM32L0xx_HAL_Driver/Src/stm32l0xx_hal_i2c.o
 .text.HAL_I2CEx_ConfigAnalogFilter
                0x0000000008010a10       0x98 Drivers/STM32L0xx_HAL_Driver/Src/stm32l0xx_hal_i2c_ex.o
                0x0000000008010a10                HAL_I2CEx_ConfigAnalogFilter
 .text.HAL_I2CEx_ConfigDigitalFilter
                0x0000000008010aa8       0x98 Drivers/STM32L0xx_HAL_Driver/Src/stm32l0xx_hal_i2c_ex.o
                0x0000000008010aa8                HAL_I2CEx_ConfigDigitalFilter
 .text.HAL_RCC_OscConfig
                0x0000000008010b40      0x7a0 Drivers/STM32L0xx_HAL_Driver/Src/stm32l0xx_hal_rcc.o
                0x0000000008010b40                HAL_RCC_OscConfig
 .text.HAL_RCC_ClockConfig
                0x00000000080112e0      0x254 Drivers/STM32L0xx_HAL_Driver/Src/stm32l0xx_hal_rcc.o
                0x00000000080112e0                HAL_RCC_ClockConfig
 .text.HAL_RCC_GetSysClockFreq
                0x0000000008011534      0x10c Drivers/STM32L0xx_HAL_Driver/Src/stm32l0xx_hal_rcc.o
                0x0000000008011534                HAL_RCC_GetSysClockFreq
 .text.HAL_RCC_GetHCLKFreq
                0x0000000008011640       0x14 Drivers/STM32L0xx_HAL_Driver/Src/stm32l0xx_hal_rcc.o
                0x0000000008011640                HAL_RCC_GetHCLKFreq
 .text.HAL_RCC_GetPCLK1Freq
                0x0000000008011654       0x2c Drivers/STM32L0xx_HAL_Driver/Src/stm32l0xx_hal_rcc.o
                0x0000000008011654                HAL_RCC_GetPCLK1Freq
 .text.HAL_RCC_GetPCLK2Freq
                0x0000000008011680       0x2c Drivers/STM32L0xx_HAL_Driver/Src/stm32l0xx_hal_rcc.o
                0x0000000008011680                HAL_RCC_GetPCLK2Freq
 .text.HAL_RCCEx_PeriphCLKConfig
                0x00000000080116ac      0x2e4 Drivers/STM32L0xx_HAL_Driver/Src/stm32l0xx_hal_rcc_ex.o
                0x00000000080116ac                HAL_RCCEx_PeriphCLKConfig
 .text.HAL_TIM_OC_Init
                0x0000000008011990       0x58 Drivers/STM32L0xx_HAL_Driver/Src/stm32l0xx_hal_tim.o
                0x0000000008011990                HAL_TIM_OC_Init
 .text.HAL_TIM_OC_DeInit
                0x00000000080119e8       0x54 Drivers/STM32L0xx_HAL_Driver/Src/stm32l0xx_hal_tim.o
                0x00000000080119e8                HAL_TIM_OC_DeInit
 .text.HAL_TIM_OC_Start_IT
                0x0000000008011a3c       0xb4 Drivers/STM32L0xx_HAL_Driver/Src/stm32l0xx_hal_tim.o
                0x0000000008011a3c                HAL_TIM_OC_Start_IT
 .text.HAL_TIM_OC_Stop_IT
                0x0000000008011af0       0xb4 Drivers/STM32L0xx_HAL_Driver/Src/stm32l0xx_hal_tim.o
                0x0000000008011af0                HAL_TIM_OC_Stop_IT
 .text.HAL_TIM_PWM_Init
                0x0000000008011ba4       0x58 Drivers/STM32L0xx_HAL_Driver/Src/stm32l0xx_hal_tim.o
                0x0000000008011ba4                HAL_TIM_PWM_Init
 .text.HAL_TIM_PWM_Start_IT
                0x0000000008011bfc       0xb4 Drivers/STM32L0xx_HAL_Driver/Src/stm32l0xx_hal_tim.o
                0x0000000008011bfc                HAL_TIM_PWM_Start_IT
 .text.HAL_TIM_IRQHandler
                0x0000000008011cb0      0x1d0 Drivers/STM32L0xx_HAL_Driver/Src/stm32l0xx_hal_tim.o
                0x0000000008011cb0                HAL_TIM_IRQHandler
 .text.HAL_TIM_OC_ConfigChannel
                0x0000000008011e80       0xac Drivers/STM32L0xx_HAL_Driver/Src/stm32l0xx_hal_tim.o
                0x0000000008011e80                HAL_TIM_OC_ConfigChannel
 .text.HAL_TIM_PWM_ConfigChannel
                0x0000000008011f2c      0x188 Drivers/STM32L0xx_HAL_Driver/Src/stm32l0xx_hal_tim.o
                0x0000000008011f2c                HAL_TIM_PWM_ConfigChannel
 .text.HAL_TIM_PeriodElapsedCallback
                0x00000000080120b4       0x10 Drivers/STM32L0xx_HAL_Driver/Src/stm32l0xx_hal_tim.o
                0x00000000080120b4                HAL_TIM_PeriodElapsedCallback
 .text.HAL_TIM_IC_CaptureCallback
                0x00000000080120c4       0x10 Drivers/STM32L0xx_HAL_Driver/Src/stm32l0xx_hal_tim.o
                0x00000000080120c4                HAL_TIM_IC_CaptureCallback
 .text.HAL_TIM_PWM_PulseFinishedCallback
                0x00000000080120d4       0x10 Drivers/STM32L0xx_HAL_Driver/Src/stm32l0xx_hal_tim.o
                0x00000000080120d4                HAL_TIM_PWM_PulseFinishedCallback
 .text.HAL_TIM_TriggerCallback
                0x00000000080120e4       0x10 Drivers/STM32L0xx_HAL_Driver/Src/stm32l0xx_hal_tim.o
                0x00000000080120e4                HAL_TIM_TriggerCallback
 .text.TIM_Base_SetConfig
                0x00000000080120f4       0xbc Drivers/STM32L0xx_HAL_Driver/Src/stm32l0xx_hal_tim.o
 .text.TIM_OC1_SetConfig
                0x00000000080121b0       0x78 Drivers/STM32L0xx_HAL_Driver/Src/stm32l0xx_hal_tim.o
 .text.TIM_OC2_SetConfig
                0x0000000008012228       0x84 Drivers/STM32L0xx_HAL_Driver/Src/stm32l0xx_hal_tim.o
 .text.TIM_OC3_SetConfig
                0x00000000080122ac       0x80 Drivers/STM32L0xx_HAL_Driver/Src/stm32l0xx_hal_tim.o
 .text.TIM_OC4_SetConfig
                0x000000000801232c       0x8c Drivers/STM32L0xx_HAL_Driver/Src/stm32l0xx_hal_tim.o
 .text.TIM_CCxChannelCmd
                0x00000000080123b8       0x46 Drivers/STM32L0xx_HAL_Driver/Src/stm32l0xx_hal_tim.o
 .text.HAL_TIMEx_MasterConfigSynchronization
                0x00000000080123fe       0x86 Drivers/STM32L0xx_HAL_Driver/Src/stm32l0xx_hal_tim_ex.o
                0x00000000080123fe                HAL_TIMEx_MasterConfigSynchronization
 .text.HAL_UART_Init
                0x0000000008012484       0xa8 Drivers/STM32L0xx_HAL_Driver/Src/stm32l0xx_hal_uart.o
                0x0000000008012484                HAL_UART_Init
 .text.HAL_UART_Transmit
                0x000000000801252c      0x14e Drivers/STM32L0xx_HAL_Driver/Src/stm32l0xx_hal_uart.o
                0x000000000801252c                HAL_UART_Transmit
 *fill*         0x000000000801267a        0x2 
 .text.HAL_UART_Receive_IT
                0x000000000801267c      0x170 Drivers/STM32L0xx_HAL_Driver/Src/stm32l0xx_hal_uart.o
                0x000000000801267c                HAL_UART_Receive_IT
 .text.HAL_UART_IRQHandler
                0x00000000080127ec      0x248 Drivers/STM32L0xx_HAL_Driver/Src/stm32l0xx_hal_uart.o
                0x00000000080127ec                HAL_UART_IRQHandler
 .text.HAL_UART_TxCpltCallback
                0x0000000008012a34       0x10 Drivers/STM32L0xx_HAL_Driver/Src/stm32l0xx_hal_uart.o
                0x0000000008012a34                HAL_UART_TxCpltCallback
 .text.HAL_UART_ErrorCallback
                0x0000000008012a44       0x10 Drivers/STM32L0xx_HAL_Driver/Src/stm32l0xx_hal_uart.o
                0x0000000008012a44                HAL_UART_ErrorCallback
 .text.UART_SetConfig
                0x0000000008012a54      0x66c Drivers/STM32L0xx_HAL_Driver/Src/stm32l0xx_hal_uart.o
                0x0000000008012a54                UART_SetConfig
 .text.UART_AdvFeatureConfig
                0x00000000080130c0      0x168 Drivers/STM32L0xx_HAL_Driver/Src/stm32l0xx_hal_uart.o
                0x00000000080130c0                UART_AdvFeatureConfig
 .text.UART_CheckIdleState
                0x0000000008013228       0x88 Drivers/STM32L0xx_HAL_Driver/Src/stm32l0xx_hal_uart.o
                0x0000000008013228                UART_CheckIdleState
 .text.UART_WaitOnFlagUntilTimeout
                0x00000000080132b0       0x94 Drivers/STM32L0xx_HAL_Driver/Src/stm32l0xx_hal_uart.o
                0x00000000080132b0                UART_WaitOnFlagUntilTimeout
 .text.UART_EndRxTransfer
                0x0000000008013344       0x40 Drivers/STM32L0xx_HAL_Driver/Src/stm32l0xx_hal_uart.o
 .text.UART_DMAAbortOnError
                0x0000000008013384       0x2e Drivers/STM32L0xx_HAL_Driver/Src/stm32l0xx_hal_uart.o
 .text.UART_EndTransmit_IT
                0x00000000080133b2       0x34 Drivers/STM32L0xx_HAL_Driver/Src/stm32l0xx_hal_uart.o
 *fill*         0x00000000080133e6        0x2 