Archive member included to satisfy reference by file (symbol)

c:/st/stm32cubeide_1.4.0/stm32cubeide/plugins/com.st.stm32cube.ide.mcu.externaltools.gnu-tools-for-stm32.7-2018-q2-update.win32_1.4.0.202007081208/tools/bin/../lib/gcc/arm-none-eabi/7.3.1/../../../../arm-none-eabi/lib/thumb/v6-m\libc_nano.a(lib_a-errno.o)
                              Core/Src/syscalls.o (__errno)
c:/st/stm32cubeide_1.4.0/stm32cubeide/plugins/com.st.stm32cube.ide.mcu.externaltools.gnu-tools-for-stm32.7-2018-q2-update.win32_1.4.0.202007081208/tools/bin/../lib/gcc/arm-none-eabi/7.3.1/../../../../arm-none-eabi/lib/thumb/v6-m\libc_nano.a(lib_a-exit.o)
                              c:/st/stm32cubeide_1.4.0/stm32cubeide/plugins/com.st.stm32cube.ide.mcu.externaltools.gnu-tools-for-stm32.7-2018-q2-update.win32_1.4.0.202007081208/tools/bin/../lib/gcc/arm-none-eabi/7.3.1/../../../../arm-none-eabi/lib/thumb/v6-m/crt0.o (exit)
c:/st/stm32cubeide_1.4.0/stm32cubeide/plugins/com.st.stm32cube.ide.mcu.externaltools.gnu-tools-for-stm32.7-2018-q2-update.win32_1.4.0.202007081208/tools/bin/../lib/gcc/arm-none-eabi/7.3.1/../../../../arm-none-eabi/lib/thumb/v6-m\libc_nano.a(lib_a-impure.o)
                              c:/st/stm32cubeide_1.4.0/stm32cubeide/plugins/com.st.stm32cube.ide.mcu.externaltools.gnu-tools-for-stm32.7-2018-q2-update.win32_1.4.0.202007081208/tools/bin/../lib/gcc/arm-none-eabi/7.3.1/../../../../arm-none-eabi/lib/thumb/v6-m\libc_nano.a(lib_a-exit.o) (_global_impure_ptr)
c:/st/stm32cubeide_1.4.0/stm32cubeide/plugins/com.st.stm32cube.ide.mcu.externaltools.gnu-tools-for-stm32.7-2018-q2-update.win32_1.4.0.202007081208/tools/bin/../lib/gcc/arm-none-eabi/7.3.1/../../../../arm-none-eabi/lib/thumb/v6-m\libc_nano.a(lib_a-init.o)
                              c:/st/stm32cubeide_1.4.0/stm32cubeide/plugins/com.st.stm32cube.ide.mcu.externaltools.gnu-tools-for-stm32.7-2018-q2-update.win32_1.4.0.202007081208/tools/bin/../lib/gcc/arm-none-eabi/7.3.1/../../../../arm-none-eabi/lib/thumb/v6-m/crt0.o (__libc_init_array)
c:/st/stm32cubeide_1.4.0/stm32cubeide/plugins/com.st.stm32cube.ide.mcu.externaltools.gnu-tools-for-stm32.7-2018-q2-update.win32_1.4.0.202007081208/tools/bin/../lib/gcc/arm-none-eabi/7.3.1/../../../../arm-none-eabi/lib/thumb/v6-m\libc_nano.a(lib_a-memcpy-stub.o)
                              Drivers/BSP/Components/vl53l1x/core/vl53l1_api.o (memcpy)
c:/st/stm32cubeide_1.4.0/stm32cubeide/plugins/com.st.stm32cube.ide.mcu.externaltools.gnu-tools-for-stm32.7-2018-q2-update.win32_1.4.0.202007081208/tools/bin/../lib/gcc/arm-none-eabi/7.3.1/../../../../arm-none-eabi/lib/thumb/v6-m\libc_nano.a(lib_a-memset.o)
                              c:/st/stm32cubeide_1.4.0/stm32cubeide/plugins/com.st.stm32cube.ide.mcu.externaltools.gnu-tools-for-stm32.7-2018-q2-update.win32_1.4.0.202007081208/tools/bin/../lib/gcc/arm-none-eabi/7.3.1/../../../../arm-none-eabi/lib/thumb/v6-m/crt0.o (memset)
c:/st/stm32cubeide_1.4.0/stm32cubeide/plugins/com.st.stm32cube.ide.mcu.externaltools.gnu-tools-for-stm32.7-2018-q2-update.win32_1.4.0.202007081208/tools/bin/../lib/gcc/arm-none-eabi/7.3.1/../../../../arm-none-eabi/lib/thumb/v6-m\libc_nano.a(lib_a-nano-vfprintf_float.o)
                              (_printf_float)
c:/st/stm32cubeide_1.4.0/stm32cubeide/plugins/com.st.stm32cube.ide.mcu.externaltools.gnu-tools-for-stm32.7-2018-q2-update.win32_1.4.0.202007081208/tools/bin/../lib/gcc/arm-none-eabi/7.3.1/../../../../arm-none-eabi/lib/thumb/v6-m\libc_nano.a(lib_a-nano-vfprintf_i.o)
                              c:/st/stm32cubeide_1.4.0/stm32cubeide/plugins/com.st.stm32cube.ide.mcu.externaltools.gnu-tools-for-stm32.7-2018-q2-update.win32_1.4.0.202007081208/tools/bin/../lib/gcc/arm-none-eabi/7.3.1/../../../../arm-none-eabi/lib/thumb/v6-m\libc_nano.a(lib_a-nano-vfprintf_float.o) (_printf_common)
c:/st/stm32cubeide_1.4.0/stm32cubeide/plugins/com.st.stm32cube.ide.mcu.externaltools.gnu-tools-for-stm32.7-2018-q2-update.win32_1.4.0.202007081208/tools/bin/../lib/gcc/arm-none-eabi/7.3.1/../../../../arm-none-eabi/lib/thumb/v6-m\libc_nano.a(lib_a-sprintf.o)
                              Core/Src/main.o (sprintf)
c:/st/stm32cubeide_1.4.0/stm32cubeide/plugins/com.st.stm32cube.ide.mcu.externaltools.gnu-tools-for-stm32.7-2018-q2-update.win32_1.4.0.202007081208/tools/bin/../lib/gcc/arm-none-eabi/7.3.1/../../../../arm-none-eabi/lib/thumb/v6-m\libc_nano.a(lib_a-strlen.o)
                              Core/Src/main.o (strlen)
c:/st/stm32cubeide_1.4.0/stm32cubeide/plugins/com.st.stm32cube.ide.mcu.externaltools.gnu-tools-for-stm32.7-2018-q2-update.win32_1.4.0.202007081208/tools/bin/../lib/gcc/arm-none-eabi/7.3.1/../../../../arm-none-eabi/lib/thumb/v6-m\libc_nano.a(lib_a-strncpy.o)
                              Drivers/BSP/Components/vl53l1x/core/vl53l1_api.o (strncpy)
[...]
Memory Configuration

Name             Origin             Length             Attributes
RAM              0x0000000020000000 0x0000000000005000 xrw
FLASH            0x0000000008000000 0x0000000000030000 xr
*default*        0x0000000000000000 0xffffffffffffffff

Linker script and memory map

LOAD c:/st/stm32cubeide_1.4.0/stm32cubeide/plugins/com.st.stm32cube.ide.mcu.externaltools.gnu-tools-for-stm32.7-2018-q2-update.win32_1.4.0.202007081208/tools/bin/../lib/gcc/arm-none-eabi/7.3.1/thumb/v6-m/crti.o
LOAD c:/st/stm32cubeide_1.4.0/stm32cubeide/plugins/com.st.stm32cube.ide.mcu.externaltools.gnu-tools-for-stm32.7-2018-q2-update.win32_1.4.0.202007081208/tools/bin/../lib/gcc/arm-none-eabi/7.3.1/thumb/v6-m/crtbegin.o
LOAD c:/st/stm32cubeide_1.4.0/stm32cubeide/plugins/com.st.stm32cube.ide.mcu.externaltools.gnu-tools-for-stm32.7-2018-q2-update.win32_1.4.0.202007081208/tools/bin/../lib/gcc/arm-none-eabi/7.3.1/../../../../arm-none-eabi/lib/thumb/v6-m/crt0.o
LOAD Core/Sources/captura.o
LOAD Core/Sources/com_ceit.o
LOAD Core/Sources/distancia.o
LOAD Core/Sources/estructuras.o
LOAD Core/Src/gpio.o
LOAD Core/Src/i2c.o
LOAD Core/Src/main.o
LOAD Core/Src/stm32l0xx_hal_msp.o
LOAD Core/Src/stm32l0xx_it.o
LOAD Core/Src/syscalls.o
LOAD Core/Src/sysmem.o
LOAD Core/Src/system_stm32l0xx.o
LOAD Core/Src/usart.o
LOAD Core/Startup/startup_stm32l073rztx.o
LOAD Drivers/BSP/Components/stspin220/stspin220.o
LOAD Drivers/BSP/Components/vl53l1x/core/vl53l1_api.o
LOAD Drivers/BSP/Components/vl53l1x/core/vl53l1_api_calibration.o
LOAD Drivers/BSP/Components/vl53l1x/core/vl53l1_api_core.o
LOAD Drivers/BSP/Components/vl53l1x/core/vl53l1_api_debug.o
LOAD Drivers/BSP/Components/vl53l1x/core/vl53l1_api_preset_modes.o
LOAD Drivers/BSP/Components/vl53l1x/core/vl53l1_api_strings.o
LOAD Drivers/BSP/Components/vl53l1x/core/vl53l1_core.o
LOAD Drivers/BSP/Components/vl53l1x/core/vl53l1_core_support.o
LOAD Drivers/BSP/Components/vl53l1x/core/vl53l1_error_strings.o
LOAD Drivers/BSP/Components/vl53l1x/core/vl53l1_register_funcs.o
LOAD Drivers/BSP/Components/vl53l1x/core/vl53l1_silicon_core.o
LOAD Drivers/BSP/Components/vl53l1x/core/vl53l1_wait.o
LOAD Drivers/BSP/Components/vl53l1x/platform/vl53l1_platform.o
LOAD Drivers/BSP/STM32L0xx_Nucleo/stm32l0xx_nucleo.o
LOAD Drivers/BSP/X-NUCLEO-IHMxx/x_nucleo_ihm06a1_stm32l0xx.o
LOAD Drivers/BSP/X-NUCLEO-IHMxx/x_nucleo_ihmxx.o
LOAD Drivers/STM32L0xx_HAL_Driver/Src/stm32l0xx_hal.o
LOAD Drivers/STM32L0xx_HAL_Driver/Src/stm32l0xx_hal_cortex.o
LOAD Drivers/STM32L0xx_HAL_Driver/Src/stm32l0xx_hal_dma.o
LOAD Drivers/STM32L0xx_HAL_Driver/Src/stm32l0xx_hal_flash.o
LOAD Drivers/STM32L0xx_HAL_Driver/Src/stm32l0xx_hal_flash_ex.o
LOAD Drivers/STM32L0xx_HAL_Driver/Src/stm32l0xx_hal_flash_ramfunc.o
LOAD Drivers/STM32L0xx_HAL_Driver/Src/stm32l0xx_hal_gpio.o
LOAD Drivers/STM32L0xx_HAL_Driver/Src/stm32l0xx_hal_i2c.o
LOAD Drivers/STM32L0xx_HAL_Driver/Src/stm32l0xx_hal_i2c_ex.o
LOAD Drivers/STM32L0xx_HAL_Driver/Src/stm32l0xx_hal_pwr.o
LOAD Drivers/STM32L0xx_HAL_Driver/Src/stm32l0xx_hal_pwr_ex.o
LOAD Drivers/STM32L0xx_HAL_Driver/Src/stm32l0xx_hal_rcc.o
LOAD Drivers/STM32L0xx_HAL_Driver/Src/stm32l0xx_hal_rcc_ex.o
LOAD Drivers/STM32L0xx_HAL_Driver/Src/stm32l0xx_hal_tim.o
LOAD Drivers/STM32L0xx_HAL_Driver/Src/stm32l0xx_hal_tim_ex.o
LOAD Drivers/STM32L0xx_HAL_Driver/Src/stm32l0xx_hal_uart.o
LOAD Drivers/STM32L0xx_HAL_Driver/Src/stm32l0xx_hal_uart_ex.o
START GROUP
LOAD c:/st/stm32cubeide_1.4.0/stm32cubeide/plugins/com.st.stm32cube.ide.mcu.externaltools.gnu-tools-for-stm32.7-2018-q2-update.win32_1.4.0.202007081208/tools/bin/../lib/gcc/arm-none-eabi/7.3.1/../../../../arm-none-eabi/lib/thumb/v6-m\libc_nano.a
LOAD c:/st/stm32cubeide_1.4.0/stm32cubeide/plugins/com.st.stm32cube.ide.mcu.externaltools.gnu-tools-for-stm32.7-2018-q2-update.win32_1.4.0.202007081208/tools/bin/../lib/gcc/arm-none-eabi/7.3.1/../../../../arm-none-eabi/lib/thumb/v6-m\libm.a
END GROUP
START GROUP
LOAD c:/st/stm32cubeide_1.4.0/stm32cubeide/plugins/com.st.stm32cube.ide.mcu.externaltools.gnu-tools-for-stm32.7-2018-q2-update.win32_1.4.0.202007081208/tools/bin/../lib/gcc/arm-none-eabi/7.3.1/thumb/v6-m\libgcc.a
LOAD c:/st/stm32cubeide_1.4.0/stm32cubeide/plugins/com.st.stm32cube.ide.mcu.externaltools.gnu-tools-for-stm32.7-2018-q2-update.win32_1.4.0.202007081208/tools/bin/../lib/gcc/arm-none-eabi/7.3.1/../../../../arm-none-eabi/lib/thumb/v6-m\libc_nano.a
END GROUP
START GROUP
LOAD c:/st/stm32cubeide_1.4.0/stm32cubeide/plugins/com.st.stm32cube.ide.mcu.externaltools.gnu-tools-for-stm32.7-2018-q2-update.win32_1.4.0.202007081208/tools/bin/../lib/gcc/arm-none-eabi/7.3.1/thumb/v6-m\libgcc.a
LOAD c:/st/stm32cubeide_1.4.0/stm32cubeide/plugins/com.st.stm32cube.ide.mcu.externaltools.gnu-tools-for-stm32.7-2018-q2-update.win32_1.4.0.202007081208/tools/bin/../lib/gcc/arm-none-eabi/7.3.1/../../../../arm-none-eabi/lib/thumb/v6-m\libc_nano.a
LOAD c:/st/stm32cubeide_1.4.0/stm32cubeide/plugins/com.st.stm32cube.ide.mcu.externaltools.gnu-tools-for-stm32.7-2018-q2-update.win32_1.4.0.202007081208/tools/bin/../lib/gcc/arm-none-eabi/7.3.1/../../../../arm-none-eabi/lib/thumb/v6-m\libnosys.a
END GROUP
START GROUP
LOAD c:/st/stm32cubeide_1.4.0/stm32cubeide/plugins/com.st.stm32cube.ide.mcu.externaltools.gnu-tools-for-stm32.7-2018-q2-update.win32_1.4.0.202007081208/tools/bin/../lib/gcc/arm-none-eabi/7.3.1/thumb/v6-m\libgcc.a
LOAD c:/st/stm32cubeide_1.4.0/stm32cubeide/plugins/com.st.stm32cube.ide.mcu.externaltools.gnu-tools-for-stm32.7-2018-q2-update.win32_1.4.0.202007081208/tools/bin/../lib/gcc/arm-none-eabi/7.3.1/../../../../arm-none-eabi/lib/thumb/v6-m\libc_nano.a
LOAD c:/st/stm32cubeide_1.4.0/stm32cubeide/plugins/com.st.stm32cube.ide.mcu.externaltools.gnu-tools-for-stm32.7-2018-q2-update.win32_1.4.0.202007081208/tools/bin/../lib/gcc/arm-none-eabi/7.3.1/../../../../arm-none-eabi/lib/thumb/v6-m\libnosys.a
END GROUP
LOAD c:/st/stm32cubeide_1.4.0/stm32cubeide/plugins/com.st.stm32cube.ide.mcu.externaltools.gnu-tools-for-stm32.7-2018-q2-update.win32_1.4.0.202007081208/tools/bin/../lib/gcc/arm-none-eabi/7.3.1/thumb/v6-m/crtend.o
LOAD c:/st/stm32cubeide_1.4.0/stm32cubeide/plugins/com.st.stm32cube.ide.mcu.externaltools.gnu-tools-for-stm32.7-2018-q2-update.win32_1.4.0.202007081208/tools/bin/../lib/gcc/arm-none-eabi/7.3.1/thumb/v6-m/crtn.o
                0x0000000020005000                _estack = (ORIGIN (RAM) + LENGTH (RAM))
                0x0000000000000200                _Min_Heap_Size = 0x200
                0x0000000000000400                _Min_Stack_Size = 0x400

.isr_vector     0x0000000008000000       0xc0
                0x0000000008000000                . = ALIGN (0x4)
 *(.isr_vector)
 .isr_vector    0x0000000008000000       0xc0 Core/Startup/startup_stm32l073rztx.o
                0x0000000008000000                g_pfnVectors
                0x00000000080000c0                . = ALIGN (0x4)

.text           0x00000000080000c0    0x14c14
                0x00000000080000c0                . = ALIGN (0x4)
 *(.text)
 .text          0x00000000080000c0       0x48 c:/st/stm32cubeide_1.4.0/stm32cubeide/plugins/com.st.stm32cube.ide.mcu.externaltools.gnu-tools-for-stm32.7-2018-q2-update.win32_1.4.0.202007081208/tools/bin/../lib/gcc/arm-none-eabi/7.3.1/thumb/v6-m/crtbegin.o
 .text          0x0000000008000108        0xe c:/st/stm32cubeide_1.4.0/stm32cubeide/plugins/com.st.stm32cube.ide.mcu.externaltools.gnu-tools-for-stm32.7-2018-q2-update.win32_1.4.0.202007081208/tools/bin/../lib/gcc/arm-none-eabi/7.3.1/../../../../arm-none-eabi/lib/thumb/v6-m\libc_nano.a(lib_a-strlen.o)
                0x0000000008000108                strlen
 *fill*         0x0000000008000116        0x2 
 .text          0x0000000008000118       0x14 c:/st/stm32cubeide_1.4.0/stm32cubeide/plugins/com.st.stm32cube.ide.mcu.externaltools.gnu-tools-for-stm32.7-2018-q2-update.win32_1.4.0.202007081208/tools/bin/../lib/gcc/arm-none-eabi/7.3.1/thumb/v6-m\libgcc.a(_thumb1_case_uqi.o)
                0x0000000008000118                __gnu_thumb1_case_uqi
 .text          0x000000000800012c      0x114 c:/st/stm32cubeide_1.4.0/stm32cubeide/plugins/com.st.stm32cube.ide.mcu.externaltools.gnu-tools-for-stm32.7-2018-q2-update.win32_1.4.0.202007081208/tools/bin/../lib/gcc/arm-none-eabi/7.3.1/thumb/v6-m\libgcc.a(_udivsi3.o)
                0x000000000800012c                __aeabi_uidiv
                0x000000000800012c                __udivsi3
                0x0000000008000238                __aeabi_uidivmod
 .text          0x0000000008000240      0x1d4 c:/st/stm32cubeide_1.4.0/stm32cubeide/plugins/com.st.stm32cube.ide.mcu.externaltools.gnu-tools-for-stm32.7-2018-q2-update.win32_1.4.0.202007081208/tools/bin/../lib/gcc/arm-none-eabi/7.3.1/thumb/v6-m\libgcc.a(_divsi3.o)
                0x0000000008000240                __divsi3
                0x0000000008000240                __aeabi_idiv
                0x000000000800040c                __aeabi_idivmod
 .text          0x0000000008000414        0x4 c:/st/stm32cubeide_1.4.0/stm32cubeide/plugins/com.st.stm32cube.ide.mcu.externaltools.gnu-tools-for-stm32.7-2018-q2-update.win32_1.4.0.202007081208/tools/bin/../lib/gcc/arm-none-eabi/7.3.1/thumb/v6-m\libgcc.a(_dvmd_tls.o)
                0x0000000008000414                __aeabi_idiv0
                0x0000000008000414                __aeabi_ldiv0
 .text          0x0000000008000418       0x7c c:/st/stm32cubeide_1.4.0/stm32cubeide/plugins/com.st.stm32cube.ide.mcu.externaltools.gnu-tools-for-stm32.7-2018-q2-update.win32_1.4.0.202007081208/tools/bin/../lib/gcc/arm-none-eabi/7.3.1/thumb/v6-m\libgcc.a(_arm_cmpdf2.o)
                0x0000000008000418                __aeabi_cdrcmple
                0x0000000008000428                __aeabi_cdcmple
                0x0000000008000428                __aeabi_cdcmpeq
                0x0000000008000438                __aeabi_dcmpeq
                0x0000000008000444                __aeabi_dcmplt
                0x0000000008000458                __aeabi_dcmple
                0x000000000800046c                __aeabi_dcmpgt
                0x0000000008000480                __aeabi_dcmpge
 .text          0x0000000008000494       0x40 c:/st/stm32cubeide_1.4.0/stm32cubeide/plugins/com.st.stm32cube.ide.mcu.externaltools.gnu-tools-for-stm32.7-2018-q2-update.win32_1.4.0.202007081208/tools/bin/../lib/gcc/arm-none-eabi/7.3.1/thumb/v6-m\libgcc.a(_aeabi_uldivmod.o)
                0x0000000008000494                __aeabi_uldivmod
 .text          0x00000000080004d4       0x54 c:/st/stm32cubeide_1.4.0/stm32cubeide/plugins/com.st.stm32cube.ide.mcu.externaltools.gnu-tools-for-stm32.7-2018-q2-update.win32_1.4.0.202007081208/tools/bin/../lib/gcc/arm-none-eabi/7.3.1/thumb/v6-m\libgcc.a(_muldi3.o)
                0x00000000080004d4                __muldi3
                0x00000000080004d4                __aeabi_lmul
 .text          0x0000000008000528       0x30 c:/st/stm32cubeide_1.4.0/stm32cubeide/plugins/com.st.stm32cube.ide.mcu.externaltools.gnu-tools-for-stm32.7-2018-q2-update.win32_1.4.0.202007081208/tools/bin/../lib/gcc/arm-none-eabi/7.3.1/thumb/v6-m\libgcc.a(_fixunssfsi.o)
                0x0000000008000528                __fixunssfsi
                0x0000000008000528                __aeabi_f2uiz
 .text          0x0000000008000558      0x184 c:/st/stm32cubeide_1.4.0/stm32cubeide/plugins/com.st.stm32cube.ide.mcu.externaltools.gnu-tools-for-stm32.7-2018-q2-update.win32_1.4.0.202007081208/tools/bin/../lib/gcc/arm-none-eabi/7.3.1/thumb/v6-m\libgcc.a(_udivmoddi4.o)
                0x0000000008000558                __udivmoddi4
 .text          0x00000000080006dc      0x334 c:/st/stm32cubeide_1.4.0/stm32cubeide/plugins/com.st.stm32cube.ide.mcu.externaltools.gnu-tools-for-stm32.7-2018-q2-update.win32_1.4.0.202007081208/tools/bin/../lib/gcc/arm-none-eabi/7.3.1/thumb/v6-m\libgcc.a(addsf3.o)
                0x00000000080006dc                __aeabi_fadd
 .text          0x0000000008000a10      0x224 c:/st/stm32cubeide_1.4.0/stm32cubeide/plugins/com.st.stm32cube.ide.mcu.externaltools.gnu-tools-for-stm32.7-2018-q2-update.win32_1.4.0.202007081208/tools/bin/../lib/gcc/arm-none-eabi/7.3.1/thumb/v6-m\libgcc.a(divsf3.o)
                0x0000000008000a10                __aeabi_fdiv
 .text          0x0000000008000c34      0x388 c:/st/stm32cubeide_1.4.0/stm32cubeide/plugins/com.st.stm32cube.ide.mcu.externaltools.gnu-tools-for-stm32.7-2018-q2-update.win32_1.4.0.202007081208/tools/bin/../lib/gcc/arm-none-eabi/7.3.1/thumb/v6-m\libgcc.a(subsf3.o)
                0x0000000008000c34                __aeabi_fsub
 .text          0x0000000008000fbc       0x40 c:/st/stm32cubeide_1.4.0/stm32cubeide/plugins/com.st.stm32cube.ide.mcu.externaltools.gnu-tools-for-stm32.7-2018-q2-update.win32_1.4.0.202007081208/tools/bin/../lib/gcc/arm-none-eabi/7.3.1/thumb/v6-m\libgcc.a(fixsfsi.o)
                0x0000000008000fbc                __aeabi_f2iz
 .text          0x0000000008000ffc       0x94 c:/st/stm32cubeide_1.4.0/stm32cubeide/plugins/com.st.stm32cube.ide.mcu.externaltools.gnu-tools-for-stm32.7-2018-q2-update.win32_1.4.0.202007081208/tools/bin/../lib/gcc/arm-none-eabi/7.3.1/thumb/v6-m\libgcc.a(floatsisf.o)
                0x0000000008000ffc                __aeabi_i2f
 .text          0x0000000008001090      0x638 c:/st/stm32cubeide_1.4.0/stm32cubeide/plugins/com.st.stm32cube.ide.mcu.externaltools.gnu-tools-for-stm32.7-2018-q2-update.win32_1.4.0.202007081208/tools/bin/../lib/gcc/arm-none-eabi/7.3.1/thumb/v6-m\libgcc.a(adddf3.o)
                0x0000000008001090                __aeabi_dadd
 .text          0x00000000080016c8      0x604 c:/st/stm32cubeide_1.4.0/stm32cubeide/plugins/com.st.stm32cube.ide.mcu.externaltools.gnu-tools-for-stm32.7-2018-q2-update.win32_1.4.0.202007081208/tools/bin/../lib/gcc/arm-none-eabi/7.3.1/thumb/v6-m\libgcc.a(divdf3.o)
                0x00000000080016c8                __aeabi_ddiv
 .text          0x0000000008001ccc       0x78 c:/st/stm32cubeide_1.4.0/stm32cubeide/plugins/com.st.stm32cube.ide.mcu.externaltools.gnu-tools-for-stm32.7-2018-q2-update.win32_1.4.0.202007081208/tools/bin/../lib/gcc/arm-none-eabi/7.3.1/thumb/v6-m\libgcc.a(eqdf2.o)
                0x0000000008001ccc                __nedf2
                0x0000000008001ccc                __eqdf2
 .text          0x0000000008001d44       0xc8 c:/st/stm32cubeide_1.4.0/stm32cubeide/plugins/com.st.stm32cube.ide.mcu.externaltools.gnu-tools-for-stm32.7-2018-q2-update.win32_1.4.0.202007081208/tools/bin/../lib/gcc/arm-none-eabi/7.3.1/thumb/v6-m\libgcc.a(gedf2.o)
                0x0000000008001d44                __gedf2
                0x0000000008001d44                __gtdf2
 .text          0x0000000008001e0c       0xd0 c:/st/stm32cubeide_1.4.0/stm32cubeide/plugins/com.st.stm32cube.ide.mcu.externaltools.gnu-tools-for-stm32.7-2018-q2-update.win32_1.4.0.202007081208/tools/bin/../lib/gcc/arm-none-eabi/7.3.1/thumb/v6-m\libgcc.a(ledf2.o)
                0x0000000008001e0c                __ledf2
                0x0000000008001e0c                __ltdf2
 .text          0x0000000008001edc      0x4e4 c:/st/stm32cubeide_1.4.0/stm32cubeide/plugins/com.st.stm32cube.ide.mcu.externaltools.gnu-tools-for-stm32.7-2018-q2-update.win32_1.4.0.202007081208/tools/bin/../lib/gcc/arm-none-eabi/7.3.1/thumb/v6-m\libgcc.a(muldf3.o)
                0x0000000008001edc                __aeabi_dmul
 .text          0x00000000080023c0      0x690 c:/st/stm32cubeide_1.4.0/stm32cubeide/plugins/com.st.stm32cube.ide.mcu.externaltools.gnu-tools-for-stm32.7-2018-q2-update.win32_1.4.0.202007081208/tools/bin/../lib/gcc/arm-none-eabi/7.3.1/thumb/v6-m\libgcc.a(subdf3.o)
                0x00000000080023c0                __aeabi_dsub
 .text          0x0000000008002a50       0x38 c:/st/stm32cubeide_1.4.0/stm32cubeide/plugins/com.st.stm32cube.ide.mcu.externaltools.gnu-tools-for-stm32.7-2018-q2-update.win32_1.4.0.202007081208/tools/bin/../lib/gcc/arm-none-eabi/7.3.1/thumb/v6-m\libgcc.a(unorddf2.o)
                0x0000000008002a50                __aeabi_dcmpun
 .text          0x0000000008002a88       0x6c c:/st/stm32cubeide_1.4.0/stm32cubeide/plugins/com.st.stm32cube.ide.mcu.externaltools.gnu-tools-for-stm32.7-2018-q2-update.win32_1.4.0.202007081208/tools/bin/../lib/gcc/arm-none-eabi/7.3.1/thumb/v6-m\libgcc.a(fixdfsi.o)
                0x0000000008002a88                __aeabi_d2iz
 .text          0x0000000008002af4       0x74 c:/st/stm32cubeide_1.4.0/stm32cubeide/plugins/com.st.stm32cube.ide.mcu.externaltools.gnu-tools-for-stm32.7-2018-q2-update.win32_1.4.0.202007081208/tools/bin/../lib/gcc/arm-none-eabi/7.3.1/thumb/v6-m\libgcc.a(floatsidf.o)
                0x0000000008002af4                __aeabi_i2d
 .text          0x0000000008002b68       0x64 c:/st/stm32cubeide_1.4.0/stm32cubeide/plugins/com.st.stm32cube.ide.mcu.externaltools.gnu-tools-for-stm32.7-2018-q2-update.win32_1.4.0.202007081208/tools/bin/../lib/gcc/arm-none-eabi/7.3.1/thumb/v6-m\libgcc.a(floatunsidf.o)
                0x0000000008002b68                __aeabi_ui2d
 .text          0x0000000008002bcc      0x108 c:/st/stm32cubeide_1.4.0/stm32cubeide/plugins/com.st.stm32cube.ide.mcu.externaltools.gnu-tools-for-stm32.7-2018-q2-update.win32_1.4.0.202007081208/tools/bin/../lib/gcc/arm-none-eabi/7.3.1/thumb/v6-m\libgcc.a(truncdfsf2.o)
                0x0000000008002bcc                __aeabi_d2f
 .text          0x0000000008002cd4       0x74 c:/st/stm32cubeide_1.4.0/stm32cubeide/plugins/com.st.stm32cube.ide.mcu.externaltools.gnu-tools-for-stm32.7-2018-q2-update.win32_1.4.0.202007081208/tools/bin/../lib/gcc/arm-none-eabi/7.3.1/thumb/v6-m\libgcc.a(_arm_cmpsf2.o)
                0x0000000008002cd4                __aeabi_cfrcmple
                0x0000000008002cdc                __aeabi_cfcmpeq
                0x0000000008002cdc                __aeabi_cfcmple
                0x0000000008002cec                __aeabi_fcmpeq
                0x0000000008002cf8                __aeabi_fcmplt
                0x0000000008002d0c                __aeabi_fcmple
                0x0000000008002d20                __aeabi_fcmpgt
                0x0000000008002d34                __aeabi_fcmpge
 .text          0x0000000008002d48       0x3c c:/st/stm32cubeide_1.4.0/stm32cubeide/plugins/com.st.stm32cube.ide.mcu.externaltools.gnu-tools-for-stm32.7-2018-q2-update.win32_1.4.0.202007081208/tools/bin/../lib/gcc/arm-none-eabi/7.3.1/thumb/v6-m\libgcc.a(_clzsi2.o)
                0x0000000008002d48                __clzsi2
 .text          0x0000000008002d84       0x18 c:/st/stm32cubeide_1.4.0/stm32cubeide/plugins/com.st.stm32cube.ide.mcu.externaltools.gnu-tools-for-stm32.7-2018-q2-update.win32_1.4.0.202007081208/tools/bin/../lib/gcc/arm-none-eabi/7.3.1/thumb/v6-m\libgcc.a(_clzdi2.o)
                0x0000000008002d84                __clzdi2
 .text          0x0000000008002d9c       0x50 c:/st/stm32cubeide_1.4.0/stm32cubeide/plugins/com.st.stm32cube.ide.mcu.externaltools.gnu-tools-for-stm32.7-2018-q2-update.win32_1.4.0.202007081208/tools/bin/../lib/gcc/arm-none-eabi/7.3.1/thumb/v6-m\libgcc.a(eqsf2.o)
                0x0000000008002d9c                __eqsf2
                0x0000000008002d9c                __nesf2
 .text          0x0000000008002dec       0x9c c:/st/stm32cubeide_1.4.0/stm32cubeide/plugins/com.st.stm32cube.ide.mcu.externaltools.gnu-tools-for-stm32.7-2018-q2-update.win32_1.4.0.202007081208/tools/bin/../lib/gcc/arm-none-eabi/7.3.1/thumb/v6-m\libgcc.a(gesf2.o)
                0x0000000008002dec                __gesf2
                0x0000000008002dec                __gtsf2
 .text          0x0000000008002e88       0xa0 c:/st/stm32cubeide_1.4.0/stm32cubeide/plugins/com.st.stm32cube.ide.mcu.externaltools.gnu-tools-for-stm32.7-2018-q2-update.win32_1.4.0.202007081208/tools/bin/../lib/gcc/arm-none-eabi/7.3.1/thumb/v6-m\libgcc.a(lesf2.o)
                0x0000000008002e88                __ltsf2
                0x0000000008002e88                __lesf2
 *(.text*)
 .text.BloqueCaptura
                0x0000000008002f28      0x3d8 Core/Sources/captura.o
                0x0000000008002f28                BloqueCaptura
 .text.ConfigParrillas
                0x0000000008003300      0x2f0 Core/Sources/captura.o
                0x0000000008003300                ConfigParrillas
 .text.Ordenar  0x00000000080035f0      0x128 Core/Sources/captura.o
                0x00000000080035f0                Ordenar
 .text.ConvertirDistancia
                0x0000000008003718      0x5a4 Core/Sources/captura.o
                0x0000000008003718                ConvertirDistancia
 .text.BloqueCOM_CEIT
                0x0000000008003cbc      0x1a0 Core/Sources/com_ceit.o
                0x0000000008003cbc                BloqueCOM_CEIT
 .text.BloqueDistancia
                0x0000000008003e5c      0x396 Core/Sources/distancia.o
                0x0000000008003e5c                BloqueDistancia
 *fill*         0x00000000080041f2        0x2 
 .text.IniciarSensores
                0x00000000080041f4      0x228 Core/Sources/distancia.o
                0x00000000080041f4                IniciarSensores
 .text.EnableSensors
                0x000000000800441c      0x26c Core/Sources/distancia.o
                0x000000000800441c                EnableSensors
 .text.Convertir4Cif
                0x0000000008004688      0x150 Core/Sources/distancia.o
                0x0000000008004688                Convertir4Cif
 .text.Iniciar_EstrucCaptura
                0x00000000080047d8       0xb6 Core/Sources/estructuras.o
                0x00000000080047d8                Iniciar_EstrucCaptura
 .text.Iniciar_EstrucComCEIT
                0x000000000800488e       0xa0 Core/Sources/estructuras.o
                0x000000000800488e                Iniciar_EstrucComCEIT
 .text.Iniciar_EstrucDistancia
                0x000000000800492e       0xd6 Core/Sources/estructuras.o
                0x000000000800492e                Iniciar_EstrucDistancia
 .text.Iniciar_EstrucMotor
                0x0000000008004a04      0x194 Core/Sources/estructuras.o
                0x0000000008004a04                Iniciar_EstrucMotor
 .text.MX_GPIO_Init
                0x0000000008004b98      0x2b0 Core/Src/gpio.o
                0x0000000008004b98                MX_GPIO_Init
 .text.MX_I2C1_Init
                0x0000000008004e48       0x80 Core/Src/i2c.o
                0x0000000008004e48                MX_I2C1_Init
 .text.HAL_I2C_MspInit
                0x0000000008004ec8       0x8c Core/Src/i2c.o
                0x0000000008004ec8                HAL_I2C_MspInit
 .text.HAL_UART_RxCpltCallback
                0x0000000008004f54      0x16c Core/Src/main.o
                0x0000000008004f54                HAL_UART_RxCpltCallback
 .text.main     0x00000000080050c0      0x15c Core/Src/main.o
                0x00000000080050c0                main
 .text.SystemClock_Config
                0x000000000800521c       0xec Core/Src/main.o
                0x000000000800521c                SystemClock_Config
 .text.BloqueMotor
                0x0000000008005308      0x210 Core/Src/main.o
                0x0000000008005308                BloqueMotor
 .text.MyMotorInit
                0x0000000008005518       0x78 Core/Src/main.o
                0x0000000008005518                MyMotorInit
 .text.EnableMotors
                0x0000000008005590      0x37c Core/Src/main.o
                0x0000000008005590                EnableMotors
 .text.calib_motor
                0x000000000800590c       0xe4 Core/Src/main.o
                0x000000000800590c                calib_motor
 .text.calib_motor2
                0x00000000080059f0       0xe4 Core/Src/main.o
                0x00000000080059f0                calib_motor2
 .text.calib_motor3
                0x0000000008005ad4       0xe0 Core/Src/main.o
                0x0000000008005ad4                calib_motor3
 .text.calib_motor4
                0x0000000008005bb4       0xd4 Core/Src/main.o
                0x0000000008005bb4                calib_motor4
 .text.calib_motor5
                0x0000000008005c88       0xd4 Core/Src/main.o
                0x0000000008005c88                calib_motor5
 .text.stopMotor
                0x0000000008005d5c       0x28 Core/Src/main.o
                0x0000000008005d5c                stopMotor
 .text.MyFlagInterruptHandler
                0x0000000008005d84       0x10 Core/Src/main.o
 .text.MyErrorHandler
                0x0000000008005d94       0x1c Core/Src/main.o
                0x0000000008005d94                MyErrorHandler
 .text.Error_Handler
                0x0000000008005db0        0xa Core/Src/main.o
                0x0000000008005db0                Error_Handler
 *fill*         0x0000000008005dba        0x2 
 .text.HAL_TIM_PWM_MspInit
                0x0000000008005dbc       0x60 Core/Src/stm32l0xx_hal_msp.o
                0x0000000008005dbc                HAL_TIM_PWM_MspInit
 .text.HAL_TIM_OC_MspInit
                0x0000000008005e1c       0x6c Core/Src/stm32l0xx_hal_msp.o
                0x0000000008005e1c                HAL_TIM_OC_MspInit
 .text.HAL_TIM_OC_MspDeInit
                0x0000000008005e88       0x40 Core/Src/stm32l0xx_hal_msp.o
                0x0000000008005e88                HAL_TIM_OC_MspDeInit
 .text.HAL_TIM_OC_DelayElapsedCallback
                0x0000000008005ec8       0x2a Core/Src/stm32l0xx_hal_msp.o
                0x0000000008005ec8                HAL_TIM_OC_DelayElapsedCallback
 *fill*         0x0000000008005ef2        0x2 
 .text.HAL_MspInit
                0x0000000008005ef4       0x28 Core/Src/stm32l0xx_hal_msp.o
                0x0000000008005ef4                HAL_MspInit
 .text.NMI_Handler
                0x0000000008005f1c        0xa Core/Src/stm32l0xx_it.o
                0x0000000008005f1c                NMI_Handler
 .text.HardFault_Handler
                0x0000000008005f26        0x6 Core/Src/stm32l0xx_it.o
                0x0000000008005f26                HardFault_Handler
 .text.SVC_Handler
                0x0000000008005f2c        0xa Core/Src/stm32l0xx_it.o
                0x0000000008005f2c                SVC_Handler
 .text.PendSV_Handler
                0x0000000008005f36        0xa Core/Src/stm32l0xx_it.o
                0x0000000008005f36                PendSV_Handler
 .text.SysTick_Handler
                0x0000000008005f40        0xe Core/Src/stm32l0xx_it.o
                0x0000000008005f40                SysTick_Handler
 *fill*         0x0000000008005f4e        0x2 
 .text.USART4_5_IRQHandler
                0x0000000008005f50       0x18 Core/Src/stm32l0xx_it.o
                0x0000000008005f50                USART4_5_IRQHandler
 .text.EXTI4_15_IRQHandler
                0x0000000008005f68        0xa Core/Src/stm32l0xx_it.o
                0x0000000008005f68                EXTI4_15_IRQHandler
 *fill*         0x0000000008005f72        0x2 
 .text.TIM2_IRQHandler
                0x0000000008005f74       0x18 Core/Src/stm32l0xx_it.o
                0x0000000008005f74                TIM2_IRQHandler
 .text._sbrk    0x0000000008005f8c       0x6c Core/Src/sysmem.o
                0x0000000008005f8c                _sbrk
 .text.SystemInit
                0x0000000008005ff8       0x7c Core/Src/system_stm32l0xx.o
                0x0000000008005ff8                SystemInit
 .text.MX_USART2_UART_Init
                0x0000000008006074       0x60 Core/Src/usart.o
                0x0000000008006074                MX_USART2_UART_Init
 .text.MX_USART5_UART_Init
                0x00000000080060d4       0x60 Core/Src/usart.o
                0x00000000080060d4                MX_USART5_UART_Init
 .text.HAL_UART_MspInit
                0x0000000008006134      0x148 Core/Src/usart.o
                0x0000000008006134                HAL_UART_MspInit
 .text.Reset_Handler
                0x000000000800627c       0x50 Core/Startup/startup_stm32l073rztx.o
                0x000000000800627c                Reset_Handler
 .text.Default_Handler
                0x00000000080062cc        0x2 Core/Startup/startup_stm32l073rztx.o
                0x00000000080062cc                TSC_IRQHandler
                0x00000000080062cc                ADC1_COMP_IRQHandler
                0x00000000080062cc                PVD_IRQHandler
                0x00000000080062cc                I2C1_IRQHandler
                0x00000000080062cc                RCC_CRS_IRQHandler
                0x00000000080062cc                SPI1_IRQHandler
                0x00000000080062cc                TIM6_DAC_IRQHandler
                0x00000000080062cc                EXTI2_3_IRQHandler
                0x00000000080062cc                I2C2_IRQHandler
                0x00000000080062cc                RTC_IRQHandler
                0x00000000080062cc                LCD_IRQHandler
                0x00000000080062cc                DMA1_Channel4_5_6_7_IRQHandler
                0x00000000080062cc                TIM3_IRQHandler
                0x00000000080062cc                DMA1_Channel1_IRQHandler
                0x00000000080062cc                Default_Handler
                0x00000000080062cc                TIM22_IRQHandler
                0x00000000080062cc                TIM7_IRQHandler
                0x00000000080062cc                EXTI0_1_IRQHandler
                0x00000000080062cc                USB_IRQHandler
                0x00000000080062cc                I2C3_IRQHandler
                0x00000000080062cc                SPI2_IRQHandler
                0x00000000080062cc                TIM21_IRQHandler
                0x00000000080062cc                WWDG_IRQHandler
                0x00000000080062cc                DMA1_Channel2_3_IRQHandler
                0x00000000080062cc                USART2_IRQHandler
                0x00000000080062cc                FLASH_IRQHandler
                0x00000000080062cc                USART1_IRQHandler
                0x00000000080062cc                RNG_LPUART1_IRQHandler
                0x00000000080062cc                LPTIM1_IRQHandler
 *fill*         0x00000000080062ce        0x2 
 .text.Stspin220_GetMotorHandle
                0x00000000080062d0       0x10 Drivers/BSP/Components/stspin220/stspin220.o
                0x00000000080062d0                Stspin220_GetMotorHandle
 .text.Stspin220_Init
                0x00000000080062e0       0x40 Drivers/BSP/Components/stspin220/stspin220.o
                0x00000000080062e0                Stspin220_Init
 .text.Stspin220_ReadId
                0x0000000008006320       0x14 Drivers/BSP/Components/stspin220/stspin220.o
                0x0000000008006320                Stspin220_ReadId
 .text.Stspin220_AttachErrorHandler
                0x0000000008006334       0x1c Drivers/BSP/Components/stspin220/stspin220.o
                0x0000000008006334                Stspin220_AttachErrorHandler
 .text.Stspin220_AttachFlagInterrupt
                0x0000000008006350       0x1c Drivers/BSP/Components/stspin220/stspin220.o
                0x0000000008006350                Stspin220_AttachFlagInterrupt
 .text.Stspin220_CheckStatusHw
                0x000000000800636c       0x18 Drivers/BSP/Components/stspin220/stspin220.o
                0x000000000800636c                Stspin220_CheckStatusHw
 .text.Stspin220_Disable
                0x0000000008006384       0x18 Drivers/BSP/Components/stspin220/stspin220.o
                0x0000000008006384                Stspin220_Disable
 .text.Stspin220_Enable
                0x000000000800639c       0x18 Drivers/BSP/Components/stspin220/stspin220.o
                0x000000000800639c                Stspin220_Enable
 .text.Stspin220_ErrorHandler
                0x00000000080063b4       0x30 Drivers/BSP/Components/stspin220/stspin220.o
                0x00000000080063b4                Stspin220_ErrorHandler
 .text.Stspin220_ExitDeviceFromStandby
                0x00000000080063e4       0x94 Drivers/BSP/Components/stspin220/stspin220.o
                0x00000000080063e4                Stspin220_ExitDeviceFromStandby
 .text.Stspin220_GetAcceleration
                0x0000000008006478       0x20 Drivers/BSP/Components/stspin220/stspin220.o
                0x0000000008006478                Stspin220_GetAcceleration
 .text.Stspin220_GetCurrentSpeed
                0x0000000008006498       0x20 Drivers/BSP/Components/stspin220/stspin220.o
                0x0000000008006498                Stspin220_GetCurrentSpeed
 .text.Stspin220_GetDeceleration
                0x00000000080064b8       0x20 Drivers/BSP/Components/stspin220/stspin220.o
                0x00000000080064b8                Stspin220_GetDeceleration
 .text.Stspin220_GetDeviceState
                0x00000000080064d8       0x20 Drivers/BSP/Components/stspin220/stspin220.o
                0x00000000080064d8                Stspin220_GetDeviceState
 .text.Stspin220_GetDirection
                0x00000000080064f8       0x20 Drivers/BSP/Components/stspin220/stspin220.o
                0x00000000080064f8                Stspin220_GetDirection
 .text.Stspin220_GetFwVersion
                0x0000000008006518       0x10 Drivers/BSP/Components/stspin220/stspin220.o
                0x0000000008006518                Stspin220_GetFwVersion
 .text.Stspin220_GetMark
                0x0000000008006528       0x1c Drivers/BSP/Components/stspin220/stspin220.o
                0x0000000008006528                Stspin220_GetMark
 .text.Stspin220_GetMaxSpeed
                0x0000000008006544       0x20 Drivers/BSP/Components/stspin220/stspin220.o
                0x0000000008006544                Stspin220_GetMaxSpeed
 .text.Stspin220_GetMinSpeed
                0x0000000008006564       0x20 Drivers/BSP/Components/stspin220/stspin220.o
                0x0000000008006564                Stspin220_GetMinSpeed
 .text.Stspin220_GetNbDevices
                0x0000000008006584       0x14 Drivers/BSP/Components/stspin220/stspin220.o
                0x0000000008006584                Stspin220_GetNbDevices
 .text.Stspin220_GetPosition
                0x0000000008006598       0x1c Drivers/BSP/Components/stspin220/stspin220.o
                0x0000000008006598                Stspin220_GetPosition
 .text.Stspin220_GetStepMode
                0x00000000080065b4       0x20 Drivers/BSP/Components/stspin220/stspin220.o
                0x00000000080065b4                Stspin220_GetStepMode
 .text.Stspin220_GetStopMode
                0x00000000080065d4       0x20 Drivers/BSP/Components/stspin220/stspin220.o
                0x00000000080065d4                Stspin220_GetStopMode
 .text.Stspin220_GetTorque
                0x00000000080065f4       0x8c Drivers/BSP/Components/stspin220/stspin220.o
                0x00000000080065f4                Stspin220_GetTorque
 .text.Stspin220_GetTorqueBoostEnable
                0x0000000008006680       0x20 Drivers/BSP/Components/stspin220/stspin220.o
                0x0000000008006680                Stspin220_GetTorqueBoostEnable
 .text.Stspin220_GetTorqueBoostThreshold
                0x00000000080066a0       0x20 Drivers/BSP/Components/stspin220/stspin220.o
                0x00000000080066a0                Stspin220_GetTorqueBoostThreshold
 .text.Stspin220_GoHome
                0x00000000080066c0       0x26 Drivers/BSP/Components/stspin220/stspin220.o
                0x00000000080066c0                Stspin220_GoHome
 *fill*         0x00000000080066e6        0x2 
 .text.Stspin220_GoMark
                0x00000000080066e8       0x30 Drivers/BSP/Components/stspin220/stspin220.o
                0x00000000080066e8                Stspin220_GoMark
 .text.Stspin220_GoTo
                0x0000000008006718      0x104 Drivers/BSP/Components/stspin220/stspin220.o
                0x0000000008006718                Stspin220_GoTo
 .text.Stspin220_GoToDir
                0x000000000800681c       0xe8 Drivers/BSP/Components/stspin220/stspin220.o
                0x000000000800681c                Stspin220_GoToDir
 .text.Stspin220_HardHiZ
                0x0000000008006904       0x88 Drivers/BSP/Components/stspin220/stspin220.o
                0x0000000008006904                Stspin220_HardHiZ
 .text.Stspin220_HardStop
                0x000000000800698c       0xbc Drivers/BSP/Components/stspin220/stspin220.o
                0x000000000800698c                Stspin220_HardStop
 .text.Stspin220_Move
                0x0000000008006a48       0x90 Drivers/BSP/Components/stspin220/stspin220.o
                0x0000000008006a48                Stspin220_Move
 .text.Stspin220_PutDeviceInStandby
                0x0000000008006ad8       0x30 Drivers/BSP/Components/stspin220/stspin220.o
                0x0000000008006ad8                Stspin220_PutDeviceInStandby
 .text.Stspin220_Run
                0x0000000008006b08       0x70 Drivers/BSP/Components/stspin220/stspin220.o
                0x0000000008006b08                Stspin220_Run
 .text.Stspin220_SetAcceleration
                0x0000000008006b78       0x64 Drivers/BSP/Components/stspin220/stspin220.o
                0x0000000008006b78                Stspin220_SetAcceleration
 .text.Stspin220_SetDeceleration
                0x0000000008006bdc       0x64 Drivers/BSP/Components/stspin220/stspin220.o
                0x0000000008006bdc                Stspin220_SetDeceleration
 .text.Stspin220_SetDirection
                0x0000000008006c40       0x70 Drivers/BSP/Components/stspin220/stspin220.o
                0x0000000008006c40                Stspin220_SetDirection
 .text.Stspin220_SetHome
                0x0000000008006cb0       0x28 Drivers/BSP/Components/stspin220/stspin220.o
                0x0000000008006cb0                Stspin220_SetHome
 .text.Stspin220_SetMark
                0x0000000008006cd8       0x20 Drivers/BSP/Components/stspin220/stspin220.o
                0x0000000008006cd8                Stspin220_SetMark
 .text.Stspin220_SetMaxSpeed
                0x0000000008006cf8       0xa4 Drivers/BSP/Components/stspin220/stspin220.o
                0x0000000008006cf8                Stspin220_SetMaxSpeed
 .text.Stspin220_SetMinSpeed
                0x0000000008006d9c       0x80 Drivers/BSP/Components/stspin220/stspin220.o
                0x0000000008006d9c                Stspin220_SetMinSpeed
 .text.Stspin220_SetNbDevices
                0x0000000008006e1c       0x38 Drivers/BSP/Components/stspin220/stspin220.o
                0x0000000008006e1c                Stspin220_SetNbDevices
 .text.Stspin220_SetStepMode
                0x0000000008006e54       0x68 Drivers/BSP/Components/stspin220/stspin220.o
                0x0000000008006e54                Stspin220_SetStepMode
 .text.Stspin220_SetStopMode
                0x0000000008006ebc       0x28 Drivers/BSP/Components/stspin220/stspin220.o
                0x0000000008006ebc                Stspin220_SetStopMode
 .text.Stspin220_SetTorque
                0x0000000008006ee4       0xb8 Drivers/BSP/Components/stspin220/stspin220.o
                0x0000000008006ee4                Stspin220_SetTorque
 .text.Stspin220_SetTorqueBoostEnable
                0x0000000008006f9c       0x28 Drivers/BSP/Components/stspin220/stspin220.o
                0x0000000008006f9c                Stspin220_SetTorqueBoostEnable
 .text.Stspin220_SetTorqueBoostThreshold
                0x0000000008006fc4       0x28 Drivers/BSP/Components/stspin220/stspin220.o
                0x0000000008006fc4                Stspin220_SetTorqueBoostThreshold
 .text.Stspin220_SoftStop
                0x0000000008006fec       0x54 Drivers/BSP/Components/stspin220/stspin220.o
                0x0000000008006fec                Stspin220_SoftStop
 .text.Stspin220_VrefPwmGetFreq
                0x0000000008007040       0x1c Drivers/BSP/Components/stspin220/stspin220.o
                0x0000000008007040                Stspin220_VrefPwmGetFreq
 .text.Stspin220_VrefPwmSetFreq
                0x000000000800705c       0x34 Drivers/BSP/Components/stspin220/stspin220.o
                0x000000000800705c                Stspin220_VrefPwmSetFreq
 .text.Stspin220_WaitWhileActive
                0x0000000008007090       0x50 Drivers/BSP/Components/stspin220/stspin220.o
                0x0000000008007090                Stspin220_WaitWhileActive
 .text.Stspin220_ApplySpeed
                0x00000000080070e0      0x1cc Drivers/BSP/Components/stspin220/stspin220.o
                0x00000000080070e0                Stspin220_ApplySpeed
 .text.Stspin220_ApplyTorque
                0x00000000080072ac       0xa4 Drivers/BSP/Components/stspin220/stspin220.o
                0x00000000080072ac                Stspin220_ApplyTorque
 .text.Stspin220_ComputeSpeedProfile
                0x0000000008007350       0xf0 Drivers/BSP/Components/stspin220/stspin220.o
                0x0000000008007350                Stspin220_ComputeSpeedProfile
 .text.Stspin220_FlagInterruptHandler
                0x0000000008007440       0x1c Drivers/BSP/Components/stspin220/stspin220.o
                0x0000000008007440                Stspin220_FlagInterruptHandler
 .text.Stspin220_SetDeviceParamsOtherValues
                0x000000000800745c       0x98 Drivers/BSP/Components/stspin220/stspin220.o
                0x000000000800745c                Stspin220_SetDeviceParamsOtherValues
 .text.Stspin220_SetDeviceParamsToGivenValues
                0x00000000080074f4      0x128 Drivers/BSP/Components/stspin220/stspin220.o
                0x00000000080074f4                Stspin220_SetDeviceParamsToGivenValues
 .text.Stspin220_SetDeviceParamsToPredefinedValues
                0x000000000800761c      0x108 Drivers/BSP/Components/stspin220/stspin220.o
                0x000000000800761c                Stspin220_SetDeviceParamsToPredefinedValues
 .text.Stspin220_SetStepModeWithoutReset
                0x0000000008007724       0xe0 Drivers/BSP/Components/stspin220/stspin220.o
                0x0000000008007724                Stspin220_SetStepModeWithoutReset
 .text.Stspin220_StartMovement
                0x0000000008007804       0xa0 Drivers/BSP/Components/stspin220/stspin220.o
                0x0000000008007804                Stspin220_StartMovement
 .text.Stspin220_StepClockHandler
                0x00000000080078a4      0x694 Drivers/BSP/Components/stspin220/stspin220.o
                0x00000000080078a4                Stspin220_StepClockHandler
 .text.CheckValidRectRoi
                0x0000000008007f38       0x6a Drivers/BSP/Components/vl53l1x/core/vl53l1_api.o
 .text.VL53L1_SetDeviceAddress
                0x0000000008007fa2       0x40 Drivers/BSP/Components/vl53l1x/core/vl53l1_api.o
                0x0000000008007fa2                VL53L1_SetDeviceAddress
 .text.VL53L1_DataInit
                0x0000000008007fe2       0xf0 Drivers/BSP/Components/vl53l1x/core/vl53l1_api.o
                0x0000000008007fe2                VL53L1_DataInit
 *fill*         0x00000000080080d2        0x2 
 .text.VL53L1_StaticInit
                0x00000000080080d4       0x70 Drivers/BSP/Components/vl53l1x/core/vl53l1_api.o
                0x00000000080080d4                VL53L1_StaticInit
 .text.VL53L1_WaitDeviceBooted
                0x0000000008008144       0x32 Drivers/BSP/Components/vl53l1x/core/vl53l1_api.o
                0x0000000008008144                VL53L1_WaitDeviceBooted
 *fill*         0x0000000008008176        0x2 
 .text.ComputeDevicePresetMode
                0x0000000008008178       0xe4 Drivers/BSP/Components/vl53l1x/core/vl53l1_api.o
 .text.SetPresetMode
                0x000000000800825c      0x118 Drivers/BSP/Components/vl53l1x/core/vl53l1_api.o
 .text.VL53L1_SetPresetMode
                0x0000000008008374       0xdc Drivers/BSP/Components/vl53l1x/core/vl53l1_api.o
                0x0000000008008374                VL53L1_SetPresetMode
 .text.VL53L1_SetDistanceMode
                0x0000000008008450      0x184 Drivers/BSP/Components/vl53l1x/core/vl53l1_api.o
                0x0000000008008450                VL53L1_SetDistanceMode
 .text.VL53L1_SetMeasurementTimingBudgetMicroSeconds
                0x00000000080085d4      0x204 Drivers/BSP/Components/vl53l1x/core/vl53l1_api.o
                0x00000000080085d4                VL53L1_SetMeasurementTimingBudgetMicroSeconds
 .text.VL53L1_GetMeasurementTimingBudgetMicroSeconds
                0x00000000080087d8      0x1a8 Drivers/BSP/Components/vl53l1x/core/vl53l1_api.o
                0x00000000080087d8                VL53L1_GetMeasurementTimingBudgetMicroSeconds
 .text.VL53L1_SetInterMeasurementPeriodMilliSeconds
                0x0000000008008980       0x52 Drivers/BSP/Components/vl53l1x/core/vl53l1_api.o
                0x0000000008008980                VL53L1_SetInterMeasurementPeriodMilliSeconds
 .text.VL53L1_GetInterMeasurementPeriodMilliSeconds
                0x00000000080089d2       0x50 Drivers/BSP/Components/vl53l1x/core/vl53l1_api.o
                0x00000000080089d2                VL53L1_GetInterMeasurementPeriodMilliSeconds
 .text.SetLimitValue
                0x0000000008008a22       0x74 Drivers/BSP/Components/vl53l1x/core/vl53l1_api.o
 .text.VL53L1_SetLimitCheckEnable
                0x0000000008008a96       0xa6 Drivers/BSP/Components/vl53l1x/core/vl53l1_api.o
                0x0000000008008a96                VL53L1_SetLimitCheckEnable
 .text.VL53L1_GetLimitCheckEnable
                0x0000000008008b3c       0x62 Drivers/BSP/Components/vl53l1x/core/vl53l1_api.o
                0x0000000008008b3c                VL53L1_GetLimitCheckEnable
 .text.VL53L1_SetLimitCheckValue
                0x0000000008008b9e       0xa8 Drivers/BSP/Components/vl53l1x/core/vl53l1_api.o
                0x0000000008008b9e                VL53L1_SetLimitCheckValue
 .text.VL53L1_GetLimitCheckValue
                0x0000000008008c46       0xec Drivers/BSP/Components/vl53l1x/core/vl53l1_api.o
                0x0000000008008c46                VL53L1_GetLimitCheckValue
 .text.VL53L1_SetUserROI
                0x0000000008008d32       0xe6 Drivers/BSP/Components/vl53l1x/core/vl53l1_api.o
                0x0000000008008d32                VL53L1_SetUserROI
 .text.VL53L1_GetSequenceStepEnable
                0x0000000008008e18       0x3c Drivers/BSP/Components/vl53l1x/core/vl53l1_api.o
                0x0000000008008e18                VL53L1_GetSequenceStepEnable
 .text.VL53L1_StartMeasurement
                0x0000000008008e54      0x10e Drivers/BSP/Components/vl53l1x/core/vl53l1_api.o
                0x0000000008008e54                VL53L1_StartMeasurement
 *fill*         0x0000000008008f62        0x2 
 .text.ChangePresetMode
                0x0000000008008f64      0x180 Drivers/BSP/Components/vl53l1x/core/vl53l1_api.o
 .text.VL53L1_ClearInterruptAndStartMeasurement
                0x00000000080090e4       0x80 Drivers/BSP/Components/vl53l1x/core/vl53l1_api.o
                0x00000000080090e4                VL53L1_ClearInterruptAndStartMeasurement
 .text.VL53L1_WaitMeasurementDataReady
                0x0000000008009164       0x32 Drivers/BSP/Components/vl53l1x/core/vl53l1_api.o
                0x0000000008009164                VL53L1_WaitMeasurementDataReady
 *fill*         0x0000000008009196        0x2 
 .text.ComputeRQL
                0x0000000008009198      0x118 Drivers/BSP/Components/vl53l1x/core/vl53l1_api.o
 .text.ConvertStatusLite
                0x00000000080092b0       0x94 Drivers/BSP/Components/vl53l1x/core/vl53l1_api.o
 .text.SetSimpleData
                0x0000000008009344      0x20c Drivers/BSP/Components/vl53l1x/core/vl53l1_api.o
 .text.VL53L1_GetRangingMeasurementData
                0x0000000008009550       0x92 Drivers/BSP/Components/vl53l1x/core/vl53l1_api.o
                0x0000000008009550                VL53L1_GetRangingMeasurementData
 *fill*         0x00000000080095e2        0x2 
 .text.VL53L1_data_init
                0x00000000080095e4      0x174 Drivers/BSP/Components/vl53l1x/core/vl53l1_api_core.o
                0x00000000080095e4                VL53L1_data_init
 .text.VL53L1_read_p2p_data
                0x0000000008009758      0x150 Drivers/BSP/Components/vl53l1x/core/vl53l1_api_core.o
                0x0000000008009758                VL53L1_read_p2p_data
 .text.VL53L1_set_inter_measurement_period_ms
                0x00000000080098a8       0x64 Drivers/BSP/Components/vl53l1x/core/vl53l1_api_core.o
                0x00000000080098a8                VL53L1_set_inter_measurement_period_ms
 .text.VL53L1_get_inter_measurement_period_ms
                0x000000000800990c       0x64 Drivers/BSP/Components/vl53l1x/core/vl53l1_api_core.o
                0x000000000800990c                VL53L1_get_inter_measurement_period_ms
 .text.VL53L1_set_timeouts_us
                0x0000000008009970       0x8a Drivers/BSP/Components/vl53l1x/core/vl53l1_api_core.o
                0x0000000008009970                VL53L1_set_timeouts_us
 .text.VL53L1_get_timeouts_us
                0x00000000080099fa      0x118 Drivers/BSP/Components/vl53l1x/core/vl53l1_api_core.o
                0x00000000080099fa                VL53L1_get_timeouts_us
 .text.VL53L1_get_sequence_config_bit
                0x0000000008009b12       0x98 Drivers/BSP/Components/vl53l1x/core/vl53l1_api_core.o
                0x0000000008009b12                VL53L1_get_sequence_config_bit
 .text.VL53L1_set_user_zone
                0x0000000008009baa       0x4c Drivers/BSP/Components/vl53l1x/core/vl53l1_api_core.o
                0x0000000008009baa                VL53L1_set_user_zone
 .text.VL53L1_get_user_zone
                0x0000000008009bf6       0x4e Drivers/BSP/Components/vl53l1x/core/vl53l1_api_core.o
                0x0000000008009bf6                VL53L1_get_user_zone
 .text.VL53L1_get_mode_mitigation_roi
                0x0000000008009c44       0x94 Drivers/BSP/Components/vl53l1x/core/vl53l1_api_core.o
                0x0000000008009c44                VL53L1_get_mode_mitigation_roi
 .text.VL53L1_get_preset_mode_timing_cfg
                0x0000000008009cd8       0xd0 Drivers/BSP/Components/vl53l1x/core/vl53l1_api_core.o
                0x0000000008009cd8                VL53L1_get_preset_mode_timing_cfg
 .text.VL53L1_set_preset_mode
                0x0000000008009da8      0x2c4 Drivers/BSP/Components/vl53l1x/core/vl53l1_api_core.o
                0x0000000008009da8                VL53L1_set_preset_mode
 .text.VL53L1_get_lite_sigma_threshold
                0x000000000800a06c       0x30 Drivers/BSP/Components/vl53l1x/core/vl53l1_api_core.o
                0x000000000800a06c                VL53L1_get_lite_sigma_threshold
 .text.VL53L1_set_lite_sigma_threshold
                0x000000000800a09c       0x34 Drivers/BSP/Components/vl53l1x/core/vl53l1_api_core.o
                0x000000000800a09c                VL53L1_set_lite_sigma_threshold
 .text.VL53L1_get_lite_min_count_rate
                0x000000000800a0d0       0x30 Drivers/BSP/Components/vl53l1x/core/vl53l1_api_core.o
                0x000000000800a0d0                VL53L1_get_lite_min_count_rate
 .text.VL53L1_set_lite_min_count_rate
                0x000000000800a100       0x34 Drivers/BSP/Components/vl53l1x/core/vl53l1_api_core.o
                0x000000000800a100                VL53L1_set_lite_min_count_rate
 .text.VL53L1_set_vhv_loopbound
                0x000000000800a134       0x4a Drivers/BSP/Components/vl53l1x/core/vl53l1_api_core.o
                0x000000000800a134                VL53L1_set_vhv_loopbound
 *fill*         0x000000000800a17e        0x2 
 .text.VL53L1_init_and_start_range
                0x000000000800a180      0x660 Drivers/BSP/Components/vl53l1x/core/vl53l1_api_core.o
                0x000000000800a180                VL53L1_init_and_start_range
 .text.VL53L1_stop_range
                0x000000000800a7e0       0x94 Drivers/BSP/Components/vl53l1x/core/vl53l1_api_core.o
                0x000000000800a7e0                VL53L1_stop_range
 .text.VL53L1_get_measurement_results
                0x000000000800a874      0x208 Drivers/BSP/Components/vl53l1x/core/vl53l1_api_core.o
                0x000000000800a874                VL53L1_get_measurement_results
 .text.VL53L1_get_device_results
                0x000000000800aa7c      0x14c Drivers/BSP/Components/vl53l1x/core/vl53l1_api_core.o
                0x000000000800aa7c                VL53L1_get_device_results
 .text.VL53L1_clear_interrupt_and_enable_next_range
                0x000000000800abc8       0x46 Drivers/BSP/Components/vl53l1x/core/vl53l1_api_core.o
                0x000000000800abc8                VL53L1_clear_interrupt_and_enable_next_range
 *fill*         0x000000000800ac0e        0x2 
 .text.VL53L1_copy_sys_and_core_results_to_range_results
                0x000000000800ac10      0x244 Drivers/BSP/Components/vl53l1x/core/vl53l1_api_core.o
                0x000000000800ac10                VL53L1_copy_sys_and_core_results_to_range_results
 .text.VL53L1_get_tuning_parm
                0x000000000800ae54      0x3ac Drivers/BSP/Components/vl53l1x/core/vl53l1_api_core.o
                0x000000000800ae54                VL53L1_get_tuning_parm
 .text.VL53L1_init_refspadchar_config_struct
                0x000000000800b200       0x4a Drivers/BSP/Components/vl53l1x/core/vl53l1_api_preset_modes.o
                0x000000000800b200                VL53L1_init_refspadchar_config_struct
 *fill*         0x000000000800b24a        0x2 
 .text.VL53L1_init_ssc_config_struct
                0x000000000800b24c       0x48 Drivers/BSP/Components/vl53l1x/core/vl53l1_api_preset_modes.o
                0x000000000800b24c                VL53L1_init_ssc_config_struct
 .text.VL53L1_init_xtalk_config_struct
                0x000000000800b294       0xd0 Drivers/BSP/Components/vl53l1x/core/vl53l1_api_preset_modes.o
                0x000000000800b294                VL53L1_init_xtalk_config_struct
 .text.VL53L1_init_offset_cal_config_struct
                0x000000000800b364       0x50 Drivers/BSP/Components/vl53l1x/core/vl53l1_api_preset_modes.o
                0x000000000800b364                VL53L1_init_offset_cal_config_struct
 .text.VL53L1_init_tuning_parm_storage_struct
                0x000000000800b3b4      0x12c Drivers/BSP/Components/vl53l1x/core/vl53l1_api_preset_modes.o
                0x000000000800b3b4                VL53L1_init_tuning_parm_storage_struct
 .text.VL53L1_preset_mode_standard_ranging
                0x000000000800b4e0      0x240 Drivers/BSP/Components/vl53l1x/core/vl53l1_api_preset_modes.o
                0x000000000800b4e0                VL53L1_preset_mode_standard_ranging
 .text.VL53L1_preset_mode_standard_ranging_short_range
                0x000000000800b720       0x90 Drivers/BSP/Components/vl53l1x/core/vl53l1_api_preset_modes.o
                0x000000000800b720                VL53L1_preset_mode_standard_ranging_short_range
 .text.VL53L1_preset_mode_standard_ranging_long_range
                0x000000000800b7b0       0x90 Drivers/BSP/Components/vl53l1x/core/vl53l1_api_preset_modes.o
                0x000000000800b7b0                VL53L1_preset_mode_standard_ranging_long_range
 .text.VL53L1_preset_mode_standard_ranging_mm1_cal
                0x000000000800b840       0x58 Drivers/BSP/Components/vl53l1x/core/vl53l1_api_preset_modes.o
                0x000000000800b840                VL53L1_preset_mode_standard_ranging_mm1_cal
 .text.VL53L1_preset_mode_standard_ranging_mm2_cal
                0x000000000800b898       0x58 Drivers/BSP/Components/vl53l1x/core/vl53l1_api_preset_modes.o
                0x000000000800b898                VL53L1_preset_mode_standard_ranging_mm2_cal
 .text.VL53L1_preset_mode_timed_ranging
                0x000000000800b8f0       0x82 Drivers/BSP/Components/vl53l1x/core/vl53l1_api_preset_modes.o
                0x000000000800b8f0                VL53L1_preset_mode_timed_ranging
 .text.VL53L1_preset_mode_timed_ranging_short_range
                0x000000000800b972       0x82 Drivers/BSP/Components/vl53l1x/core/vl53l1_api_preset_modes.o
                0x000000000800b972                VL53L1_preset_mode_timed_ranging_short_range
 .text.VL53L1_preset_mode_timed_ranging_long_range
                0x000000000800b9f4       0x82 Drivers/BSP/Components/vl53l1x/core/vl53l1_api_preset_modes.o
                0x000000000800b9f4                VL53L1_preset_mode_timed_ranging_long_range
 .text.VL53L1_preset_mode_low_power_auto_ranging
                0x000000000800ba76       0x60 Drivers/BSP/Components/vl53l1x/core/vl53l1_api_preset_modes.o
                0x000000000800ba76                VL53L1_preset_mode_low_power_auto_ranging
 .text.VL53L1_preset_mode_low_power_auto_short_ranging
                0x000000000800bad6       0x60 Drivers/BSP/Components/vl53l1x/core/vl53l1_api_preset_modes.o
                0x000000000800bad6                VL53L1_preset_mode_low_power_auto_short_ranging
 .text.VL53L1_preset_mode_low_power_auto_long_ranging
                0x000000000800bb36       0x60 Drivers/BSP/Components/vl53l1x/core/vl53l1_api_preset_modes.o
                0x000000000800bb36                VL53L1_preset_mode_low_power_auto_long_ranging
 .text.VL53L1_preset_mode_singleshot_ranging
                0x000000000800bb96       0x7a Drivers/BSP/Components/vl53l1x/core/vl53l1_api_preset_modes.o
                0x000000000800bb96                VL53L1_preset_mode_singleshot_ranging
 .text.VL53L1_preset_mode_olt
                0x000000000800bc10       0x52 Drivers/BSP/Components/vl53l1x/core/vl53l1_api_preset_modes.o
                0x000000000800bc10                VL53L1_preset_mode_olt
 .text.VL53L1_init_version
                0x000000000800bc62       0x34 Drivers/BSP/Components/vl53l1x/core/vl53l1_core.o
                0x000000000800bc62                VL53L1_init_version
 .text.VL53L1_init_ll_driver_state
                0x000000000800bc96       0x54 Drivers/BSP/Components/vl53l1x/core/vl53l1_core.o
                0x000000000800bc96                VL53L1_init_ll_driver_state
 .text.VL53L1_update_ll_driver_rd_state
                0x000000000800bcea      0x10c Drivers/BSP/Components/vl53l1x/core/vl53l1_core.o
                0x000000000800bcea                VL53L1_update_ll_driver_rd_state
 .text.VL53L1_check_ll_driver_rd_state
                0x000000000800bdf6       0xc6 Drivers/BSP/Components/vl53l1x/core/vl53l1_core.o
                0x000000000800bdf6                VL53L1_check_ll_driver_rd_state
 .text.VL53L1_update_ll_driver_cfg_state
                0x000000000800bebc       0xd2 Drivers/BSP/Components/vl53l1x/core/vl53l1_core.o
                0x000000000800bebc                VL53L1_update_ll_driver_cfg_state
 .text.VL53L1_copy_rtn_good_spads_to_buffer
                0x000000000800bf8e      0x170 Drivers/BSP/Components/vl53l1x/core/vl53l1_core.o
                0x000000000800bf8e                VL53L1_copy_rtn_good_spads_to_buffer
 .text.VL53L1_i2c_encode_uint16_t
                0x000000000800c0fe       0x7a Drivers/BSP/Components/vl53l1x/core/vl53l1_core.o
                0x000000000800c0fe                VL53L1_i2c_encode_uint16_t
 .text.VL53L1_i2c_decode_uint16_t
                0x000000000800c178       0x50 Drivers/BSP/Components/vl53l1x/core/vl53l1_core.o
                0x000000000800c178                VL53L1_i2c_decode_uint16_t
 .text.VL53L1_i2c_encode_int16_t
                0x000000000800c1c8       0x7c Drivers/BSP/Components/vl53l1x/core/vl53l1_core.o
                0x000000000800c1c8                VL53L1_i2c_encode_int16_t
 .text.VL53L1_i2c_decode_int16_t
                0x000000000800c244       0x66 Drivers/BSP/Components/vl53l1x/core/vl53l1_core.o
                0x000000000800c244                VL53L1_i2c_decode_int16_t
 .text.VL53L1_i2c_encode_uint32_t
                0x000000000800c2aa       0x6c Drivers/BSP/Components/vl53l1x/core/vl53l1_core.o
                0x000000000800c2aa                VL53L1_i2c_encode_uint32_t
 .text.VL53L1_i2c_decode_uint32_t
                0x000000000800c316       0x3c Drivers/BSP/Components/vl53l1x/core/vl53l1_core.o
                0x000000000800c316                VL53L1_i2c_decode_uint32_t
 .text.VL53L1_i2c_decode_int32_t
                0x000000000800c352       0x4c Drivers/BSP/Components/vl53l1x/core/vl53l1_core.o
                0x000000000800c352                VL53L1_i2c_decode_int32_t
 .text.VL53L1_calc_macro_period_us
                0x000000000800c39e       0x6c Drivers/BSP/Components/vl53l1x/core/vl53l1_core.o
                0x000000000800c39e                VL53L1_calc_macro_period_us
 *fill*         0x000000000800c40a        0x2 
 .text.VL53L1_calc_range_ignore_threshold
                0x000000000800c40c      0x100 Drivers/BSP/Components/vl53l1x/core/vl53l1_core.o
                0x000000000800c40c                VL53L1_calc_range_ignore_threshold
 .text.VL53L1_calc_timeout_mclks
                0x000000000800c50c       0x2e Drivers/BSP/Components/vl53l1x/core/vl53l1_core.o
                0x000000000800c50c                VL53L1_calc_timeout_mclks
 .text.VL53L1_calc_encoded_timeout
                0x000000000800c53a       0x40 Drivers/BSP/Components/vl53l1x/core/vl53l1_core.o
                0x000000000800c53a                VL53L1_calc_encoded_timeout
 .text.VL53L1_calc_timeout_us
                0x000000000800c57a       0x6c Drivers/BSP/Components/vl53l1x/core/vl53l1_core.o
                0x000000000800c57a                VL53L1_calc_timeout_us
 .text.VL53L1_calc_decoded_timeout_us
                0x000000000800c5e6       0x3e Drivers/BSP/Components/vl53l1x/core/vl53l1_core.o
                0x000000000800c5e6                VL53L1_calc_decoded_timeout_us
 .text.VL53L1_encode_timeout
                0x000000000800c624       0x6e Drivers/BSP/Components/vl53l1x/core/vl53l1_core.o
                0x000000000800c624                VL53L1_encode_timeout
 .text.VL53L1_decode_timeout
                0x000000000800c692       0x30 Drivers/BSP/Components/vl53l1x/core/vl53l1_core.o
                0x000000000800c692                VL53L1_decode_timeout
 .text.VL53L1_calc_timeout_register_values
                0x000000000800c6c2      0x152 Drivers/BSP/Components/vl53l1x/core/vl53l1_core.o
                0x000000000800c6c2                VL53L1_calc_timeout_register_values
 .text.VL53L1_encode_row_col
                0x000000000800c814       0x58 Drivers/BSP/Components/vl53l1x/core/vl53l1_core.o
                0x000000000800c814                VL53L1_encode_row_col
 .text.VL53L1_decode_zone_size
                0x000000000800c86c       0x34 Drivers/BSP/Components/vl53l1x/core/vl53l1_core.o
                0x000000000800c86c                VL53L1_decode_zone_size
 .text.VL53L1_encode_zone_size
                0x000000000800c8a0       0x30 Drivers/BSP/Components/vl53l1x/core/vl53l1_core.o
                0x000000000800c8a0                VL53L1_encode_zone_size
 .text.VL53L1_low_power_auto_data_init
                0x000000000800c8d0       0x88 Drivers/BSP/Components/vl53l1x/core/vl53l1_core.o
                0x000000000800c8d0                VL53L1_low_power_auto_data_init
 .text.VL53L1_low_power_auto_data_stop_range
                0x000000000800c958       0x94 Drivers/BSP/Components/vl53l1x/core/vl53l1_core.o
                0x000000000800c958                VL53L1_low_power_auto_data_stop_range
 .text.VL53L1_config_low_power_auto_mode
                0x000000000800c9ec       0x44 Drivers/BSP/Components/vl53l1x/core/vl53l1_core.o
                0x000000000800c9ec                VL53L1_config_low_power_auto_mode
 .text.VL53L1_low_power_auto_setup_manual_calibration
                0x000000000800ca30       0xac Drivers/BSP/Components/vl53l1x/core/vl53l1_core.o
                0x000000000800ca30                VL53L1_low_power_auto_setup_manual_calibration
 .text.VL53L1_low_power_auto_update_DSS
                0x000000000800cadc      0x128 Drivers/BSP/Components/vl53l1x/core/vl53l1_core.o
                0x000000000800cadc                VL53L1_low_power_auto_update_DSS
 .text.VL53L1_calc_pll_period_us
                0x000000000800cc04       0x2c Drivers/BSP/Components/vl53l1x/core/vl53l1_core_support.o
                0x000000000800cc04                VL53L1_calc_pll_period_us
 .text.VL53L1_decode_vcsel_period
                0x000000000800cc30       0x2e Drivers/BSP/Components/vl53l1x/core/vl53l1_core_support.o
                0x000000000800cc30                VL53L1_decode_vcsel_period
 .text.VL53L1_decode_row_col
                0x000000000800cc5e       0x6c Drivers/BSP/Components/vl53l1x/core/vl53l1_core_support.o
                0x000000000800cc5e                VL53L1_decode_row_col
 .text.VL53L1_i2c_encode_static_nvm_managed
                0x000000000800ccca       0xc4 Drivers/BSP/Components/vl53l1x/core/vl53l1_register_funcs.o
                0x000000000800ccca                VL53L1_i2c_encode_static_nvm_managed
 .text.VL53L1_i2c_decode_static_nvm_managed
                0x000000000800cd8e       0xc2 Drivers/BSP/Components/vl53l1x/core/vl53l1_register_funcs.o
                0x000000000800cd8e                VL53L1_i2c_decode_static_nvm_managed
 .text.VL53L1_get_static_nvm_managed
                0x000000000800ce50       0x64 Drivers/BSP/Components/vl53l1x/core/vl53l1_register_funcs.o
                0x000000000800ce50                VL53L1_get_static_nvm_managed
 .text.VL53L1_i2c_encode_customer_nvm_managed
                0x000000000800ceb4      0x122 Drivers/BSP/Components/vl53l1x/core/vl53l1_register_funcs.o
                0x000000000800ceb4                VL53L1_i2c_encode_customer_nvm_managed
 .text.VL53L1_i2c_decode_customer_nvm_managed
                0x000000000800cfd6      0x128 Drivers/BSP/Components/vl53l1x/core/vl53l1_register_funcs.o
                0x000000000800cfd6                VL53L1_i2c_decode_customer_nvm_managed
 .text.VL53L1_get_customer_nvm_managed
                0x000000000800d0fe       0x64 Drivers/BSP/Components/vl53l1x/core/vl53l1_register_funcs.o
                0x000000000800d0fe                VL53L1_get_customer_nvm_managed
 .text.VL53L1_i2c_encode_static_config
                0x000000000800d162      0x1d4 Drivers/BSP/Components/vl53l1x/core/vl53l1_register_funcs.o
                0x000000000800d162                VL53L1_i2c_encode_static_config
 .text.VL53L1_i2c_encode_general_config
                0x000000000800d336      0x116 Drivers/BSP/Components/vl53l1x/core/vl53l1_register_funcs.o
                0x000000000800d336                VL53L1_i2c_encode_general_config
 .text.VL53L1_i2c_encode_timing_config
                0x000000000800d44c      0x112 Drivers/BSP/Components/vl53l1x/core/vl53l1_register_funcs.o
                0x000000000800d44c                VL53L1_i2c_encode_timing_config
 .text.VL53L1_i2c_encode_dynamic_config
                0x000000000800d55e      0x118 Drivers/BSP/Components/vl53l1x/core/vl53l1_register_funcs.o
                0x000000000800d55e                VL53L1_i2c_encode_dynamic_config
 .text.VL53L1_i2c_encode_system_control
                0x000000000800d676       0x80 Drivers/BSP/Components/vl53l1x/core/vl53l1_register_funcs.o
                0x000000000800d676                VL53L1_i2c_encode_system_control
 .text.VL53L1_set_system_control
                0x000000000800d6f6       0x64 Drivers/BSP/Components/vl53l1x/core/vl53l1_register_funcs.o
                0x000000000800d6f6                VL53L1_set_system_control
 .text.VL53L1_i2c_decode_system_results
                0x000000000800d75a      0x1fa Drivers/BSP/Components/vl53l1x/core/vl53l1_register_funcs.o
                0x000000000800d75a                VL53L1_i2c_decode_system_results
 .text.VL53L1_i2c_decode_core_results
                0x000000000800d954       0xd2 Drivers/BSP/Components/vl53l1x/core/vl53l1_register_funcs.o
                0x000000000800d954                VL53L1_i2c_decode_core_results
 .text.VL53L1_i2c_decode_debug_results
                0x000000000800da26      0x2f4 Drivers/BSP/Components/vl53l1x/core/vl53l1_register_funcs.o
                0x000000000800da26                VL53L1_i2c_decode_debug_results
 .text.VL53L1_i2c_decode_nvm_copy_data
                0x000000000800dd1a      0x25a Drivers/BSP/Components/vl53l1x/core/vl53l1_register_funcs.o
                0x000000000800dd1a                VL53L1_i2c_decode_nvm_copy_data
 .text.VL53L1_get_nvm_copy_data
                0x000000000800df74       0x68 Drivers/BSP/Components/vl53l1x/core/vl53l1_register_funcs.o
                0x000000000800df74                VL53L1_get_nvm_copy_data
 .text.VL53L1_poll_for_boot_completion
                0x000000000800dfdc       0x72 Drivers/BSP/Components/vl53l1x/core/vl53l1_wait.o
                0x000000000800dfdc                VL53L1_poll_for_boot_completion
 .text.VL53L1_poll_for_range_completion
                0x000000000800e04e       0x84 Drivers/BSP/Components/vl53l1x/core/vl53l1_wait.o
                0x000000000800e04e                VL53L1_poll_for_range_completion
 .text._I2CWrite
                0x000000000800e0d2       0x42 Drivers/BSP/Components/vl53l1x/platform/vl53l1_platform.o
                0x000000000800e0d2                _I2CWrite
 .text._I2CRead
                0x000000000800e114       0x48 Drivers/BSP/Components/vl53l1x/platform/vl53l1_platform.o
                0x000000000800e114                _I2CRead
 .text.VL53L1_WriteMulti
                0x000000000800e15c       0x88 Drivers/BSP/Components/vl53l1x/platform/vl53l1_platform.o
                0x000000000800e15c                VL53L1_WriteMulti
 .text.VL53L1_ReadMulti
                0x000000000800e1e4       0x8c Drivers/BSP/Components/vl53l1x/platform/vl53l1_platform.o
                0x000000000800e1e4                VL53L1_ReadMulti
 .text.VL53L1_WrByte
                0x000000000800e270       0x74 Drivers/BSP/Components/vl53l1x/platform/vl53l1_platform.o
                0x000000000800e270                VL53L1_WrByte
 .text.VL53L1_RdByte
                0x000000000800e2e4       0x8c Drivers/BSP/Components/vl53l1x/platform/vl53l1_platform.o
                0x000000000800e2e4                VL53L1_RdByte
 .text.VL53L1_RdWord
                0x000000000800e370       0xa0 Drivers/BSP/Components/vl53l1x/platform/vl53l1_platform.o
                0x000000000800e370                VL53L1_RdWord
 .text.VL53L1_GetTickCount
                0x000000000800e410       0x24 Drivers/BSP/Components/vl53l1x/platform/vl53l1_platform.o
                0x000000000800e410                VL53L1_GetTickCount
 .text.VL53L1_WaitMs
                0x000000000800e434       0x1c Drivers/BSP/Components/vl53l1x/platform/vl53l1_platform.o
                0x000000000800e434                VL53L1_WaitMs
 .text.VL53L1_WaitUs
                0x000000000800e450       0x28 Drivers/BSP/Components/vl53l1x/platform/vl53l1_platform.o
                0x000000000800e450                VL53L1_WaitUs
 .text.VL53L1_WaitValueMaskEx
                0x000000000800e478      0x1a8 Drivers/BSP/Components/vl53l1x/platform/vl53l1_platform.o
                0x000000000800e478                VL53L1_WaitValueMaskEx
 .text.Stspin220_Board_Delay
                0x000000000800e620       0x18 Drivers/BSP/X-NUCLEO-IHMxx/x_nucleo_ihm06a1_stm32l0xx.o
                0x000000000800e620                Stspin220_Board_Delay
 .text.Stspin220_Board_GpioInit
                0x000000000800e638      0x11c Drivers/BSP/X-NUCLEO-IHMxx/x_nucleo_ihm06a1_stm32l0xx.o
                0x000000000800e638                Stspin220_Board_GpioInit
 .text.Stspin220_Board_TimStckStart
                0x000000000800e754       0x48 Drivers/BSP/X-NUCLEO-IHMxx/x_nucleo_ihm06a1_stm32l0xx.o
                0x000000000800e754                Stspin220_Board_TimStckStart
 .text.Stspin220_Board_TimStckCompareInit
                0x000000000800e79c       0x1c Drivers/BSP/X-NUCLEO-IHMxx/x_nucleo_ihm06a1_stm32l0xx.o
                0x000000000800e79c                Stspin220_Board_TimStckCompareInit
 .text.Stspin220_Board_TimStckSetFreq
                0x000000000800e7b8       0x48 Drivers/BSP/X-NUCLEO-IHMxx/x_nucleo_ihm06a1_stm32l0xx.o
                0x000000000800e7b8                Stspin220_Board_TimStckSetFreq
 .text.Stspin220_Board_PwmRefStart
                0x000000000800e800       0x20 Drivers/BSP/X-NUCLEO-IHMxx/x_nucleo_ihm06a1_stm32l0xx.o
                0x000000000800e800                Stspin220_Board_PwmRefStart
 .text.Stspin220_Board_PwmRefSetFreqAndDutyCycle
                0x000000000800e820       0x84 Drivers/BSP/X-NUCLEO-IHMxx/x_nucleo_ihm06a1_stm32l0xx.o
                0x000000000800e820                Stspin220_Board_PwmRefSetFreqAndDutyCycle
 .text.Stspin220_Board_PwmRefInit
                0x000000000800e8a4       0x78 Drivers/BSP/X-NUCLEO-IHMxx/x_nucleo_ihm06a1_stm32l0xx.o
                0x000000000800e8a4                Stspin220_Board_PwmRefInit
 .text.Stspin220_Board_TimStckInit
                0x000000000800e91c       0xb0 Drivers/BSP/X-NUCLEO-IHMxx/x_nucleo_ihm06a1_stm32l0xx.o
                0x000000000800e91c                Stspin220_Board_TimStckInit
 .text.Stspin220_Board_TimStckDeInit
                0x000000000800e9cc       0x18 Drivers/BSP/X-NUCLEO-IHMxx/x_nucleo_ihm06a1_stm32l0xx.o
                0x000000000800e9cc                Stspin220_Board_TimStckDeInit
 .text.Stspin220_Board_TimStckStop
                0x000000000800e9e4       0x50 Drivers/BSP/X-NUCLEO-IHMxx/x_nucleo_ihm06a1_stm32l0xx.o
                0x000000000800e9e4                Stspin220_Board_TimStckStop
 .text.Stspin220_Board_ReleaseReset
                0x000000000800ea34       0x1c Drivers/BSP/X-NUCLEO-IHMxx/x_nucleo_ihm06a1_stm32l0xx.o
                0x000000000800ea34                Stspin220_Board_ReleaseReset
 .text.Stspin220_Board_Reset
                0x000000000800ea50       0x1c Drivers/BSP/X-NUCLEO-IHMxx/x_nucleo_ihm06a1_stm32l0xx.o
                0x000000000800ea50                Stspin220_Board_Reset
 .text.Stspin220_Board_SetDirectionGpio
                0x000000000800ea6c       0x26 Drivers/BSP/X-NUCLEO-IHMxx/x_nucleo_ihm06a1_stm32l0xx.o
                0x000000000800ea6c                Stspin220_Board_SetDirectionGpio
 *fill*         0x000000000800ea92        0x2 
 .text.Stspin220_Board_Disable
                0x000000000800ea94       0x58 Drivers/BSP/X-NUCLEO-IHMxx/x_nucleo_ihm06a1_stm32l0xx.o
                0x000000000800ea94                Stspin220_Board_Disable
 .text.Stspin220_Board_Enable
                0x000000000800eaec       0x7c Drivers/BSP/X-NUCLEO-IHMxx/x_nucleo_ihm06a1_stm32l0xx.o
                0x000000000800eaec                Stspin220_Board_Enable
 .text.Stspin220_Board_EN_AND_FAULT_PIN_GetState
                0x000000000800eb68       0x20 Drivers/BSP/X-NUCLEO-IHMxx/x_nucleo_ihm06a1_stm32l0xx.o
                0x000000000800eb68                Stspin220_Board_EN_AND_FAULT_PIN_GetState
 .text.Stspin220_Board_SetModePins
                0x000000000800eb88       0xf0 Drivers/BSP/X-NUCLEO-IHMxx/x_nucleo_ihm06a1_stm32l0xx.o
                0x000000000800eb88                Stspin220_Board_SetModePins
 .text.Stspin220_Board_SetFullStep
                0x000000000800ec78       0x28 Drivers/BSP/X-NUCLEO-IHMxx/x_nucleo_ihm06a1_stm32l0xx.o
                0x000000000800ec78                Stspin220_Board_SetFullStep
 .text.Stspin220_Board_UnsetFullStep
                0x000000000800eca0       0x1c Drivers/BSP/X-NUCLEO-IHMxx/x_nucleo_ihm06a1_stm32l0xx.o
                0x000000000800eca0                Stspin220_Board_UnsetFullStep
 .text.L6474_GetMotorHandle
                0x000000000800ecbc        0xc Drivers/BSP/X-NUCLEO-IHMxx/x_nucleo_ihmxx.o
                0x000000000800ecbc                L6474_GetMotorHandle
 .text.l647x_GetMotorHandle
                0x000000000800ecc8        0xc Drivers/BSP/X-NUCLEO-IHMxx/x_nucleo_ihmxx.o
                0x000000000800ecc8                l647x_GetMotorHandle
 .text.l648x_GetMotorHandle
                0x000000000800ecd4        0xc Drivers/BSP/X-NUCLEO-IHMxx/x_nucleo_ihmxx.o
                0x000000000800ecd4                l648x_GetMotorHandle
 .text.Powerstep01_GetMotorHandle
                0x000000000800ece0        0xc Drivers/BSP/X-NUCLEO-IHMxx/x_nucleo_ihmxx.o
                0x000000000800ece0                Powerstep01_GetMotorHandle
 .text.L6206_GetMotorHandle
                0x000000000800ecec        0xc Drivers/BSP/X-NUCLEO-IHMxx/x_nucleo_ihmxx.o
                0x000000000800ecec                L6206_GetMotorHandle
 .text.L6208_GetMotorHandle
                0x000000000800ecf8        0xc Drivers/BSP/X-NUCLEO-IHMxx/x_nucleo_ihmxx.o
                0x000000000800ecf8                L6208_GetMotorHandle
 .text.Stspin240_250_GetMotorHandle
                0x000000000800ed04        0xc Drivers/BSP/X-NUCLEO-IHMxx/x_nucleo_ihmxx.o
                0x000000000800ed04                Stspin240_250_GetMotorHandle
 .text.BSP_MotorControl_AttachErrorHandler
                0x000000000800ed10       0x40 Drivers/BSP/X-NUCLEO-IHMxx/x_nucleo_ihmxx.o
                0x000000000800ed10                BSP_MotorControl_AttachErrorHandler
 .text.BSP_MotorControl_AttachFlagInterrupt
                0x000000000800ed50       0x40 Drivers/BSP/X-NUCLEO-IHMxx/x_nucleo_ihmxx.o
                0x000000000800ed50                BSP_MotorControl_AttachFlagInterrupt
 .text.BSP_MotorControl_ErrorHandler
                0x000000000800ed90       0x40 Drivers/BSP/X-NUCLEO-IHMxx/x_nucleo_ihmxx.o
                0x000000000800ed90                BSP_MotorControl_ErrorHandler
 .text.BSP_MotorControl_Init
                0x000000000800edd0       0x44 Drivers/BSP/X-NUCLEO-IHMxx/x_nucleo_ihmxx.o
                0x000000000800edd0                BSP_MotorControl_Init
 .text.BSP_MotorControl_GetPosition
                0x000000000800ee14       0x50 Drivers/BSP/X-NUCLEO-IHMxx/x_nucleo_ihmxx.o
                0x000000000800ee14                BSP_MotorControl_GetPosition
 .text.BSP_MotorControl_GoTo
                0x000000000800ee64       0x4c Drivers/BSP/X-NUCLEO-IHMxx/x_nucleo_ihmxx.o
                0x000000000800ee64                BSP_MotorControl_GoTo
 .text.BSP_MotorControl_Move
                0x000000000800eeb0       0x54 Drivers/BSP/X-NUCLEO-IHMxx/x_nucleo_ihmxx.o
                0x000000000800eeb0                BSP_MotorControl_Move
 .text.BSP_MotorControl_Run
                0x000000000800ef04       0x50 Drivers/BSP/X-NUCLEO-IHMxx/x_nucleo_ihmxx.o
                0x000000000800ef04                BSP_MotorControl_Run
 .text.BSP_MotorControl_SetAcceleration
                0x000000000800ef54       0x68 Drivers/BSP/X-NUCLEO-IHMxx/x_nucleo_ihmxx.o
                0x000000000800ef54                BSP_MotorControl_SetAcceleration
 .text.BSP_MotorControl_SetDeceleration
                0x000000000800efbc       0x68 Drivers/BSP/X-NUCLEO-IHMxx/x_nucleo_ihmxx.o
                0x000000000800efbc                BSP_MotorControl_SetDeceleration
 .text.BSP_MotorControl_SetHome
                0x000000000800f024       0x4c Drivers/BSP/X-NUCLEO-IHMxx/x_nucleo_ihmxx.o
                0x000000000800f024                BSP_MotorControl_SetHome
 .text.BSP_MotorControl_SetMaxSpeed
                0x000000000800f070       0x68 Drivers/BSP/X-NUCLEO-IHMxx/x_nucleo_ihmxx.o
                0x000000000800f070                BSP_MotorControl_SetMaxSpeed
 .text.BSP_MotorControl_SoftStop
                0x000000000800f0d8       0x5c Drivers/BSP/X-NUCLEO-IHMxx/x_nucleo_ihmxx.o
                0x000000000800f0d8                BSP_MotorControl_SoftStop
 .text.BSP_MotorControl_StepClockHandler
                0x000000000800f134       0x48 Drivers/BSP/X-NUCLEO-IHMxx/x_nucleo_ihmxx.o
                0x000000000800f134                BSP_MotorControl_StepClockHandler
 .text.BSP_MotorControl_WaitWhileActive
                0x000000000800f17c       0x48 Drivers/BSP/X-NUCLEO-IHMxx/x_nucleo_ihmxx.o
                0x000000000800f17c                BSP_MotorControl_WaitWhileActive
 .text.BSP_MotorControl_CmdDisable
                0x000000000800f1c4       0x48 Drivers/BSP/X-NUCLEO-IHMxx/x_nucleo_ihmxx.o
                0x000000000800f1c4                BSP_MotorControl_CmdDisable
 .text.BSP_MotorControl_GetBridgeInputPwmFreq
                0x000000000800f20c       0x58 Drivers/BSP/X-NUCLEO-IHMxx/x_nucleo_ihmxx.o
                0x000000000800f20c                BSP_MotorControl_GetBridgeInputPwmFreq
 .text.BSP_MotorControl_SetStopMode
                0x000000000800f264       0x58 Drivers/BSP/X-NUCLEO-IHMxx/x_nucleo_ihmxx.o
                0x000000000800f264                BSP_MotorControl_SetStopMode
 .text.BSP_MotorControl_SetNbDevices
                0x000000000800f2bc      0x158 Drivers/BSP/X-NUCLEO-IHMxx/x_nucleo_ihmxx.o
                0x000000000800f2bc                BSP_MotorControl_SetNbDevices
 .text.HAL_Init
                0x000000000800f414       0x40 Drivers/STM32L0xx_HAL_Driver/Src/stm32l0xx_hal.o
                0x000000000800f414                HAL_Init
 .text.HAL_InitTick
                0x000000000800f454       0x68 Drivers/STM32L0xx_HAL_Driver/Src/stm32l0xx_hal.o
                0x000000000800f454                HAL_InitTick
 .text.HAL_IncTick
                0x000000000800f4bc       0x24 Drivers/STM32L0xx_HAL_Driver/Src/stm32l0xx_hal.o
                0x000000000800f4bc                HAL_IncTick
 .text.HAL_GetTick
                0x000000000800f4e0       0x14 Drivers/STM32L0xx_HAL_Driver/Src/stm32l0xx_hal.o
                0x000000000800f4e0                HAL_GetTick
 .text.HAL_Delay
                0x000000000800f4f4       0x44 Drivers/STM32L0xx_HAL_Driver/Src/stm32l0xx_hal.o
                0x000000000800f4f4                HAL_Delay
 .text.NVIC_EnableIRQ
                0x000000000800f538       0x2c Drivers/STM32L0xx_HAL_Driver/Src/stm32l0xx_hal_cortex.o
 .text.NVIC_DisableIRQ
                0x000000000800f564       0x30 Drivers/STM32L0xx_HAL_Driver/Src/stm32l0xx_hal_cortex.o
 .text.NVIC_ClearPendingIRQ
                0x000000000800f594       0x30 Drivers/STM32L0xx_HAL_Driver/Src/stm32l0xx_hal_cortex.o
 .text.NVIC_SetPriority
                0x000000000800f5c4       0xdc Drivers/STM32L0xx_HAL_Driver/Src/stm32l0xx_hal_cortex.o
 .text.SysTick_Config
                0x000000000800f6a0       0x48 Drivers/STM32L0xx_HAL_Driver/Src/stm32l0xx_hal_cortex.o
 .text.HAL_NVIC_SetPriority
                0x000000000800f6e8       0x2a Drivers/STM32L0xx_HAL_Driver/Src/stm32l0xx_hal_cortex.o
                0x000000000800f6e8                HAL_NVIC_SetPriority
 .text.HAL_NVIC_EnableIRQ
                0x000000000800f712       0x20 Drivers/STM32L0xx_HAL_Driver/Src/stm32l0xx_hal_cortex.o
                0x000000000800f712                HAL_NVIC_EnableIRQ
 .text.HAL_NVIC_DisableIRQ
                0x000000000800f732       0x20 Drivers/STM32L0xx_HAL_Driver/Src/stm32l0xx_hal_cortex.o
                0x000000000800f732                HAL_NVIC_DisableIRQ
 .text.HAL_SYSTICK_Config
                0x000000000800f752       0x1a Drivers/STM32L0xx_HAL_Driver/Src/stm32l0xx_hal_cortex.o
                0x000000000800f752                HAL_SYSTICK_Config
 .text.HAL_NVIC_ClearPendingIRQ
                0x000000000800f76c       0x20 Drivers/STM32L0xx_HAL_Driver/Src/stm32l0xx_hal_cortex.o
                0x000000000800f76c                HAL_NVIC_ClearPendingIRQ
 .text.HAL_DMA_Abort_IT
                0x000000000800f78c       0x90 Drivers/STM32L0xx_HAL_Driver/Src/stm32l0xx_hal_dma.o
                0x000000000800f78c                HAL_DMA_Abort_IT
 .text.HAL_GPIO_Init
                0x000000000800f81c      0x2fc Drivers/STM32L0xx_HAL_Driver/Src/stm32l0xx_hal_gpio.o
                0x000000000800f81c                HAL_GPIO_Init
 .text.HAL_GPIO_DeInit
                0x000000000800fb18      0x1c4 Drivers/STM32L0xx_HAL_Driver/Src/stm32l0xx_hal_gpio.o
                0x000000000800fb18                HAL_GPIO_DeInit
 .text.HAL_GPIO_ReadPin
                0x000000000800fcdc       0x3a Drivers/STM32L0xx_HAL_Driver/Src/stm32l0xx_hal_gpio.o
                0x000000000800fcdc                HAL_GPIO_ReadPin
 .text.HAL_GPIO_WritePin
                0x000000000800fd16       0x3a Drivers/STM32L0xx_HAL_Driver/Src/stm32l0xx_hal_gpio.o
                0x000000000800fd16                HAL_GPIO_WritePin
 .text.HAL_I2C_Init
                0x000000000800fd50      0x12c Drivers/STM32L0xx_HAL_Driver/Src/stm32l0xx_hal_i2c.o
                0x000000000800fd50                HAL_I2C_Init
 .text.HAL_I2C_Master_Transmit
                0x000000000800fe7c      0x210 Drivers/STM32L0xx_HAL_Driver/Src/stm32l0xx_hal_i2c.o
                0x000000000800fe7c                HAL_I2C_Master_Transmit
 .text.HAL_I2C_Master_Receive
                0x000000000801008c      0x210 Drivers/STM32L0xx_HAL_Driver/Src/stm32l0xx_hal_i2c.o
                0x000000000801008c                HAL_I2C_Master_Receive
 .text.I2C_Flush_TXDR
                0x000000000801029c       0x44 Drivers/STM32L0xx_HAL_Driver/Src/stm32l0xx_hal_i2c.o
 .text.I2C_WaitOnFlagUntilTimeout
                0x00000000080102e0       0x7e Drivers/STM32L0xx_HAL_Driver/Src/stm32l0xx_hal_i2c.o
 .text.I2C_WaitOnTXISFlagUntilTimeout
                0x000000000801035e       0x7e Drivers/STM32L0xx_HAL_Driver/Src/stm32l0xx_hal_i2c.o
 .text.I2C_WaitOnSTOPFlagUntilTimeout
                0x00000000080103dc       0x78 Drivers/STM32L0xx_HAL_Driver/Src/stm32l0xx_hal_i2c.o
 .text.I2C_WaitOnRXNEFlagUntilTimeout
                0x0000000008010454       0xd8 Drivers/STM32L0xx_HAL_Driver/Src/stm32l0xx_hal_i2c.o
 .text.I2C_IsAcknowledgeFailed
                0x000000000801052c       0xcc Drivers/STM32L0xx_HAL_Driver/Src/stm32l0xx_hal_i2c.o
 .text.I2C_TransferConfig
                0x00000000080105f8       0x6c Drivers/STM32L0xx_HAL_Driver/Src/stm32l0xx_hal_i2c.o
 .text.HAL_I2CEx_ConfigAnalogFilter
                0x0000000008010664       0x98 Drivers/STM32L0xx_HAL_Driver/Src/stm32l0xx_hal_i2c_ex.o
                0x0000000008010664                HAL_I2CEx_ConfigAnalogFilter
 .text.HAL_I2CEx_ConfigDigitalFilter
                0x00000000080106fc       0x98 Drivers/STM32L0xx_HAL_Driver/Src/stm32l0xx_hal_i2c_ex.o
                0x00000000080106fc                HAL_I2CEx_ConfigDigitalFilter
 .text.HAL_RCC_OscConfig
                0x0000000008010794      0x7a0 Drivers/STM32L0xx_HAL_Driver/Src/stm32l0xx_hal_rcc.o
                0x0000000008010794                HAL_RCC_OscConfig
 .text.HAL_RCC_ClockConfig
                0x0000000008010f34      0x254 Drivers/STM32L0xx_HAL_Driver/Src/stm32l0xx_hal_rcc.o
                0x0000000008010f34                HAL_RCC_ClockConfig
 .text.HAL_RCC_GetSysClockFreq
                0x0000000008011188      0x108 Drivers/STM32L0xx_HAL_Driver/Src/stm32l0xx_hal_rcc.o
                0x0000000008011188                HAL_RCC_GetSysClockFreq
 .text.HAL_RCC_GetHCLKFreq
                0x0000000008011290       0x14 Drivers/STM32L0xx_HAL_Driver/Src/stm32l0xx_hal_rcc.o
                0x0000000008011290                HAL_RCC_GetHCLKFreq
 .text.HAL_RCC_GetPCLK1Freq
                0x00000000080112a4       0x2c Drivers/STM32L0xx_HAL_Driver/Src/stm32l0xx_hal_rcc.o
                0x00000000080112a4                HAL_RCC_GetPCLK1Freq
 .text.HAL_RCC_GetPCLK2Freq
                0x00000000080112d0       0x2c Drivers/STM32L0xx_HAL_Driver/Src/stm32l0xx_hal_rcc.o
                0x00000000080112d0                HAL_RCC_GetPCLK2Freq
 .text.HAL_RCCEx_PeriphCLKConfig
                0x00000000080112fc      0x2e8 Drivers/STM32L0xx_HAL_Driver/Src/stm32l0xx_hal_rcc_ex.o
                0x00000000080112fc                HAL_RCCEx_PeriphCLKConfig
 .text.HAL_TIM_OC_Init
                0x00000000080115e4       0x58 Drivers/STM32L0xx_HAL_Driver/Src/stm32l0xx_hal_tim.o
                0x00000000080115e4                HAL_TIM_OC_Init
 .text.HAL_TIM_OC_DeInit
                0x000000000801163c       0x54 Drivers/STM32L0xx_HAL_Driver/Src/stm32l0xx_hal_tim.o
                0x000000000801163c                HAL_TIM_OC_DeInit
 .text.HAL_TIM_OC_Start_IT
                0x0000000008011690       0xa4 Drivers/STM32L0xx_HAL_Driver/Src/stm32l0xx_hal_tim.o
                0x0000000008011690                HAL_TIM_OC_Start_IT
 .text.HAL_TIM_OC_Stop_IT
                0x0000000008011734       0xa4 Drivers/STM32L0xx_HAL_Driver/Src/stm32l0xx_hal_tim.o
                0x0000000008011734                HAL_TIM_OC_Stop_IT
 .text.HAL_TIM_PWM_Init
                0x00000000080117d8       0x58 Drivers/STM32L0xx_HAL_Driver/Src/stm32l0xx_hal_tim.o
                0x00000000080117d8                HAL_TIM_PWM_Init
 .text.HAL_TIM_PWM_Start_IT
                0x0000000008011830       0xa4 Drivers/STM32L0xx_HAL_Driver/Src/stm32l0xx_hal_tim.o
                0x0000000008011830                HAL_TIM_PWM_Start_IT
 .text.HAL_TIM_IRQHandler
                0x00000000080118d4      0x1d0 Drivers/STM32L0xx_HAL_Driver/Src/stm32l0xx_hal_tim.o
                0x00000000080118d4                HAL_TIM_IRQHandler
 .text.HAL_TIM_OC_ConfigChannel
                0x0000000008011aa4       0x9c Drivers/STM32L0xx_HAL_Driver/Src/stm32l0xx_hal_tim.o
                0x0000000008011aa4                HAL_TIM_OC_ConfigChannel
 .text.HAL_TIM_PWM_ConfigChannel
                0x0000000008011b40      0x170 Drivers/STM32L0xx_HAL_Driver/Src/stm32l0xx_hal_tim.o
                0x0000000008011b40                HAL_TIM_PWM_ConfigChannel
 .text.HAL_TIM_PeriodElapsedCallback
                0x0000000008011cb0       0x10 Drivers/STM32L0xx_HAL_Driver/Src/stm32l0xx_hal_tim.o
                0x0000000008011cb0                HAL_TIM_PeriodElapsedCallback
 .text.HAL_TIM_IC_CaptureCallback
                0x0000000008011cc0       0x10 Drivers/STM32L0xx_HAL_Driver/Src/stm32l0xx_hal_tim.o
                0x0000000008011cc0                HAL_TIM_IC_CaptureCallback
 .text.HAL_TIM_PWM_PulseFinishedCallback
                0x0000000008011cd0       0x10 Drivers/STM32L0xx_HAL_Driver/Src/stm32l0xx_hal_tim.o
                0x0000000008011cd0                HAL_TIM_PWM_PulseFinishedCallback
 .text.HAL_TIM_TriggerCallback
                0x0000000008011ce0       0x10 Drivers/STM32L0xx_HAL_Driver/Src/stm32l0xx_hal_tim.o
                0x0000000008011ce0                HAL_TIM_TriggerCallback
 .text.TIM_Base_SetConfig
                0x0000000008011cf0       0xbc Drivers/STM32L0xx_HAL_Driver/Src/stm32l0xx_hal_tim.o
 .text.TIM_OC1_SetConfig
                0x0000000008011dac       0x78 Drivers/STM32L0xx_HAL_Driver/Src/stm32l0xx_hal_tim.o
 .text.TIM_OC2_SetConfig
                0x0000000008011e24       0x84 Drivers/STM32L0xx_HAL_Driver/Src/stm32l0xx_hal_tim.o
 .text.TIM_OC3_SetConfig
                0x0000000008011ea8       0x80 Drivers/STM32L0xx_HAL_Driver/Src/stm32l0xx_hal_tim.o
 .text.TIM_OC4_SetConfig
                0x0000000008011f28       0x8c Drivers/STM32L0xx_HAL_Driver/Src/stm32l0xx_hal_tim.o
 .text.TIM_CCxChannelCmd
                0x0000000008011fb4       0x46 Drivers/STM32L0xx_HAL_Driver/Src/stm32l0xx_hal_tim.o
 .text.HAL_TIMEx_MasterConfigSynchronization
                0x0000000008011ffa       0x86 Drivers/STM32L0xx_HAL_Driver/Src/stm32l0xx_hal_tim_ex.o
                0x0000000008011ffa                HAL_TIMEx_MasterConfigSynchronization
 .text.HAL_UART_Init
                0x0000000008012080       0xa8 Drivers/STM32L0xx_HAL_Driver/Src/stm32l0xx_hal_uart.o
                0x0000000008012080                HAL_UART_Init
 .text.HAL_UART_Transmit
                0x0000000008012128      0x14e Drivers/STM32L0xx_HAL_Driver/Src/stm32l0xx_hal_uart.o
                0x0000000008012128                HAL_UART_Transmit
 *fill*         0x0000000008012276        0x2 
 .text.HAL_UART_Receive_IT
                0x0000000008012278      0x170 Drivers/STM32L0xx_HAL_Driver/Src/stm32l0xx_hal_uart.o
                0x0000000008012278                HAL_UART_Receive_IT
 .text.HAL_UART_IRQHandler
                0x00000000080123e8      0x24c Drivers/STM32L0xx_HAL_Driver/Src/stm32l0xx_hal_uart.o
                0x00000000080123e8                HAL_UART_IRQHandler
 .text.HAL_UART_TxCpltCallback
                0x0000000008012634       0x10 Drivers/STM32L0xx_HAL_Driver/Src/stm32l0xx_hal_uart.o
                0x0000000008012634                HAL_UART_TxCpltCallback
 .text.HAL_UART_ErrorCallback
                0x0000000008012644       0x10 Drivers/STM32L0xx_HAL_Driver/Src/stm32l0xx_hal_uart.o
                0x0000000008012644                HAL_UART_ErrorCallback
 .text.UART_SetConfig
                0x0000000008012654      0x668 Drivers/STM32L0xx_HAL_Driver/Src/stm32l0xx_hal_uart.o
                0x0000000008012654                UART_SetConfig
 .text.UART_AdvFeatureConfig
                0x0000000008012cbc      0x168 Drivers/STM32L0xx_HAL_Driver/Src/stm32l0xx_hal_uart.o
                0x0000000008012cbc                UART_AdvFeatureConfig
 .text.UART_CheckIdleState
                0x0000000008012e24       0x8c Drivers/STM32L0xx_HAL_Driver/Src/stm32l0xx_hal_uart.o
                0x0000000008012e24                UART_CheckIdleState
 .text.UART_WaitOnFlagUntilTimeout
                0x0000000008012eb0       0x94 Drivers/STM32L0xx_HAL_Driver/Src/stm32l0xx_hal_uart.o
                0x0000000008012eb0                UART_WaitOnFlagUntilTimeout
 .text.UART_EndRxTransfer
                0x0000000008012f44       0x40 Drivers/STM32L0xx_HAL_Driver/Src/stm32l0xx_hal_uart.o
 .text.UART_DMAAbortOnError
                0x0000000008012f84       0x2e Drivers/STM32L0xx_HAL_Driver/Src/stm32l0xx_hal_uart.o
 .text.UART_EndTransmit_IT
                0x0000000008012fb2       0x34 Drivers/STM32L0xx_HAL_Driver/Src/stm32l0xx_hal_uart.o
 *fill*         0x0000000008012fe6        0x2 
 .text.UART_RxISR_8BIT
                0x0000000008012fe8       0xbc Drivers/STM32L0xx_HAL_Driver/Src/stm32l0xx_hal_uart.o
 .text.UART_RxISR_16BIT
                0x00000000080130a4       0xbc Drivers/STM32L0xx_HAL_Driver/Src/stm32l0xx_hal_uart.o
 .text.HAL_UARTEx_WakeupCallback
                0x0000000008013160       0x10 Drivers/STM32L0xx_HAL_Driver/Src/stm32l0xx_hal_uart_ex.o
                0x0000000008013160                HAL_UARTEx_WakeupCallback
 .text.__errno  0x0000000008013170        0xc c:/st/stm32cubeide_1.4.0/stm32cubeide/plugins/com.st.stm32cube.ide.mcu.externaltools.gnu-tools-for-stm32.7-2018-q2-update.win32_1.4.0.202007081208/tools/bin/../lib/gcc/arm-none-eabi/7.3.1/../../../../arm-none-eabi/lib/thumb/v6-m\libc_nano.a(lib_a-errno.o)
                0x0000000008013170                __errno
 .text.__libc_init_array
                0x000000000801317c       0x48 c:/st/stm32cubeide_1.4.0/stm32cubeide/plugins/com.st.stm32cube.ide.mcu.externaltools.gnu-tools-for-stm32.7-2018-q2-update.win32_1.4.0.202007081208/tools/bin/../lib/gcc/arm-none-eabi/7.3.1/../../../../arm-none-eabi/lib/thumb/v6-m\libc_nano.a(lib_a-init.o)
                0x000000000801317c                __libc_init_array
 .text.memcpy   0x00000000080131c4       0x12 c:/st/stm32cubeide_1.4.0/stm32cubeide/plugins/com.st.stm32cube.ide.mcu.externaltools.gnu-tools-for-stm32.7-2018-q2-update.win32_1.4.0.202007081208/tools/bin/../lib/gcc/arm-none-eabi/7.3.1/../../../../arm-none-eabi/lib/thumb/v6-m\libc_nano.a(lib_a-memcpy-stub.o)
                0x00000000080131c4                memcpy