stspin220.c:202:13:Stspin220_GetMotorHandle	8	static
stspin220.c:212:6:Stspin220_Init	16	static
stspin220.c:240:10:Stspin220_ReadId	8	static
stspin220.c:253:6:Stspin220_AttachErrorHandler	16	static
stspin220.c:268:6:Stspin220_AttachFlagInterrupt	16	static
stspin220.c:277:9:Stspin220_CheckStatusHw	8	static
stspin220.c:294:6:Stspin220_Disable	16	static
stspin220.c:304:6:Stspin220_Enable	16	static
stspin220.c:314:6:Stspin220_ErrorHandler	16	static
stspin220.c:334:6:Stspin220_ExitDeviceFromStandby	24	static
stspin220.c:368:10:Stspin220_GetAcceleration	16	static
stspin220.c:378:10:Stspin220_GetCurrentSpeed	16	static
stspin220.c:388:10:Stspin220_GetDeceleration	16	static
stspin220.c:398:14:Stspin220_GetDeviceState	16	static
stspin220.c:408:12:Stspin220_GetDirection	16	static
stspin220.c:417:10:Stspin220_GetFwVersion	8	static
stspin220.c:427:9:Stspin220_GetMark	16	static
stspin220.c:437:10:Stspin220_GetMaxSpeed	16	static
stspin220.c:447:10:Stspin220_GetMinSpeed	16	static
stspin220.c:456:9:Stspin220_GetNbDevices	8	static
stspin220.c:466:9:Stspin220_GetPosition	16	static
stspin220.c:476:17:Stspin220_GetStepMode	16	static
stspin220.c:486:17:Stspin220_GetStopMode	16	static
stspin220.c:498:9:Stspin220_GetTorque	24	static
stspin220.c:529:6:Stspin220_GetTorqueBoostEnable	16	static
stspin220.c:540:10:Stspin220_GetTorqueBoostThreshold	16	static
stspin220.c:550:6:Stspin220_GoHome	16	static
stspin220.c:562:6:Stspin220_GoMark	16	static
stspin220.c:586:6:Stspin220_GoTo	24	static
stspin220.c:665:6:Stspin220_GoToDir	16	static
stspin220.c:728:6:Stspin220_HardHiZ	16	static
stspin220.c:769:6:Stspin220_HardStop	16	static
stspin220.c:815:6:Stspin220_Move	16	static
stspin220.c:850:6:Stspin220_PutDeviceInStandby	16	static
stspin220.c:868:6:Stspin220_Run	16	static
stspin220.c:896:6:Stspin220_SetAcceleration	24	static
stspin220.c:917:6:Stspin220_SetDeceleration	24	static
stspin220.c:939:6:Stspin220_SetDirection	16	static
stspin220.c:970:6:Stspin220_SetHome	16	static
stspin220.c:992:6:Stspin220_SetMark	16	static
stspin220.c:1005:6:Stspin220_SetMaxSpeed	32	static
stspin220.c:1030:6:Stspin220_SetMinSpeed	24	static
stspin220.c:1051:6:Stspin220_SetNbDevices	16	static
stspin220.c:1072:6:Stspin220_SetStepMode	16	static
stspin220.c:1101:6:Stspin220_SetStopMode	16	static
stspin220.c:1114:6:Stspin220_SetTorque	24	static
stspin220.c:1150:6:Stspin220_SetTorqueBoostEnable	16	static
stspin220.c:1162:6:Stspin220_SetTorqueBoostThreshold	16	static
stspin220.c:1174:6:Stspin220_SoftStop	24	static
stspin220.c:1191:10:Stspin220_VrefPwmGetFreq	16	static
stspin220.c:1203:6:Stspin220_VrefPwmSetFreq	16	static
stspin220.c:1214:6:Stspin220_WaitWhileActive	16	static
stspin220.c:1234:6:Stspin220_ApplySpeed	16	static
stspin220.c:1301:6:Stspin220_ApplyTorque	24	static
stspin220.c:1342:6:Stspin220_ComputeSpeedProfile	40	static
stspin220.c:1397:6:Stspin220_FlagInterruptHandler	8	static
stspin220.c:1410:6:Stspin220_SetDeviceParamsOtherValues	16	static
stspin220.c:1440:6:Stspin220_SetDeviceParamsToGivenValues	16	static
stspin220.c:1470:6:Stspin220_SetDeviceParamsToPredefinedValues	8	static
stspin220.c:1502:6:Stspin220_SetStepModeWithoutReset	16	static
stspin220.c:1567:6:Stspin220_StartMovement	16	static
stspin220.c:1602:6:Stspin220_StepClockHandler	64	static
