main.c:128:6:HAL_UART_RxCpltCallback	16	static
main.c:173:5:main	24	static
main.c:257:6:SystemClock_Config	136	static
main.c:304:6:BloqueMotor	32	static
main.c:377:6:MyMotorInit	16	static
main.c:456:6:EnableMotors	16	static
main.c:576:6:calib_motor	16	static
main.c:646:6:calib_motor2	16	static
main.c:727:6:calib_motor3	16	static
main.c:804:6:calib_motor4	16	static
main.c:883:6:calib_motor5	16	static
main.c:958:6:calib_motor6	16	static
main.c:1026:6:stopMotor	8	static
main.c:1037:6:sensorsTest	120	static
main.c:1086:6:MyFlagInterruptHandler	8	static
main.c:1096:6:MyErrorHandler	16	static
main.c:1111:6:ButtonHandler	8	static
main.c:1129:6:Error_Handler	8	static
