main.c:128:6:HAL_UART_RxCpltCallback	16	static
main.c:173:5:main	24	static
main.c:257:6:SystemClock_Config	136	static
main.c:304:6:BloqueMotor	32	static
main.c:425:6:MyMotorInit	16	static
main.c:504:6:EnableMotors	16	static
main.c:624:6:calib_motor	16	static
main.c:694:6:calib_motor2	16	static
main.c:775:6:calib_motor3	16	static
main.c:852:6:calib_motor4	16	static
main.c:931:6:calib_motor5	16	static
main.c:1006:6:calib_motor6	16	static
main.c:1074:6:stopMotor	8	static
main.c:1085:6:sensorsTest	120	static
main.c:1134:6:MyFlagInterruptHandler	8	static
main.c:1144:6:MyErrorHandler	16	static
main.c:1159:6:ButtonHandler	8	static
main.c:1177:6:Error_Handler	8	static
