vl53l0x_api.c:53:15:VL53L0X_GetVersion	24	static
vl53l0x_api.c:68:15:VL53L0X_GetPalSpecVersion	24	static
vl53l0x_api.c:84:15:VL53L0X_GetProductRevision	48	static
vl53l0x_api.c:102:15:VL53L0X_GetDeviceInfo	32	static
vl53l0x_api.c:114:15:VL53L0X_GetDeviceErrorStatus	40	static
vl53l0x_api.c:132:15:VL53L0X_GetDeviceErrorString	32	static
vl53l0x_api.c:145:15:VL53L0X_GetRangeStatusString	32	static
vl53l0x_api.c:158:15:VL53L0X_GetPalErrorString	32	static
vl53l0x_api.c:170:15:VL53L0X_GetPalStateString	32	static
vl53l0x_api.c:182:15:VL53L0X_GetPalState	24	static
vl53l0x_api.c:193:15:VL53L0X_SetPowerMode	32	static
vl53l0x_api.c:228:15:VL53L0X_GetPowerMode	32	static
vl53l0x_api.c:251:15:VL53L0X_SetOffsetCalibrationDataMicroMeter	32	static
vl53l0x_api.c:264:15:VL53L0X_GetOffsetCalibrationDataMicroMeter	32	static
vl53l0x_api.c:277:15:VL53L0X_SetLinearityCorrectiveGain	32	static
vl53l0x_api.c:300:15:VL53L0X_GetLinearityCorrectiveGain	24	static
vl53l0x_api.c:312:15:VL53L0X_SetGroupParamHold	24	static
vl53l0x_api.c:323:15:VL53L0X_GetUpperLimitMilliMeter	24	static
vl53l0x_api.c:335:15:VL53L0X_GetTotalSignalRate	64	static
vl53l0x_api.c:355:15:VL53L0X_SetDeviceAddress	32	static
vl53l0x_api.c:367:15:VL53L0X_DataInit	104	static
vl53l0x_api.c:508:15:VL53L0X_SetTuningSettingBuffer	32	static
vl53l0x_api.c:535:15:VL53L0X_GetTuningSettingBuffer	32	static
vl53l0x_api.c:550:15:VL53L0X_StaticInit	136	static
vl53l0x_api.c:729:15:VL53L0X_WaitDeviceBooted	24	static
vl53l0x_api.c:740:15:VL53L0X_ResetDevice	32	static
vl53l0x_api.c:785:15:VL53L0X_SetDeviceParameters	32	static
vl53l0x_api.c:836:15:VL53L0X_GetDeviceParameters	32	static
vl53l0x_api.c:900:15:VL53L0X_SetDeviceMode	24	static
vl53l0x_api.c:924:15:VL53L0X_GetDeviceMode	24	static
vl53l0x_api.c:936:15:VL53L0X_SetRangeFractionEnable	32	static
vl53l0x_api.c:951:15:VL53L0X_GetFractionEnable	32	static
vl53l0x_api.c:965:15:VL53L0X_SetHistogramMode	24	static
vl53l0x_api.c:977:15:VL53L0X_GetHistogramMode	24	static
vl53l0x_api.c:989:15:VL53L0X_SetMeasurementTimingBudgetMicroSeconds	32	static
vl53l0x_api.c:1003:15:VL53L0X_GetMeasurementTimingBudgetMicroSeconds	32	static
vl53l0x_api.c:1016:15:VL53L0X_SetVcselPulsePeriod	32	static
vl53l0x_api.c:1029:15:VL53L0X_GetVcselPulsePeriod	40	static
vl53l0x_api.c:1042:15:VL53L0X_SetSequenceStepEnable	48	static
vl53l0x_api.c:1131:15:sequence_step_enabled	40	static
vl53l0x_api.c:1163:15:VL53L0X_GetSequenceStepEnable	40	static
vl53l0x_api.c:1182:15:VL53L0X_GetSequenceStepEnables	32	static
vl53l0x_api.c:1222:15:VL53L0X_GetNumberOfSequenceSteps	24	static
vl53l0x_api.c:1234:15:VL53L0X_GetSequenceStepsInfo	32	static
vl53l0x_api.c:1249:15:VL53L0X_SetSequenceStepTimeout	48	static
vl53l0x_api.c:1303:15:VL53L0X_GetSequenceStepTimeout	40	static
vl53l0x_api.c:1322:15:VL53L0X_SetInterMeasurementPeriodMilliSeconds	40	static
vl53l0x_api.c:1358:15:VL53L0X_GetInterMeasurementPeriodMilliSeconds	32	static
vl53l0x_api.c:1390:15:VL53L0X_SetXTalkCompensationEnable	32	static
vl53l0x_api.c:1428:15:VL53L0X_GetXTalkCompensationEnable	24	static
vl53l0x_api.c:1442:15:VL53L0X_SetXTalkCompensationRateMegaCps	32	static
vl53l0x_api.c:1480:15:VL53L0X_GetXTalkCompensationRateMegaCps	40	static
vl53l0x_api.c:1513:15:VL53L0X_SetRefCalibration	32	static
vl53l0x_api.c:1525:15:VL53L0X_GetRefCalibration	40	static
vl53l0x_api.c:1541:15:VL53L0X_GetNumberOfLimitCheck	24	static
vl53l0x_api.c:1552:15:VL53L0X_GetLimitCheckInfo	40	static
vl53l0x_api.c:1566:15:VL53L0X_GetLimitCheckStatus	40	static
vl53l0x_api.c:1589:15:VL53L0X_SetLimitCheckEnable	40	static
vl53l0x_api.c:1692:15:VL53L0X_GetLimitCheckEnable	40	static
vl53l0x_api.c:1713:15:VL53L0X_SetLimitCheckValue	40	static
vl53l0x_api.c:1790:15:VL53L0X_GetLimitCheckValue	48	static
vl53l0x_api.c:1881:15:VL53L0X_GetLimitCheckCurrent	64	static
vl53l0x_api.c:1955:15:VL53L0X_SetWrapAroundCheckEnable	32	static
vl53l0x_api.c:1987:15:VL53L0X_GetWrapAroundCheckEnable	32	static
vl53l0x_api.c:2012:15:VL53L0X_SetDmaxCalParameters	32	static
vl53l0x_api.c:2046:15:VL53L0X_GetDmaxCalParameters	32	static
vl53l0x_api.c:2064:15:VL53L0X_PerformSingleMeasurement	32	static
vl53l0x_api.c:2095:15:VL53L0X_PerformSingleHistogramMeasurement	24	static
vl53l0x_api.c:2107:15:VL53L0X_PerformRefCalibration	40	static
vl53l0x_api.c:2120:15:VL53L0X_PerformXTalkMeasurement	32	static
vl53l0x_api.c:2133:15:VL53L0X_PerformXTalkCalibration	40	static
vl53l0x_api.c:2147:15:VL53L0X_PerformOffsetCalibration	40	static
vl53l0x_api.c:2160:15:VL53L0X_CheckAndLoadInterruptSettings	40	static
vl53l0x_api.c:2206:15:VL53L0X_StartMeasurement	48	static
vl53l0x_api.c:2289:15:VL53L0X_StopMeasurement	32	static
vl53l0x_api.c:2316:15:VL53L0X_GetMeasurementDataReady	32	static
vl53l0x_api.c:2351:15:VL53L0X_WaitDeviceReadyForNewMeasurement	24	static
vl53l0x_api.c:2364:15:VL53L0X_GetRangingMeasurementData	104	static
vl53l0x_api.c:2519:15:VL53L0X_GetMeasurementRefSignal	32	static
vl53l0x_api.c:2539:15:VL53L0X_GetHistogramMeasurementData	24	static
vl53l0x_api.c:2549:15:VL53L0X_PerformSingleRangingMeasurement	32	static
vl53l0x_api.c:2577:15:VL53L0X_SetNumberOfROIZones	24	static
vl53l0x_api.c:2592:15:VL53L0X_GetNumberOfROIZones	24	static
vl53l0x_api.c:2605:15:VL53L0X_GetMaxNumberOfROIZones	24	static
vl53l0x_api.c:2620:15:VL53L0X_SetGpioConfig	32	static
vl53l0x_api.c:2715:15:VL53L0X_GetGpioConfig	40	static
vl53l0x_api.c:2786:15:VL53L0X_SetInterruptThresholds	40	static
vl53l0x_api.c:2810:15:VL53L0X_GetInterruptThresholds	48	static
vl53l0x_api.c:2836:15:VL53L0X_GetStopCompletedStatus	32	static
vl53l0x_api.c:2869:15:VL53L0X_ClearInterruptMask	32	static
vl53l0x_api.c:2898:15:VL53L0X_GetInterruptMaskStatus	32	static
vl53l0x_api.c:2915:15:VL53L0X_EnableInterruptMask	24	static
vl53l0x_api.c:2930:15:VL53L0X_SetSpadAmbientDamperThreshold	32	static
vl53l0x_api.c:2944:15:VL53L0X_GetSpadAmbientDamperThreshold	32	static
vl53l0x_api.c:2958:15:VL53L0X_SetSpadAmbientDamperFactor	40	static
vl53l0x_api.c:2975:15:VL53L0X_GetSpadAmbientDamperFactor	32	static
vl53l0x_api.c:2997:15:VL53L0X_SetReferenceSpads	40	static
vl53l0x_api.c:3010:15:VL53L0X_GetReferenceSpads	40	static
vl53l0x_api.c:3023:15:VL53L0X_PerformRefSpadManagement	40	static
