x_nucleo_ihm06a1_stm32l0xx.c:153:6:Stspin220_Board_Delay	16	static
x_nucleo_ihm06a1_stm32l0xx.c:162:6:Stspin220_Board_DisableIrq	8	static,ignoring_inline_asm
x_nucleo_ihm06a1_stm32l0xx.c:171:6:Stspin220_Board_EnableIrq	8	static,ignoring_inline_asm
x_nucleo_ihm06a1_stm32l0xx.c:180:6:Stspin220_Board_GpioInit	48	static
x_nucleo_ihm06a1_stm32l0xx.c:240:6:Stspin220_Board_TimStckStart	8	static
x_nucleo_ihm06a1_stm32l0xx.c:287:6:Stspin220_Board_TimStckCompareInit	8	static
x_nucleo_ihm06a1_stm32l0xx.c:298:6:Stspin220_Board_TimStckSetFreq	16	static
x_nucleo_ihm06a1_stm32l0xx.c:311:6:Stspin220_Board_PwmRefStart	8	static
x_nucleo_ihm06a1_stm32l0xx.c:324:6:Stspin220_Board_PwmRefSetFreqAndDutyCycle	32	static
x_nucleo_ihm06a1_stm32l0xx.c:345:6:Stspin220_Board_PwmRefInit	48	static
x_nucleo_ihm06a1_stm32l0xx.c:375:6:Stspin220_Board_TimStckInit	48	static
x_nucleo_ihm06a1_stm32l0xx.c:415:6:Stspin220_Board_TimStckDeInit	8	static
x_nucleo_ihm06a1_stm32l0xx.c:425:9:Stspin220_Board_TimStckStop	16	static,ignoring_inline_asm
x_nucleo_ihm06a1_stm32l0xx.c:454:6:Stspin220_Board_PwmRefStop	8	static
x_nucleo_ihm06a1_stm32l0xx.c:463:6:Stspin220_Board_ReleaseReset	8	static
x_nucleo_ihm06a1_stm32l0xx.c:474:6:Stspin220_Board_Reset	8	static
x_nucleo_ihm06a1_stm32l0xx.c:486:6:Stspin220_Board_SetDirectionGpio	16	static
x_nucleo_ihm06a1_stm32l0xx.c:498:6:Stspin220_Board_Disable	32	static,ignoring_inline_asm
x_nucleo_ihm06a1_stm32l0xx.c:520:6:Stspin220_Board_Enable	32	static
x_nucleo_ihm06a1_stm32l0xx.c:543:10:Stspin220_Board_EN_AND_FAULT_PIN_GetState	8	static
x_nucleo_ihm06a1_stm32l0xx.c:556:9:Stspin220_Board_SetModePins	48	static
x_nucleo_ihm06a1_stm32l0xx.c:629:6:Stspin220_Board_SetFullStep	8	static
x_nucleo_ihm06a1_stm32l0xx.c:643:6:Stspin220_Board_UnsetFullStep	8	static
